
Optional file libmchp_peripheral.a not found

Optional file libmchp_peripheral_32MX340F512H.a not found
Archive member included because of file (symbol)

/Applications/microchip/xc32/v1.43/bin/bin/../../lib/gcc/pic32mx/4.8.3/../../../../pic32mx/lib/libpic32.a(memcpy.o)
                              build/default/debug/i2c.o (memcpy)
/Applications/microchip/xc32/v1.43/bin/bin/../../lib/gcc/pic32mx/4.8.3/../../../../pic32mx/lib/libpic32.a(default-bootstrap-exception-handler.o)
                              /Applications/microchip/xc32/v1.43/bin/bin/../../lib/gcc/pic32mx/4.8.3/../../../../pic32mx/lib/./proc/32MX340F512H/crt0_mips32r2.o (_bootstrap_exception_handler)
/Applications/microchip/xc32/v1.43/bin/bin/../../lib/gcc/pic32mx/4.8.3/../../../../pic32mx/lib/libpic32.a(default-on-reset.o)
                              /Applications/microchip/xc32/v1.43/bin/bin/../../lib/gcc/pic32mx/4.8.3/../../../../pic32mx/lib/./proc/32MX340F512H/crt0_mips32r2.o (_on_reset)
/Applications/microchip/xc32/v1.43/bin/bin/../../lib/gcc/pic32mx/4.8.3/../../../../pic32mx/lib/libpic32.a(default-on-bootstrap.o)
                              /Applications/microchip/xc32/v1.43/bin/bin/../../lib/gcc/pic32mx/4.8.3/../../../../pic32mx/lib/./proc/32MX340F512H/crt0_mips32r2.o (_on_bootstrap)
/Applications/microchip/xc32/v1.43/bin/bin/../../lib/gcc/pic32mx/4.8.3/../../../../pic32mx/lib/libpic32.a(default-nmi-handler.o)
                              /Applications/microchip/xc32/v1.43/bin/bin/../../lib/gcc/pic32mx/4.8.3/../../../../pic32mx/lib/./proc/32MX340F512H/crt0_mips32r2.o (_nmi_handler)
/Applications/microchip/xc32/v1.43/bin/bin/../../lib/gcc/pic32mx/4.8.3/../../../../pic32mx/lib/libpic32.a(general-exception.o)
                              /Applications/microchip/xc32/v1.43/bin/bin/../../lib/gcc/pic32mx/4.8.3/../../../../pic32mx/lib/./proc/32MX340F512H/crt0_mips32r2.o (_general_exception_context)
/Applications/microchip/xc32/v1.43/bin/bin/../../lib/gcc/pic32mx/4.8.3/../../../../pic32mx/lib/libpic32.a(vector0.o)
                              /Applications/microchip/xc32/v1.43/bin/bin/../../lib/gcc/pic32mx/4.8.3/../../../../pic32mx/lib/./proc/32MX340F512H/default_isr_vectors.o (__vector_dispatch_0)
/Applications/microchip/xc32/v1.43/bin/bin/../../lib/gcc/pic32mx/4.8.3/../../../../pic32mx/lib/libpic32.a(vector1.o)
                              /Applications/microchip/xc32/v1.43/bin/bin/../../lib/gcc/pic32mx/4.8.3/../../../../pic32mx/lib/./proc/32MX340F512H/default_isr_vectors.o (__vector_dispatch_1)
/Applications/microchip/xc32/v1.43/bin/bin/../../lib/gcc/pic32mx/4.8.3/../../../../pic32mx/lib/libpic32.a(vector2.o)
                              /Applications/microchip/xc32/v1.43/bin/bin/../../lib/gcc/pic32mx/4.8.3/../../../../pic32mx/lib/./proc/32MX340F512H/default_isr_vectors.o (__vector_dispatch_2)
/Applications/microchip/xc32/v1.43/bin/bin/../../lib/gcc/pic32mx/4.8.3/../../../../pic32mx/lib/libpic32.a(vector3.o)
                              /Applications/microchip/xc32/v1.43/bin/bin/../../lib/gcc/pic32mx/4.8.3/../../../../pic32mx/lib/./proc/32MX340F512H/default_isr_vectors.o (__vector_dispatch_3)
/Applications/microchip/xc32/v1.43/bin/bin/../../lib/gcc/pic32mx/4.8.3/../../../../pic32mx/lib/libpic32.a(vector5.o)
                              /Applications/microchip/xc32/v1.43/bin/bin/../../lib/gcc/pic32mx/4.8.3/../../../../pic32mx/lib/./proc/32MX340F512H/default_isr_vectors.o (__vector_dispatch_5)
/Applications/microchip/xc32/v1.43/bin/bin/../../lib/gcc/pic32mx/4.8.3/../../../../pic32mx/lib/libpic32.a(vector6.o)
                              /Applications/microchip/xc32/v1.43/bin/bin/../../lib/gcc/pic32mx/4.8.3/../../../../pic32mx/lib/./proc/32MX340F512H/default_isr_vectors.o (__vector_dispatch_6)
/Applications/microchip/xc32/v1.43/bin/bin/../../lib/gcc/pic32mx/4.8.3/../../../../pic32mx/lib/libpic32.a(vector7.o)
                              /Applications/microchip/xc32/v1.43/bin/bin/../../lib/gcc/pic32mx/4.8.3/../../../../pic32mx/lib/./proc/32MX340F512H/default_isr_vectors.o (__vector_dispatch_7)
/Applications/microchip/xc32/v1.43/bin/bin/../../lib/gcc/pic32mx/4.8.3/../../../../pic32mx/lib/libpic32.a(vector9.o)
                              /Applications/microchip/xc32/v1.43/bin/bin/../../lib/gcc/pic32mx/4.8.3/../../../../pic32mx/lib/./proc/32MX340F512H/default_isr_vectors.o (__vector_dispatch_9)
/Applications/microchip/xc32/v1.43/bin/bin/../../lib/gcc/pic32mx/4.8.3/../../../../pic32mx/lib/libpic32.a(vector10.o)
                              /Applications/microchip/xc32/v1.43/bin/bin/../../lib/gcc/pic32mx/4.8.3/../../../../pic32mx/lib/./proc/32MX340F512H/default_isr_vectors.o (__vector_dispatch_10)
/Applications/microchip/xc32/v1.43/bin/bin/../../lib/gcc/pic32mx/4.8.3/../../../../pic32mx/lib/libpic32.a(vector11.o)
                              /Applications/microchip/xc32/v1.43/bin/bin/../../lib/gcc/pic32mx/4.8.3/../../../../pic32mx/lib/./proc/32MX340F512H/default_isr_vectors.o (__vector_dispatch_11)
[...]
Memory Configuration

Name             Origin             Length             Attributes
kseg0_data_mem   0x80000000         0x00000200
kseg1_data_mem   0xa0000000         0x00008000         w !x
kseg0_boot_mem   0x9fc00490         0x00000970
kseg1_boot_mem   0xbfc00000         0x00000490
kseg0_program_mem 0x9d000000         0x00080000         xr
exception_mem    0x9fc01000         0x00001000
debug_exec_mem   0xbfc02000         0x00000ff0
config3          0xbfc02ff0         0x00000004
config2          0xbfc02ff4         0x00000004
config1          0xbfc02ff8         0x00000004
config0          0xbfc02ffc         0x00000004
sfrs             0xbf800000         0x00100000
configsfrs       0xbfc02ff0         0x00000010
*default*        0x00000000         0xffffffff

Linker script and memory map


reserve_data_0_kseg0
                0x80000000      0x200
                0x80000000        0x2 SHORT 0x0
                0x000001fd                . = 0x1fd
 *fill*         0x80000002      0x1fb 
                0x80000200                . = ALIGN (0x4)
 *fill*         0x800001fd        0x3 

reserve_data_0_kseg1
                0xa0000000      0x200
                0xa0000000        0x2 SHORT 0x0
                0x000001fd                . = 0x1fd
 *fill*         0xa0000002      0x1fb 
                0xa0000200                . = ALIGN (0x4)
 *fill*         0xa00001fd        0x3 

reserve_boot_0x1fc02000_kseg0
                0x9fc02000      0xff0
                0x9fc02000        0x2 SHORT 0x0
                0x00000500                . = 0x500
 *fill*         0x9fc02002      0x4fe 
                0x9fc02500                . = ALIGN (0x4)
                0x9fc02500        0x2 SHORT 0x0
                0x00000ff0                . = 0xff0
 *fill*         0x9fc02502      0xaee 
                0x9fc02ff0                . = ALIGN (0x4)

reserve_boot_0x1fc02000_kseg1
                0xbfc02000      0xff0
                0xbfc02000        0x2 SHORT 0x0
                0x00000500                . = 0x500
 *fill*         0xbfc02002      0x4fe 
                0xbfc02500                . = ALIGN (0x4)
                0xbfc02500        0x2 SHORT 0x0
                0x00000ff0                . = 0xff0
 *fill*         0xbfc02502      0xaee 
                0xbfc02ff0                . = ALIGN (0x4)
LOAD /Applications/microchip/xc32/v1.43/bin/bin/../../lib/gcc/pic32mx/4.8.3/../../../../pic32mx/lib/./proc/32MX340F512H/crt0_mips32r2.o
LOAD /Applications/microchip/xc32/v1.43/bin/bin/../../lib/gcc/pic32mx/4.8.3/../../../../pic32mx/lib/software-debug-break.o
LOAD build/default/debug/spi.o
LOAD build/default/debug/ShiftRegister.o
LOAD build/default/debug/i2c.o
LOAD build/default/debug/lcd.o
LOAD build/default/debug/midi.o
LOAD build/default/debug/buzzer.o
LOAD build/default/debug/audio.o
LOAD build/default/debug/music.o
LOAD build/default/debug/sdcard.o
LOAD build/default/debug/xformat.o
LOAD build/default/debug/pragma.o
LOAD build/default/debug/main.o
LOAD build/default/debug/timer1.o
LOAD build/default/debug/events.o
LOAD build/default/debug/timer5.o
LOAD build/default/debug/timer4.o
LOAD build/default/debug/smartlibc.o
LOAD build/default/debug/run_config.o
LOAD build/default/debug/run_simon.o
LOAD build/default/debug/run_learn.o
LOAD build/default/debug/run_free.o
                0x00000001                __MPLAB_BUILD = 0x1
                0x00000001                __MPLAB_DEBUG = 0x1
                0x00000001                __DEBUG = 0x1
                0x00000001                __MPLAB_DEBUGGER_ICD3 = 0x1
LOAD /Applications/microchip/xc32/v1.43/bin/bin/../../lib/gcc/pic32mx/4.8.3/../../../../pic32mx/lib/./proc/32MX340F512H/default_isr_vectors.o
LOAD /Applications/microchip/xc32/v1.43/bin/bin/../../lib/gcc/pic32mx/4.8.3/../../../../pic32mx/lib/pic32_software_reset.o
                0x00000400                PROVIDE (_min_stack_size, 0x400)
LOAD /Applications/microchip/xc32/v1.43/bin/bin/../../lib/gcc/pic32mx/4.8.3/../../../../pic32mx/lib/./proc/32MX340F512H/processor.o
START GROUP
LOAD libmchp_peripheral.a
END GROUP
START GROUP
LOAD libmchp_peripheral_32MX340F512H.a
END GROUP
                0x00000001                PROVIDE (_vector_spacing, 0x1)
                0x9fc01000                PROVIDE (_ebase_address, 0x9fc01000)
                0xbfc00000                _RESET_ADDR = 0xbfc00000
                0xbfc00380                _BEV_EXCPT_ADDR = 0xbfc00380
                0xbfc00480                _DBG_EXCPT_ADDR = 0xbfc00480
                0xbfc02000                _DBG_CODE_ADDR = 0xbfc02000
                0x00000ff0                _DBG_CODE_SIZE = 0xff0
                0x9fc01180                _GEN_EXCPT_ADDR = (_ebase_address + 0x180)

.config_BFC02FF0
 *(.config_BFC02FF0)

.config_BFC02FF4
                0xbfc02ff4        0x4
 *(.config_BFC02FF4)
 .config_BFC02FF4
                0xbfc02ff4        0x4 build/default/debug/pragma.o

.config_BFC02FF8
                0xbfc02ff8        0x4
 *(.config_BFC02FF8)
 .config_BFC02FF8
                0xbfc02ff8        0x4 build/default/debug/pragma.o

.config_BFC02FFC
                0xbfc02ffc        0x4
 *(.config_BFC02FFC)
 .config_BFC02FFC
                0xbfc02ffc        0x4 build/default/debug/pragma.o
                0xbfc02000                PROVIDE (_DBG_CODE_ADDR, 0xbfc02000)
                0x00000ff0                PROVIDE (_DBG_CODE_SIZE, 0xff0)

.reset          0xbfc00000      0x208
 *(.reset)
 .reset         0xbfc00000        0x8 /Applications/microchip/xc32/v1.43/bin/bin/../../lib/gcc/pic32mx/4.8.3/../../../../pic32mx/lib/./proc/32MX340F512H/crt0_mips32r2.o
                0xbfc00000                _reset
 *(.reset.startup)
 .reset.startup
                0xbfc00008      0x200 /Applications/microchip/xc32/v1.43/bin/bin/../../lib/gcc/pic32mx/4.8.3/../../../../pic32mx/lib/./proc/32MX340F512H/crt0_mips32r2.o
                0xbfc00008                _startup

.bev_excpt      0xbfc00380       0x10
 *(.bev_handler)
 .bev_handler   0xbfc00380       0x10 /Applications/microchip/xc32/v1.43/bin/bin/../../lib/gcc/pic32mx/4.8.3/../../../../pic32mx/lib/./proc/32MX340F512H/crt0_mips32r2.o

.dbg_excpt      0xbfc00480        0x0
                0xbfc00480                . = (. + DEFINED (_DEBUGGER)?0x8:0x0)

.dbg_code       0xbfc02000        0x0
                0xbfc02000                . = (. + DEFINED (_DEBUGGER)?_DBG_CODE_SIZE:0x0)

.app_excpt      0x9fc01180       0x10
 *(.gen_handler)
 .gen_handler   0x9fc01180       0x10 /Applications/microchip/xc32/v1.43/bin/bin/../../lib/gcc/pic32mx/4.8.3/../../../../pic32mx/lib/./proc/32MX340F512H/crt0_mips32r2.o

.vector_0       0x9fc01200        0x8
 *(.vector_0)
 .vector_0      0x9fc01200        0x8 /Applications/microchip/xc32/v1.43/bin/bin/../../lib/gcc/pic32mx/4.8.3/../../../../pic32mx/lib/libpic32.a(vector0.o)
                0x9fc01200                __vector_dispatch_0
                0x00000001                ASSERT (((_vector_spacing == 0x0) || (SIZEOF (.vector_0) <= (_vector_spacing << 0x5))), function at exception vector 0 too large)

.vector_1       0x9fc01220        0x8
 *(.vector_1)
 .vector_1      0x9fc01220        0x8 /Applications/microchip/xc32/v1.43/bin/bin/../../lib/gcc/pic32mx/4.8.3/../../../../pic32mx/lib/libpic32.a(vector1.o)
                0x9fc01220                __vector_dispatch_1
                0x00000001                ASSERT (((_vector_spacing == 0x0) || (SIZEOF (.vector_1) <= (_vector_spacing << 0x5))), function at exception vector 1 too large)

.vector_2       0x9fc01240        0x8
 *(.vector_2)
 .vector_2      0x9fc01240        0x8 /Applications/microchip/xc32/v1.43/bin/bin/../../lib/gcc/pic32mx/4.8.3/../../../../pic32mx/lib/libpic32.a(vector2.o)
                0x9fc01240                __vector_dispatch_2
                0x00000001                ASSERT (((_vector_spacing == 0x0) || (SIZEOF (.vector_2) <= (_vector_spacing << 0x5))), function at exception vector 2 too large)

.vector_3       0x9fc01260        0x8
 *(.vector_3)
 .vector_3      0x9fc01260        0x8 /Applications/microchip/xc32/v1.43/bin/bin/../../lib/gcc/pic32mx/4.8.3/../../../../pic32mx/lib/libpic32.a(vector3.o)
                0x9fc01260                __vector_dispatch_3
                0x00000001                ASSERT (((_vector_spacing == 0x0) || (SIZEOF (.vector_3) <= (_vector_spacing << 0x5))), function at exception vector 3 too large)

.vector_4       0x9fc01280        0x8
 *(.vector_4)
 .vector_4      0x9fc01280        0x8 build/default/debug/timer1.o
                0x9fc01280                __vector_dispatch_4
                0x00000001                ASSERT (((_vector_spacing == 0x0) || (SIZEOF (.vector_4) <= (_vector_spacing << 0x5))), function at exception vector 4 too large)

.vector_5       0x9fc012a0        0x8
 *(.vector_5)
 .vector_5      0x9fc012a0        0x8 /Applications/microchip/xc32/v1.43/bin/bin/../../lib/gcc/pic32mx/4.8.3/../../../../pic32mx/lib/libpic32.a(vector5.o)
                0x9fc012a0                __vector_dispatch_5
                0x00000001                ASSERT (((_vector_spacing == 0x0) || (SIZEOF (.vector_5) <= (_vector_spacing << 0x5))), function at exception vector 5 too large)

.vector_6       0x9fc012c0        0x8
 *(.vector_6)
 .vector_6      0x9fc012c0        0x8 /Applications/microchip/xc32/v1.43/bin/bin/../../lib/gcc/pic32mx/4.8.3/../../../../pic32mx/lib/libpic32.a(vector6.o)
                0x9fc012c0                __vector_dispatch_6
                0x00000001                ASSERT (((_vector_spacing == 0x0) || (SIZEOF (.vector_6) <= (_vector_spacing << 0x5))), function at exception vector 6 too large)

.vector_7       0x9fc012e0        0x8
 *(.vector_7)
 .vector_7      0x9fc012e0        0x8 /Applications/microchip/xc32/v1.43/bin/bin/../../lib/gcc/pic32mx/4.8.3/../../../../pic32mx/lib/libpic32.a(vector7.o)
                0x9fc012e0                __vector_dispatch_7
                0x00000001                ASSERT (((_vector_spacing == 0x0) || (SIZEOF (.vector_7) <= (_vector_spacing << 0x5))), function at exception vector 7 too large)

.vector_8       0x9fc01300        0x8
 *(.vector_8)
 .vector_8      0x9fc01300        0x8 build/default/debug/buzzer.o
                0x9fc01300                __vector_dispatch_8
                0x00000001                ASSERT (((_vector_spacing == 0x0) || (SIZEOF (.vector_8) <= (_vector_spacing << 0x5))), function at exception vector 8 too large)

.vector_9       0x9fc01320        0x8
 *(.vector_9)
 .vector_9      0x9fc01320        0x8 /Applications/microchip/xc32/v1.43/bin/bin/../../lib/gcc/pic32mx/4.8.3/../../../../pic32mx/lib/libpic32.a(vector9.o)
                0x9fc01320                __vector_dispatch_9
                0x00000001                ASSERT (((_vector_spacing == 0x0) || (SIZEOF (.vector_9) <= (_vector_spacing << 0x5))), function at exception vector 9 too large)

.vector_10      0x9fc01340        0x8
 *(.vector_10)
 .vector_10     0x9fc01340        0x8 /Applications/microchip/xc32/v1.43/bin/bin/../../lib/gcc/pic32mx/4.8.3/../../../../pic32mx/lib/libpic32.a(vector10.o)
                0x9fc01340                __vector_dispatch_10
                0x00000001                ASSERT (((_vector_spacing == 0x0) || (SIZEOF (.vector_10) <= (_vector_spacing << 0x5))), function at exception vector 10 too large)

.vector_11      0x9fc01360        0x8
 *(.vector_11)
 .vector_11     0x9fc01360        0x8 /Applications/microchip/xc32/v1.43/bin/bin/../../lib/gcc/pic32mx/4.8.3/../../../../pic32mx/lib/libpic32.a(vector11.o)
                0x9fc01360                __vector_dispatch_11
                0x00000001                ASSERT (((_vector_spacing == 0x0) || (SIZEOF (.vector_11) <= (_vector_spacing << 0x5))), function at exception vector 11 too large)

.vector_12      0x9fc01380        0x8
 *(.vector_12)
 .vector_12     0x9fc01380        0x8 build/default/debug/music.o
                0x9fc01380                __vector_dispatch_12
                0x00000001                ASSERT (((_vector_spacing == 0x0) || (SIZEOF (.vector_12) <= (_vector_spacing << 0x5))), function at exception vector 12 too large)

.vector_13      0x9fc013a0        0x8
 *(.vector_13)
 .vector_13     0x9fc013a0        0x8 /Applications/microchip/xc32/v1.43/bin/bin/../../lib/gcc/pic32mx/4.8.3/../../../../pic32mx/lib/libpic32.a(vector13.o)
                0x9fc013a0                __vector_dispatch_13
                0x00000001                ASSERT (((_vector_spacing == 0x0) || (SIZEOF (.vector_13) <= (_vector_spacing << 0x5))), function at exception vector 13 too large)

.vector_14      0x9fc013c0        0x8
 *(.vector_14)
 .vector_14     0x9fc013c0        0x8 /Applications/microchip/xc32/v1.43/bin/bin/../../lib/gcc/pic32mx/4.8.3/../../../../pic32mx/lib/libpic32.a(vector14.o)
                0x9fc013c0                __vector_dispatch_14
                0x00000001                ASSERT (((_vector_spacing == 0x0) || (SIZEOF (.vector_14) <= (_vector_spacing << 0x5))), function at exception vector 14 too large)

.vector_15      0x9fc013e0        0x8
 *(.vector_15)
 .vector_15     0x9fc013e0        0x8 /Applications/microchip/xc32/v1.43/bin/bin/../../lib/gcc/pic32mx/4.8.3/../../../../pic32mx/lib/libpic32.a(vector15.o)
                0x9fc013e0                __vector_dispatch_15
                0x00000001                ASSERT (((_vector_spacing == 0x0) || (SIZEOF (.vector_15) <= (_vector_spacing << 0x5))), function at exception vector 15 too large)

.vector_16      0x9fc01400        0x8
 *(.vector_16)
 .vector_16     0x9fc01400        0x8 build/default/debug/timer4.o
                0x9fc01400                __vector_dispatch_16
                0x00000001                ASSERT (((_vector_spacing == 0x0) || (SIZEOF (.vector_16) <= (_vector_spacing << 0x5))), function at exception vector 16 too large)

.vector_17      0x9fc01420        0x8
 *(.vector_17)
 .vector_17     0x9fc01420        0x8 /Applications/microchip/xc32/v1.43/bin/bin/../../lib/gcc/pic32mx/4.8.3/../../../../pic32mx/lib/libpic32.a(vector17.o)
                0x9fc01420                __vector_dispatch_17
                0x00000001                ASSERT (((_vector_spacing == 0x0) || (SIZEOF (.vector_17) <= (_vector_spacing << 0x5))), function at exception vector 17 too large)

.vector_18      0x9fc01440        0x8
 *(.vector_18)
 .vector_18     0x9fc01440        0x8 /Applications/microchip/xc32/v1.43/bin/bin/../../lib/gcc/pic32mx/4.8.3/../../../../pic32mx/lib/libpic32.a(vector18.o)
                0x9fc01440                __vector_dispatch_18
                0x00000001                ASSERT (((_vector_spacing == 0x0) || (SIZEOF (.vector_18) <= (_vector_spacing << 0x5))), function at exception vector 18 too large)

.vector_19      0x9fc01460        0x8
 *(.vector_19)
 .vector_19     0x9fc01460        0x8 /Applications/microchip/xc32/v1.43/bin/bin/../../lib/gcc/pic32mx/4.8.3/../../../../pic32mx/lib/libpic32.a(vector19.o)
                0x9fc01460                __vector_dispatch_19
                0x00000001                ASSERT (((_vector_spacing == 0x0) || (SIZEOF (.vector_19) <= (_vector_spacing << 0x5))), function at exception vector 19 too large)

.vector_20      0x9fc01480        0x8
 *(.vector_20)
 .vector_20     0x9fc01480        0x8 build/default/debug/timer5.o
                0x9fc01480                __vector_dispatch_20
                0x00000001                ASSERT (((_vector_spacing == 0x0) || (SIZEOF (.vector_20) <= (_vector_spacing << 0x5))), function at exception vector 20 too large)

.vector_21      0x9fc014a0        0x8
 *(.vector_21)
 .vector_21     0x9fc014a0        0x8 /Applications/microchip/xc32/v1.43/bin/bin/../../lib/gcc/pic32mx/4.8.3/../../../../pic32mx/lib/libpic32.a(vector21.o)
                0x9fc014a0                __vector_dispatch_21
                0x00000001                ASSERT (((_vector_spacing == 0x0) || (SIZEOF (.vector_21) <= (_vector_spacing << 0x5))), function at exception vector 21 too large)

.vector_22      0x9fc014c0        0x8
 *(.vector_22)
 .vector_22     0x9fc014c0        0x8 /Applications/microchip/xc32/v1.43/bin/bin/../../lib/gcc/pic32mx/4.8.3/../../../../pic32mx/lib/libpic32.a(vector22.o)
                0x9fc014c0                __vector_dispatch_22
                0x00000001                ASSERT (((_vector_spacing == 0x0) || (SIZEOF (.vector_22) <= (_vector_spacing << 0x5))), function at exception vector 22 too large)

.vector_23      0x9fc014e0        0x8
 *(.vector_23)
 .vector_23     0x9fc014e0        0x8 build/default/debug/ShiftRegister.o
                0x9fc014e0                __vector_dispatch_23
                0x00000001                ASSERT (((_vector_spacing == 0x0) || (SIZEOF (.vector_23) <= (_vector_spacing << 0x5))), function at exception vector 23 too large)

.vector_24      0x9fc01500        0x8
 *(.vector_24)
 .vector_24     0x9fc01500        0x8 /Applications/microchip/xc32/v1.43/bin/bin/../../lib/gcc/pic32mx/4.8.3/../../../../pic32mx/lib/libpic32.a(vector24.o)
                0x9fc01500                __vector_dispatch_24
                0x00000001                ASSERT (((_vector_spacing == 0x0) || (SIZEOF (.vector_24) <= (_vector_spacing << 0x5))), function at exception vector 24 too large)

.vector_25      0x9fc01520        0x8
 *(.vector_25)
 .vector_25     0x9fc01520        0x8 build/default/debug/i2c.o
                0x9fc01520                __vector_dispatch_25
                0x00000001                ASSERT (((_vector_spacing == 0x0) || (SIZEOF (.vector_25) <= (_vector_spacing << 0x5))), function at exception vector 25 too large)

.vector_26      0x9fc01540        0x8
 *(.vector_26)
 .vector_26     0x9fc01540        0x8 /Applications/microchip/xc32/v1.43/bin/bin/../../lib/gcc/pic32mx/4.8.3/../../../../pic32mx/lib/libpic32.a(vector26.o)
                0x9fc01540                __vector_dispatch_26
                0x00000001                ASSERT (((_vector_spacing == 0x0) || (SIZEOF (.vector_26) <= (_vector_spacing << 0x5))), function at exception vector 26 too large)

.vector_27      0x9fc01560        0x8
 *(.vector_27)
 .vector_27     0x9fc01560        0x8 /Applications/microchip/xc32/v1.43/bin/bin/../../lib/gcc/pic32mx/4.8.3/../../../../pic32mx/lib/libpic32.a(vector27.o)
                0x9fc01560                __vector_dispatch_27
                0x00000001                ASSERT (((_vector_spacing == 0x0) || (SIZEOF (.vector_27) <= (_vector_spacing << 0x5))), function at exception vector 27 too large)

.vector_28      0x9fc01580        0x8
 *(.vector_28)
 .vector_28     0x9fc01580        0x8 /Applications/microchip/xc32/v1.43/bin/bin/../../lib/gcc/pic32mx/4.8.3/../../../../pic32mx/lib/libpic32.a(vector28.o)
                0x9fc01580                __vector_dispatch_28
                0x00000001                ASSERT (((_vector_spacing == 0x0) || (SIZEOF (.vector_28) <= (_vector_spacing << 0x5))), function at exception vector 28 too large)

.vector_29      0x9fc015a0        0x8
 *(.vector_29)
 .vector_29     0x9fc015a0        0x8 /Applications/microchip/xc32/v1.43/bin/bin/../../lib/gcc/pic32mx/4.8.3/../../../../pic32mx/lib/libpic32.a(vector29.o)
                0x9fc015a0                __vector_dispatch_29
                0x00000001                ASSERT (((_vector_spacing == 0x0) || (SIZEOF (.vector_29) <= (_vector_spacing << 0x5))), function at exception vector 29 too large)

.vector_30      0x9fc015c0        0x8
 *(.vector_30)
 .vector_30     0x9fc015c0        0x8 /Applications/microchip/xc32/v1.43/bin/bin/../../lib/gcc/pic32mx/4.8.3/../../../../pic32mx/lib/libpic32.a(vector30.o)
                0x9fc015c0                __vector_dispatch_30
                0x00000001                ASSERT (((_vector_spacing == 0x0) || (SIZEOF (.vector_30) <= (_vector_spacing << 0x5))), function at exception vector 30 too large)

.vector_31      0x9fc015e0        0x8
 *(.vector_31)
 .vector_31     0x9fc015e0        0x8 /Applications/microchip/xc32/v1.43/bin/bin/../../lib/gcc/pic32mx/4.8.3/../../../../pic32mx/lib/libpic32.a(vector31.o)
                0x9fc015e0                __vector_dispatch_31
                0x00000001                ASSERT (((_vector_spacing == 0x0) || (SIZEOF (.vector_31) <= (_vector_spacing << 0x5))), function at exception vector 31 too large)

.vector_32      0x9fc01600        0x8
 *(.vector_32)
 .vector_32     0x9fc01600        0x8 build/default/debug/midi.o
                0x9fc01600                __vector_dispatch_32
                0x00000001                ASSERT (((_vector_spacing == 0x0) || (SIZEOF (.vector_32) <= (_vector_spacing << 0x5))), function at exception vector 32 too large)

.vector_33      0x9fc01620        0x8
 *(.vector_33)
 .vector_33     0x9fc01620        0x8 /Applications/microchip/xc32/v1.43/bin/bin/../../lib/gcc/pic32mx/4.8.3/../../../../pic32mx/lib/libpic32.a(vector33.o)
                0x9fc01620                __vector_dispatch_33
                0x00000001                ASSERT (((_vector_spacing == 0x0) || (SIZEOF (.vector_33) <= (_vector_spacing << 0x5))), function at exception vector 33 too large)

.vector_34      0x9fc01640        0x8
 *(.vector_34)
 .vector_34     0x9fc01640        0x8 /Applications/microchip/xc32/v1.43/bin/bin/../../lib/gcc/pic32mx/4.8.3/../../../../pic32mx/lib/libpic32.a(vector34.o)
                0x9fc01640                __vector_dispatch_34
                0x00000001                ASSERT (((_vector_spacing == 0x0) || (SIZEOF (.vector_34) <= (_vector_spacing << 0x5))), function at exception vector 34 too large)

.vector_35      0x9fc01660        0x8
 *(.vector_35)
 .vector_35     0x9fc01660        0x8 /Applications/microchip/xc32/v1.43/bin/bin/../../lib/gcc/pic32mx/4.8.3/../../../../pic32mx/lib/libpic32.a(vector35.o)
                0x9fc01660                __vector_dispatch_35
                0x00000001                ASSERT (((_vector_spacing == 0x0) || (SIZEOF (.vector_35) <= (_vector_spacing << 0x5))), function at exception vector 35 too large)

.vector_36      0x9fc01680        0x8
 *(.vector_36)
 .vector_36     0x9fc01680        0x8 /Applications/microchip/xc32/v1.43/bin/bin/../../lib/gcc/pic32mx/4.8.3/../../../../pic32mx/lib/libpic32.a(vector36.o)
                0x9fc01680                __vector_dispatch_36
                0x00000001                ASSERT (((_vector_spacing == 0x0) || (SIZEOF (.vector_36) <= (_vector_spacing << 0x5))), function at exception vector 36 too large)

.vector_37      0x9fc016a0        0x8
 *(.vector_37)
 .vector_37     0x9fc016a0        0x8 /Applications/microchip/xc32/v1.43/bin/bin/../../lib/gcc/pic32mx/4.8.3/../../../../pic32mx/lib/libpic32.a(vector37.o)
                0x9fc016a0                __vector_dispatch_37
                0x00000001                ASSERT (((_vector_spacing == 0x0) || (SIZEOF (.vector_37) <= (_vector_spacing << 0x5))), function at exception vector 37 too large)

.vector_38      0x9fc016c0        0x8
 *(.vector_38)
 .vector_38     0x9fc016c0        0x8 /Applications/microchip/xc32/v1.43/bin/bin/../../lib/gcc/pic32mx/4.8.3/../../../../pic32mx/lib/libpic32.a(vector38.o)
                0x9fc016c0                __vector_dispatch_38
                0x00000001                ASSERT (((_vector_spacing == 0x0) || (SIZEOF (.vector_38) <= (_vector_spacing << 0x5))), function at exception vector 38 too large)

.vector_39      0x9fc016e0        0x8
 *(.vector_39)
 .vector_39     0x9fc016e0        0x8 /Applications/microchip/xc32/v1.43/bin/bin/../../lib/gcc/pic32mx/4.8.3/../../../../pic32mx/lib/libpic32.a(vector39.o)
                0x9fc016e0                __vector_dispatch_39
                0x00000001                ASSERT (((_vector_spacing == 0x0) || (SIZEOF (.vector_39) <= (_vector_spacing << 0x5))), function at exception vector 39 too large)

.vector_40      0x9fc01700        0x8
 *(.vector_40)
 .vector_40     0x9fc01700        0x8 /Applications/microchip/xc32/v1.43/bin/bin/../../lib/gcc/pic32mx/4.8.3/../../../../pic32mx/lib/libpic32.a(vector40.o)
                0x9fc01700                __vector_dispatch_40
                0x00000001                ASSERT (((_vector_spacing == 0x0) || (SIZEOF (.vector_40) <= (_vector_spacing << 0x5))), function at exception vector 40 too large)

.vector_41      0x9fc01720        0x8
 *(.vector_41)
 .vector_41     0x9fc01720        0x8 /Applications/microchip/xc32/v1.43/bin/bin/../../lib/gcc/pic32mx/4.8.3/../../../../pic32mx/lib/libpic32.a(vector41.o)
                0x9fc01720                __vector_dispatch_41
                0x00000001                ASSERT (((_vector_spacing == 0x0) || (SIZEOF (.vector_41) <= (_vector_spacing << 0x5))), function at exception vector 41 too large)

.vector_42      0x9fc01740        0x8
 *(.vector_42)
 .vector_42     0x9fc01740        0x8 /Applications/microchip/xc32/v1.43/bin/bin/../../lib/gcc/pic32mx/4.8.3/../../../../pic32mx/lib/libpic32.a(vector42.o)
                0x9fc01740                __vector_dispatch_42
                0x00000001                ASSERT (((_vector_spacing == 0x0) || (SIZEOF (.vector_42) <= (_vector_spacing << 0x5))), function at exception vector 42 too large)

.vector_43      0x9fc01760        0x8
 *(.vector_43)
 .vector_43     0x9fc01760        0x8 /Applications/microchip/xc32/v1.43/bin/bin/../../lib/gcc/pic32mx/4.8.3/../../../../pic32mx/lib/libpic32.a(vector43.o)
                0x9fc01760                __vector_dispatch_43
                0x00000001                ASSERT (((_vector_spacing == 0x0) || (SIZEOF (.vector_43) <= (_vector_spacing << 0x5))), function at exception vector 43 too large)

.vector_44      0x9fc01780        0x8
 *(.vector_44)
 .vector_44     0x9fc01780        0x8 /Applications/microchip/xc32/v1.43/bin/bin/../../lib/gcc/pic32mx/4.8.3/../../../../pic32mx/lib/libpic32.a(vector44.o)
                0x9fc01780                __vector_dispatch_44
                0x00000001                ASSERT (((_vector_spacing == 0x0) || (SIZEOF (.vector_44) <= (_vector_spacing << 0x5))), function at exception vector 44 too large)

.vector_45      0x9fc017a0        0x0
 *(.vector_45)
                0x00000001                ASSERT (((_vector_spacing == 0x0) || (SIZEOF (.vector_45) <= (_vector_spacing << 0x5))), function at exception vector 45 too large)

.vector_46      0x9fc017c0        0x0
 *(.vector_46)
                0x00000001                ASSERT (((_vector_spacing == 0x0) || (SIZEOF (.vector_46) <= (_vector_spacing << 0x5))), function at exception vector 46 too large)

.vector_47      0x9fc017e0        0x0
 *(.vector_47)
                0x00000001                ASSERT (((_vector_spacing == 0x0) || (SIZEOF (.vector_47) <= (_vector_spacing << 0x5))), function at exception vector 47 too large)

.vector_48      0x9fc01800        0x0
 *(.vector_48)
                0x00000001                ASSERT (((_vector_spacing == 0x0) || (SIZEOF (.vector_48) <= (_vector_spacing << 0x5))), function at exception vector 48 too large)

.vector_49      0x9fc01820        0x0
 *(.vector_49)
                0x00000001                ASSERT (((_vector_spacing == 0x0) || (SIZEOF (.vector_49) <= (_vector_spacing << 0x5))), function at exception vector 49 too large)

.vector_50      0x9fc01840        0x0
 *(.vector_50)
                0x00000001                ASSERT (((_vector_spacing == 0x0) || (SIZEOF (.vector_50) <= (_vector_spacing << 0x5))), function at exception vector 50 too large)

.vector_51      0x9fc01860        0x0
 *(.vector_51)
                0x00000001                ASSERT (((_vector_spacing == 0x0) || (SIZEOF (.vector_51) <= (_vector_spacing << 0x5))), function at exception vector 51 too large)

.vector_52      0x9fc01880        0x0
 *(.vector_52)
                0x00000001                ASSERT (((_vector_spacing == 0x0) || (SIZEOF (.vector_52) <= (_vector_spacing << 0x5))), function at exception vector 52 too large)

.vector_53      0x9fc018a0        0x0
 *(.vector_53)
                0x00000001                ASSERT (((_vector_spacing == 0x0) || (SIZEOF (.vector_53) <= (_vector_spacing << 0x5))), function at exception vector 53 too large)

.vector_54      0x9fc018c0        0x0
 *(.vector_54)
                0x00000001                ASSERT (((_vector_spacing == 0x0) || (SIZEOF (.vector_54) <= (_vector_spacing << 0x5))), function at exception vector 54 too large)

.vector_55      0x9fc018e0        0x0
 *(.vector_55)
                0x00000001                ASSERT (((_vector_spacing == 0x0) || (SIZEOF (.vector_55) <= (_vector_spacing << 0x5))), function at exception vector 55 too large)

.vector_56      0x9fc01900        0x0
 *(.vector_56)
                0x00000001                ASSERT (((_vector_spacing == 0x0) || (SIZEOF (.vector_56) <= (_vector_spacing << 0x5))), function at exception vector 56 too large)

.vector_57      0x9fc01920        0x0
 *(.vector_57)
                0x00000001                ASSERT (((_vector_spacing == 0x0) || (SIZEOF (.vector_57) <= (_vector_spacing << 0x5))), function at exception vector 57 too large)

.vector_58      0x9fc01940        0x0
 *(.vector_58)
                0x00000001                ASSERT (((_vector_spacing == 0x0) || (SIZEOF (.vector_58) <= (_vector_spacing << 0x5))), function at exception vector 58 too large)

.vector_59      0x9fc01960        0x0
 *(.vector_59)
                0x00000001                ASSERT (((_vector_spacing == 0x0) || (SIZEOF (.vector_59) <= (_vector_spacing << 0x5))), function at exception vector 59 too large)

.vector_60      0x9fc01980        0x0
 *(.vector_60)
                0x00000001                ASSERT (((_vector_spacing == 0x0) || (SIZEOF (.vector_60) <= (_vector_spacing << 0x5))), function at exception vector 60 too large)

.vector_61      0x9fc019a0        0x0
 *(.vector_61)
                0x00000001                ASSERT (((_vector_spacing == 0x0) || (SIZEOF (.vector_61) <= (_vector_spacing << 0x5))), function at exception vector 61 too large)

.vector_62      0x9fc019c0        0x0
 *(.vector_62)
                0x00000001                ASSERT (((_vector_spacing == 0x0) || (SIZEOF (.vector_62) <= (_vector_spacing << 0x5))), function at exception vector 62 too large)

.vector_63      0x9fc019e0        0x0
 *(.vector_63)
                0x00000001                ASSERT (((_vector_spacing == 0x0) || (SIZEOF (.vector_63) <= (_vector_spacing << 0x5))), function at exception vector 63 too large)

.startup
 *(.startup)

.text           0x9d000000        0x0
 *(.stub .gnu.linkonce.t.*)
 *(.text.*personality*)
 *(.mips16.fn.*)
 *(.mips16.call.*)
 *(.gnu.warning)
                0x9d000000                . = ALIGN (0x4)

.init           0x9d000000        0x0
 *crti.o(.init)
 *crtbegin.o(.init)
 *(EXCLUDE_FILE(*crtn.o *crtend?.o *crtend.o) .init)
 *crtend.o(.init)
 *crtn.o(.init)
                0x9d000000                . = ALIGN (0x4)

.fini           0x9d000000        0x0
 *(.fini)
                0x9d000000                . = ALIGN (0x4)

.preinit_array  0x9d000000        0x0
                0x9d000000                PROVIDE (__preinit_array_start, .)
 *(.preinit_array)
                0x9d000000                PROVIDE (__preinit_array_end, .)
                0x9d000000                . = ALIGN (0x4)

.init_array     0x9d000000        0x0
                0x9d000000                PROVIDE (__init_array_start, .)
 *(SORT(.init_array.*))
 *(.init_array)
                0x9d000000                PROVIDE (__init_array_end, .)
                0x9d000000                . = ALIGN (0x4)

.fini_array     0x9d000000        0x0
                0x9d000000                PROVIDE (__fini_array_start, .)
 *(SORT(.fini_array.*))
 *(.fini_array)
                0x9d000000                PROVIDE (__fini_array_end, .)
                0x9d000000                . = ALIGN (0x4)

.ctors          0x9d000000        0x0
 *crtbegin.o(.ctors)
 *crtbegin?.o(.ctors)
 *(EXCLUDE_FILE(*crtend?.o *crtend.o) .ctors)
 *(SORT(.ctors.*))
 *(.ctors)
                0x9d000000                . = ALIGN (0x4)

.dtors          0x9d000000        0x0
 *crtbegin.o(.dtors)
 *crtbegin?.o(.dtors)
 *(EXCLUDE_FILE(*crtend?.o *crtend.o) .dtors)
 *(SORT(.dtors.*))
 *(.dtors)
                0x9d000000                . = ALIGN (0x4)

.rodata         0x9d000000        0x0
 *(.gnu.linkonce.r.*)
 *(.rodata1)
                0x9d000000                . = ALIGN (0x4)

.sdata2         0x9fc00490        0x0
 *(.sdata2 .sdata2.* .gnu.linkonce.s2.*)
                0x9fc00490                . = ALIGN (0x4)

.sbss2          0x9fc00490        0x0
 *(.sbss2 .sbss2.* .gnu.linkonce.sb2.*)
                0x9fc00490                . = ALIGN (0x4)

.eh_frame_hdr
 *(.eh_frame_hdr)
                0x9fc00490                . = ALIGN (0x4)

.eh_frame
 *(.eh_frame)
                0x9fc00490                . = ALIGN (0x4)

.gcc_except_table
 *(.gcc_except_table .gcc_except_table.*)
                0x9fc00490                . = ALIGN (0x4)

.dbg_data       0xa0000200        0x0
                0xa0000200                . = (. + DEFINED (_DEBUGGER)?0x200:0x0)

.jcr            0xa0000200        0x0
 *(.jcr)
                0xa0000200                . = ALIGN (0x4)

.eh_frame
 *(.eh_frame)
                0xa0000200                . = ALIGN (0x4)

.gcc_except_table
 *(.gcc_except_table .gcc_except_table.*)
                0xa0000200                . = ALIGN (0x4)

.persist        0xa0000200        0x0
                0xa0000200                _persist_begin = .
 *(.persist .persist.*)
 *(.pbss .pbss.*)
                0xa0000200                . = ALIGN (0x4)
                0xa0000200                _persist_end = .

.data           0xa0000200        0x0
 *(.gnu.linkonce.d.*)
 *(.data1)
                0xa0000200                . = ALIGN (0x4)
                0xa0000200                . = .
                0xa00081f0                _gp = (ALIGN (0x10) + 0x7ff0)

.got            0xa0000200        0x0
 *(.got.plt)
 *(.got)
                0xa0000200                . = ALIGN (0x4)

.sdata          0xa0000200        0x4
                0xa0000200                _sdata_begin = .
 *(.sdata .sdata.* .gnu.linkonce.s.*)
 .sdata         0xa0000200        0x1 build/default/debug/run_simon.o
                0xa0000204                . = ALIGN (0x4)
 *fill*         0xa0000201        0x3 
                0xa0000204                _sdata_end = .

.lit8
 *(.lit8)

.lit4
 *(.lit4)
                0xa0000204                . = ALIGN (0x4)
                0xa0000204                _data_end = .
                0xa0000204                _bss_begin = .

.sbss           0xa0000204       0x64
                0xa0000204                _sbss_begin = .
 *(.dynsbss)
 *(.sbss .sbss.* .gnu.linkonce.sb.*)
 .sbss          0xa0000204       0x18 build/default/debug/ShiftRegister.o
 .sbss          0xa000021c        0x8 build/default/debug/i2c.o
 .sbss          0xa0000224        0x2 build/default/debug/midi.o
 .sbss          0xa0000226        0x1 build/default/debug/audio.o
 *fill*         0xa0000227        0x1 
 .sbss          0xa0000228       0x10 build/default/debug/music.o
 .sbss          0xa0000238        0x1 build/default/debug/sdcard.o
 *fill*         0xa0000239        0x1 
 .sbss          0xa000023a        0x6 build/default/debug/xformat.o
 .sbss          0xa0000240        0xc build/default/debug/events.o
 .sbss          0xa000024c        0x4 build/default/debug/timer5.o
 .sbss          0xa0000250        0x4 build/default/debug/timer4.o
 .sbss          0xa0000254        0x1 build/default/debug/run_config.o
 *fill*         0xa0000255        0x3 
 .sbss          0xa0000258        0x8 build/default/debug/run_simon.o
 *(.scommon)
 .scommon       0xa0000260        0x8 build/default/debug/spi.o
                0xa0000260                g_led
                0xa0000264                g_switch
 .scommon       0xa0000268        0x0 build/default/debug/ShiftRegister.o
 .scommon       0xa0000268        0x0 build/default/debug/i2c.o
 .scommon       0xa0000268        0x0 build/default/debug/lcd.o
 .scommon       0xa0000268        0x0 build/default/debug/sdcard.o
 .scommon       0xa0000268        0x0 build/default/debug/main.o
 .scommon       0xa0000268        0x0 build/default/debug/timer1.o
 .scommon       0xa0000268        0x0 build/default/debug/timer5.o
 .scommon       0xa0000268        0x0 build/default/debug/timer4.o
 .scommon       0xa0000268        0x0 build/default/debug/run_config.o
 .scommon       0xa0000268        0x0 build/default/debug/run_simon.o
 .scommon       0xa0000268        0x0 build/default/debug/run_learn.o
 .scommon       0xa0000268        0x0 build/default/debug/run_free.o
                0xa0000268                _sbss_end = .
                0xa0000268                . = ALIGN (0x4)

.bss            0xa0000268        0x0
 *(.dynbss)
 *(COMMON)
                0xa0000268                . = ALIGN ((. != 0x0)?0x4:0x1)
                0xa0000268                . = ALIGN (0x4)
                0xa0000268                _end = .
                0xa0000268                _bss_end = .
                0x00008000                _bmxdudba_address = 0x8000
                0x00008000                _bmxdupba_address = 0x8000

/DISCARD/
 *(.pdr)
 *(.rel.dyn)
 *(.note.GNU-stack)
 *(.note.GNU-stack)
 *(.gnu_debuglink)
 *(.gnu.lto_*)
 *(.discard)

.gptab.sdata
 *(.gptab.data)
 *(.gptab.sdata)

.gptab.sbss
 *(.gptab.bss)
 *(.gptab.sbss)

.mdebug.abi32   0xa0000268        0x0
 *(.mdebug.abi32)
 .mdebug.abi32  0xa0000268        0x0 /Applications/microchip/xc32/v1.43/bin/bin/../../lib/gcc/pic32mx/4.8.3/../../../../pic32mx/lib/software-debug-break.o
 .mdebug.abi32  0xa0000268        0x0 build/default/debug/spi.o
 .mdebug.abi32  0xa0000268        0x0 build/default/debug/ShiftRegister.o
 .mdebug.abi32  0xa0000268        0x0 build/default/debug/i2c.o
 .mdebug.abi32  0xa0000268        0x0 build/default/debug/lcd.o
 .mdebug.abi32  0xa0000268        0x0 build/default/debug/midi.o
 .mdebug.abi32  0xa0000268        0x0 build/default/debug/buzzer.o
 .mdebug.abi32  0xa0000268        0x0 build/default/debug/audio.o
 .mdebug.abi32  0xa0000268        0x0 build/default/debug/music.o
 .mdebug.abi32  0xa0000268        0x0 build/default/debug/sdcard.o
 .mdebug.abi32  0xa0000268        0x0 build/default/debug/xformat.o
 .mdebug.abi32  0xa0000268        0x0 build/default/debug/pragma.o
 .mdebug.abi32  0xa0000268        0x0 build/default/debug/main.o
 .mdebug.abi32  0xa0000268        0x0 build/default/debug/timer1.o
 .mdebug.abi32  0xa0000268        0x0 build/default/debug/events.o
 .mdebug.abi32  0xa0000268        0x0 build/default/debug/timer5.o
 .mdebug.abi32  0xa0000268        0x0 build/default/debug/timer4.o
 .mdebug.abi32  0xa0000268        0x0 build/default/debug/smartlibc.o
 .mdebug.abi32  0xa0000268        0x0 build/default/debug/run_config.o
 .mdebug.abi32  0xa0000268        0x0 build/default/debug/run_simon.o
 .mdebug.abi32  0xa0000268        0x0 build/default/debug/run_learn.o
 .mdebug.abi32  0xa0000268        0x0 build/default/debug/run_free.o
 .mdebug.abi32  0xa0000268        0x0 /Applications/microchip/xc32/v1.43/bin/bin/../../lib/gcc/pic32mx/4.8.3/../../../../pic32mx/lib/libpic32.a(default-bootstrap-exception-handler.o)
 .mdebug.abi32  0xa0000268        0x0 /Applications/microchip/xc32/v1.43/bin/bin/../../lib/gcc/pic32mx/4.8.3/../../../../pic32mx/lib/libpic32.a(default-on-reset.o)
 .mdebug.abi32  0xa0000268        0x0 /Applications/microchip/xc32/v1.43/bin/bin/../../lib/gcc/pic32mx/4.8.3/../../../../pic32mx/lib/libpic32.a(default-on-bootstrap.o)
 .mdebug.abi32  0xa0000268        0x0 /Applications/microchip/xc32/v1.43/bin/bin/../../lib/gcc/pic32mx/4.8.3/../../../../pic32mx/lib/libpic32.a(default-general-exception-handler.o)
 .mdebug.abi32  0xa0000268        0x0 /Applications/microchip/xc32/v1.43/bin/bin/../../lib/gcc/pic32mx/4.8.3/../../../../pic32mx/lib/libpic32.a(defaultinterrupt.o)

.mdebug.abiN32
 *(.mdebug.abiN32)

.mdebug.abi64
 *(.mdebug.abi64)

.mdebug.abiO64
 *(.mdebug.abiO64)

.mdebug.eabi32
 *(.mdebug.eabi32)

.mdebug.eabi64
 *(.mdebug.eabi64)

.gcc_compiled_long32
 *(.gcc_compiled_long32)

.gcc_compiled_long64
 *(.gcc_compiled_long64)

.stab
 *(.stab)

.stabstr
 *(.stabstr)

.stab.excl
 *(.stab.excl)

.stab.exclstr
 *(.stab.exclstr)

.stab.index
 *(.stab.index)

.stab.indexstr
 *(.stab.indexstr)

.comment        0x00000000       0x3c
 *(.comment)
 .comment       0x00000000       0x3c /Applications/microchip/xc32/v1.43/bin/bin/../../lib/gcc/pic32mx/4.8.3/../../../../pic32mx/lib/software-debug-break.o
                                 0x3d (size before relaxing)
 .comment       0x00000000       0x3d build/default/debug/spi.o
 .comment       0x00000000       0x3d build/default/debug/ShiftRegister.o
 .comment       0x00000000       0x3d build/default/debug/i2c.o
 .comment       0x00000000       0x3d build/default/debug/lcd.o
 .comment       0x00000000       0x3d build/default/debug/midi.o
 .comment       0x00000000       0x3d build/default/debug/buzzer.o
 .comment       0x00000000       0x3d build/default/debug/audio.o
 .comment       0x00000000       0x3d build/default/debug/music.o
 .comment       0x00000000       0x3d build/default/debug/sdcard.o
 .comment       0x00000000       0x3d build/default/debug/xformat.o
 .comment       0x00000000       0x3d build/default/debug/pragma.o
 .comment       0x00000000       0x3d build/default/debug/main.o
 .comment       0x00000000       0x3d build/default/debug/timer1.o
 .comment       0x00000000       0x3d build/default/debug/events.o
 .comment       0x00000000       0x3d build/default/debug/timer5.o
 .comment       0x00000000       0x3d build/default/debug/timer4.o
 .comment       0x00000000       0x3d build/default/debug/smartlibc.o
 .comment       0x00000000       0x3d build/default/debug/run_config.o
 .comment       0x00000000       0x3d build/default/debug/run_simon.o
 .comment       0x00000000       0x3d build/default/debug/run_learn.o
 .comment       0x00000000       0x3d build/default/debug/run_free.o
 .comment       0x00000000       0x3d /Applications/microchip/xc32/v1.43/bin/bin/../../lib/gcc/pic32mx/4.8.3/../../../../pic32mx/lib/libpic32.a(default-bootstrap-exception-handler.o)
 .comment       0x00000000       0x3d /Applications/microchip/xc32/v1.43/bin/bin/../../lib/gcc/pic32mx/4.8.3/../../../../pic32mx/lib/libpic32.a(default-on-reset.o)
 .comment       0x00000000       0x3d /Applications/microchip/xc32/v1.43/bin/bin/../../lib/gcc/pic32mx/4.8.3/../../../../pic32mx/lib/libpic32.a(default-on-bootstrap.o)
 .comment       0x00000000       0x3d /Applications/microchip/xc32/v1.43/bin/bin/../../lib/gcc/pic32mx/4.8.3/../../../../pic32mx/lib/libpic32.a(default-general-exception-handler.o)
 .comment       0x00000000       0x3d /Applications/microchip/xc32/v1.43/bin/bin/../../lib/gcc/pic32mx/4.8.3/../../../../pic32mx/lib/libpic32.a(defaultinterrupt.o)

.debug
 *(.debug)

.line
 *(.line)

.debug_srcinfo
 *(.debug_srcinfo)

.debug_sfnames
 *(.debug_sfnames)

.debug_aranges  0x00000000      0x358
 *(.debug_aranges)
 .debug_aranges
                0x00000000       0x20 /Applications/microchip/xc32/v1.43/bin/bin/../../lib/gcc/pic32mx/4.8.3/../../../../pic32mx/lib/software-debug-break.o
 .debug_aranges
                0x00000020       0x20 build/default/debug/spi.o
 .debug_aranges
                0x00000040       0x20 build/default/debug/ShiftRegister.o
 .debug_aranges
                0x00000060       0x20 build/default/debug/i2c.o
 .debug_aranges
                0x00000080       0x20 build/default/debug/lcd.o
 .debug_aranges
                0x000000a0       0x20 build/default/debug/midi.o
 .debug_aranges
                0x000000c0       0x20 build/default/debug/buzzer.o
 .debug_aranges
                0x000000e0       0x20 build/default/debug/audio.o
 .debug_aranges
                0x00000100       0x20 build/default/debug/music.o
 .debug_aranges
                0x00000120       0x20 build/default/debug/sdcard.o
 .debug_aranges
                0x00000140       0x20 build/default/debug/xformat.o
 .debug_aranges
                0x00000160       0x18 build/default/debug/pragma.o
 .debug_aranges
                0x00000178       0x20 build/default/debug/main.o
 .debug_aranges
                0x00000198       0x20 build/default/debug/timer1.o
 .debug_aranges
                0x000001b8       0x20 build/default/debug/events.o
 .debug_aranges
                0x000001d8       0x20 build/default/debug/timer5.o
 .debug_aranges
                0x000001f8       0x20 build/default/debug/timer4.o
 .debug_aranges
                0x00000218       0x20 build/default/debug/smartlibc.o
 .debug_aranges
                0x00000238       0x20 build/default/debug/run_config.o
 .debug_aranges
                0x00000258       0x20 build/default/debug/run_simon.o
 .debug_aranges
                0x00000278       0x20 build/default/debug/run_learn.o
 .debug_aranges
                0x00000298       0x20 build/default/debug/run_free.o
 .debug_aranges
                0x000002b8       0x20 /Applications/microchip/xc32/v1.43/bin/bin/../../lib/gcc/pic32mx/4.8.3/../../../../pic32mx/lib/libpic32.a(default-bootstrap-exception-handler.o)
 .debug_aranges
                0x000002d8       0x20 /Applications/microchip/xc32/v1.43/bin/bin/../../lib/gcc/pic32mx/4.8.3/../../../../pic32mx/lib/libpic32.a(default-on-reset.o)
 .debug_aranges
                0x000002f8       0x20 /Applications/microchip/xc32/v1.43/bin/bin/../../lib/gcc/pic32mx/4.8.3/../../../../pic32mx/lib/libpic32.a(default-on-bootstrap.o)
 .debug_aranges
                0x00000318       0x20 /Applications/microchip/xc32/v1.43/bin/bin/../../lib/gcc/pic32mx/4.8.3/../../../../pic32mx/lib/libpic32.a(default-general-exception-handler.o)
 .debug_aranges
                0x00000338       0x20 /Applications/microchip/xc32/v1.43/bin/bin/../../lib/gcc/pic32mx/4.8.3/../../../../pic32mx/lib/libpic32.a(defaultinterrupt.o)

.debug_pubnames
 *(.debug_pubnames)

.debug_info     0x00000000     0xc042
 *(.debug_info .gnu.linkonce.wi.*)
 .debug_info    0x00000000       0xe4 /Applications/microchip/xc32/v1.43/bin/bin/../../lib/gcc/pic32mx/4.8.3/../../../../pic32mx/lib/software-debug-break.o
 .debug_info    0x000000e4      0xc5e build/default/debug/spi.o
 .debug_info    0x00000d42      0xa2a build/default/debug/ShiftRegister.o
 .debug_info    0x0000176c     0x1047 build/default/debug/i2c.o
 .debug_info    0x000027b3     0x1596 build/default/debug/lcd.o
 .debug_info    0x00003d49      0xd24 build/default/debug/midi.o
 .debug_info    0x00004a6d      0xc7b build/default/debug/buzzer.o
 .debug_info    0x000056e8      0x2c1 build/default/debug/audio.o
 .debug_info    0x000059a9      0xbfa build/default/debug/music.o
 .debug_info    0x000065a3     0x122e build/default/debug/sdcard.o
 .debug_info    0x000077d1      0x6a7 build/default/debug/xformat.o
 .debug_info    0x00007e78       0xa7 build/default/debug/pragma.o
 .debug_info    0x00007f1f      0x63c build/default/debug/main.o
 .debug_info    0x0000855b      0xa8b build/default/debug/timer1.o
 .debug_info    0x00008fe6      0x30a build/default/debug/events.o
 .debug_info    0x000092f0      0x9ca build/default/debug/timer5.o
 .debug_info    0x00009cba      0x9ea build/default/debug/timer4.o
 .debug_info    0x0000a6a4      0x156 build/default/debug/smartlibc.o
 .debug_info    0x0000a7fa      0x391 build/default/debug/run_config.o
 .debug_info    0x0000ab8b      0x70c build/default/debug/run_simon.o
 .debug_info    0x0000b297      0x55b build/default/debug/run_learn.o
 .debug_info    0x0000b7f2      0x3de build/default/debug/run_free.o
 .debug_info    0x0000bbd0       0xf5 /Applications/microchip/xc32/v1.43/bin/bin/../../lib/gcc/pic32mx/4.8.3/../../../../pic32mx/lib/libpic32.a(default-bootstrap-exception-handler.o)
 .debug_info    0x0000bcc5       0xce /Applications/microchip/xc32/v1.43/bin/bin/../../lib/gcc/pic32mx/4.8.3/../../../../pic32mx/lib/libpic32.a(default-on-reset.o)
 .debug_info    0x0000bd93       0xd6 /Applications/microchip/xc32/v1.43/bin/bin/../../lib/gcc/pic32mx/4.8.3/../../../../pic32mx/lib/libpic32.a(default-on-bootstrap.o)
 .debug_info    0x0000be69       0xf1 /Applications/microchip/xc32/v1.43/bin/bin/../../lib/gcc/pic32mx/4.8.3/../../../../pic32mx/lib/libpic32.a(default-general-exception-handler.o)
 .debug_info    0x0000bf5a       0xe8 /Applications/microchip/xc32/v1.43/bin/bin/../../lib/gcc/pic32mx/4.8.3/../../../../pic32mx/lib/libpic32.a(defaultinterrupt.o)

.debug_abbrev   0x00000000     0x1b62
 *(.debug_abbrev)
 .debug_abbrev  0x00000000       0x28 /Applications/microchip/xc32/v1.43/bin/bin/../../lib/gcc/pic32mx/4.8.3/../../../../pic32mx/lib/software-debug-break.o
 .debug_abbrev  0x00000028       0xd5 build/default/debug/spi.o
 .debug_abbrev  0x000000fd      0x17e build/default/debug/ShiftRegister.o
 .debug_abbrev  0x0000027b      0x1cd build/default/debug/i2c.o
 .debug_abbrev  0x00000448      0x1a4 build/default/debug/lcd.o
 .debug_abbrev  0x000005ec      0x1dc build/default/debug/midi.o
 .debug_abbrev  0x000007c8      0x131 build/default/debug/buzzer.o
 .debug_abbrev  0x000008f9      0x100 build/default/debug/audio.o
 .debug_abbrev  0x000009f9      0x1ae build/default/debug/music.o
 .debug_abbrev  0x00000ba7      0x1c8 build/default/debug/sdcard.o
 .debug_abbrev  0x00000d6f      0x15a build/default/debug/xformat.o
 .debug_abbrev  0x00000ec9       0x1b build/default/debug/pragma.o
 .debug_abbrev  0x00000ee4      0x164 build/default/debug/main.o
 .debug_abbrev  0x00001048      0x16f build/default/debug/timer1.o
 .debug_abbrev  0x000011b7       0xf4 build/default/debug/events.o
 .debug_abbrev  0x000012ab      0x133 build/default/debug/timer5.o
 .debug_abbrev  0x000013de      0x133 build/default/debug/timer4.o
 .debug_abbrev  0x00001511       0x8a build/default/debug/smartlibc.o
 .debug_abbrev  0x0000159b      0x137 build/default/debug/run_config.o
 .debug_abbrev  0x000016d2      0x167 build/default/debug/run_simon.o
 .debug_abbrev  0x00001839      0x138 build/default/debug/run_learn.o
 .debug_abbrev  0x00001971      0x129 build/default/debug/run_free.o
 .debug_abbrev  0x00001a9a       0x28 /Applications/microchip/xc32/v1.43/bin/bin/../../lib/gcc/pic32mx/4.8.3/../../../../pic32mx/lib/libpic32.a(default-bootstrap-exception-handler.o)
 .debug_abbrev  0x00001ac2       0x28 /Applications/microchip/xc32/v1.43/bin/bin/../../lib/gcc/pic32mx/4.8.3/../../../../pic32mx/lib/libpic32.a(default-on-reset.o)
 .debug_abbrev  0x00001aea       0x28 /Applications/microchip/xc32/v1.43/bin/bin/../../lib/gcc/pic32mx/4.8.3/../../../../pic32mx/lib/libpic32.a(default-on-bootstrap.o)
 .debug_abbrev  0x00001b12       0x28 /Applications/microchip/xc32/v1.43/bin/bin/../../lib/gcc/pic32mx/4.8.3/../../../../pic32mx/lib/libpic32.a(default-general-exception-handler.o)
 .debug_abbrev  0x00001b3a       0x28 /Applications/microchip/xc32/v1.43/bin/bin/../../lib/gcc/pic32mx/4.8.3/../../../../pic32mx/lib/libpic32.a(defaultinterrupt.o)

.debug_line     0x00000000     0x17f4
 *(.debug_line)
 .debug_line    0x00000000       0x9a /Applications/microchip/xc32/v1.43/bin/bin/../../lib/gcc/pic32mx/4.8.3/../../../../pic32mx/lib/software-debug-break.o
 .debug_line    0x0000009a       0xe7 build/default/debug/spi.o
 .debug_line    0x00000181      0x126 build/default/debug/ShiftRegister.o
 .debug_line    0x000002a7      0x142 build/default/debug/i2c.o
 .debug_line    0x000003e9      0x1d3 build/default/debug/lcd.o
 .debug_line    0x000005bc      0x129 build/default/debug/midi.o
 .debug_line    0x000006e5       0xe4 build/default/debug/buzzer.o
 .debug_line    0x000007c9       0xaa build/default/debug/audio.o
 .debug_line    0x00000873      0x132 build/default/debug/music.o
 .debug_line    0x000009a5      0x163 build/default/debug/sdcard.o
 .debug_line    0x00000b08      0x156 build/default/debug/xformat.o
 .debug_line    0x00000c5e       0x1d build/default/debug/pragma.o
 .debug_line    0x00000c7b      0x104 build/default/debug/main.o
 .debug_line    0x00000d7f       0xe2 build/default/debug/timer1.o
 .debug_line    0x00000e61       0xba build/default/debug/events.o
 .debug_line    0x00000f1b       0xee build/default/debug/timer5.o
 .debug_line    0x00001009       0xf0 build/default/debug/timer4.o
 .debug_line    0x000010f9       0x7e build/default/debug/smartlibc.o
 .debug_line    0x00001177       0xa9 build/default/debug/run_config.o
 .debug_line    0x00001220      0x130 build/default/debug/run_simon.o
 .debug_line    0x00001350       0xc5 build/default/debug/run_learn.o
 .debug_line    0x00001415       0xc1 build/default/debug/run_free.o
 .debug_line    0x000014d6       0xa7 /Applications/microchip/xc32/v1.43/bin/bin/../../lib/gcc/pic32mx/4.8.3/../../../../pic32mx/lib/libpic32.a(default-bootstrap-exception-handler.o)
 .debug_line    0x0000157d       0x94 /Applications/microchip/xc32/v1.43/bin/bin/../../lib/gcc/pic32mx/4.8.3/../../../../pic32mx/lib/libpic32.a(default-on-reset.o)
 .debug_line    0x00001611       0x98 /Applications/microchip/xc32/v1.43/bin/bin/../../lib/gcc/pic32mx/4.8.3/../../../../pic32mx/lib/libpic32.a(default-on-bootstrap.o)
 .debug_line    0x000016a9       0xa5 /Applications/microchip/xc32/v1.43/bin/bin/../../lib/gcc/pic32mx/4.8.3/../../../../pic32mx/lib/libpic32.a(default-general-exception-handler.o)
 .debug_line    0x0000174e       0xa6 /Applications/microchip/xc32/v1.43/bin/bin/../../lib/gcc/pic32mx/4.8.3/../../../../pic32mx/lib/libpic32.a(defaultinterrupt.o)

.debug_frame    0x00000000     0x10e4
 *(.debug_frame)
 .debug_frame   0x00000000       0x20 /Applications/microchip/xc32/v1.43/bin/bin/../../lib/gcc/pic32mx/4.8.3/../../../../pic32mx/lib/software-debug-break.o
 .debug_frame   0x00000020       0x30 build/default/debug/spi.o
 .debug_frame   0x00000050      0x13c build/default/debug/ShiftRegister.o
 .debug_frame   0x0000018c      0x164 build/default/debug/i2c.o
 .debug_frame   0x000002f0      0x170 build/default/debug/lcd.o
 .debug_frame   0x00000460      0x16c build/default/debug/midi.o
 .debug_frame   0x000005cc       0x94 build/default/debug/buzzer.o
 .debug_frame   0x00000660       0xa8 build/default/debug/audio.o
 .debug_frame   0x00000708      0x19c build/default/debug/music.o
 .debug_frame   0x000008a4       0xf4 build/default/debug/sdcard.o
 .debug_frame   0x00000998      0x164 build/default/debug/xformat.o
 .debug_frame   0x00000afc       0x4c build/default/debug/main.o
 .debug_frame   0x00000b48       0x8c build/default/debug/timer1.o
 .debug_frame   0x00000bd4       0xbc build/default/debug/events.o
 .debug_frame   0x00000c90       0xc4 build/default/debug/timer5.o
 .debug_frame   0x00000d54       0xc8 build/default/debug/timer4.o
 .debug_frame   0x00000e1c       0x30 build/default/debug/smartlibc.o
 .debug_frame   0x00000e4c       0x50 build/default/debug/run_config.o
 .debug_frame   0x00000e9c       0xd0 build/default/debug/run_simon.o
 .debug_frame   0x00000f6c       0x50 build/default/debug/run_learn.o
 .debug_frame   0x00000fbc       0x70 build/default/debug/run_free.o
 .debug_frame   0x0000102c       0x2c /Applications/microchip/xc32/v1.43/bin/bin/../../lib/gcc/pic32mx/4.8.3/../../../../pic32mx/lib/libpic32.a(default-bootstrap-exception-handler.o)
 .debug_frame   0x00001058       0x20 /Applications/microchip/xc32/v1.43/bin/bin/../../lib/gcc/pic32mx/4.8.3/../../../../pic32mx/lib/libpic32.a(default-on-reset.o)
 .debug_frame   0x00001078       0x20 /Applications/microchip/xc32/v1.43/bin/bin/../../lib/gcc/pic32mx/4.8.3/../../../../pic32mx/lib/libpic32.a(default-on-bootstrap.o)
 .debug_frame   0x00001098       0x2c /Applications/microchip/xc32/v1.43/bin/bin/../../lib/gcc/pic32mx/4.8.3/../../../../pic32mx/lib/libpic32.a(default-general-exception-handler.o)
 .debug_frame   0x000010c4       0x20 /Applications/microchip/xc32/v1.43/bin/bin/../../lib/gcc/pic32mx/4.8.3/../../../../pic32mx/lib/libpic32.a(defaultinterrupt.o)

.debug_str      0x00000000      0x1ad
 *(.debug_str)
 .debug_str     0x00000000        0x0 /Applications/microchip/xc32/v1.43/bin/bin/../../lib/gcc/pic32mx/4.8.3/../../../../pic32mx/lib/software-debug-break.o
 .debug_str     0x00000000        0x0 build/default/debug/spi.o
 .debug_str     0x00000000        0x0 build/default/debug/ShiftRegister.o
 .debug_str     0x00000000        0x0 build/default/debug/i2c.o
 .debug_str     0x00000000       0x24 build/default/debug/lcd.o
 .debug_str     0x00000024        0x9 build/default/debug/midi.o
 .debug_str     0x0000002d        0x0 build/default/debug/buzzer.o
 .debug_str     0x0000002d        0x0 build/default/debug/audio.o
 .debug_str     0x0000002d        0x0 build/default/debug/music.o
 .debug_str     0x0000002d        0xf build/default/debug/sdcard.o
 .debug_str     0x0000003c       0x1b build/default/debug/xformat.o
 .debug_str     0x00000057        0x0 build/default/debug/pragma.o
 .debug_str     0x00000057       0x87 build/default/debug/main.o
 .debug_str     0x000000de        0xb build/default/debug/timer1.o
 .debug_str     0x000000e9        0x0 build/default/debug/events.o
 .debug_str     0x000000e9        0x0 build/default/debug/timer5.o
 .debug_str     0x000000e9        0x0 build/default/debug/timer4.o
 .debug_str     0x000000e9        0x0 build/default/debug/smartlibc.o
 .debug_str     0x000000e9       0x2f build/default/debug/run_config.o
 .debug_str     0x00000118       0x5d build/default/debug/run_simon.o
 .debug_str     0x00000175       0x1a build/default/debug/run_learn.o
 .debug_str     0x0000018f       0x1e build/default/debug/run_free.o
 .debug_str     0x000001ad        0x0 /Applications/microchip/xc32/v1.43/bin/bin/../../lib/gcc/pic32mx/4.8.3/../../../../pic32mx/lib/libpic32.a(default-bootstrap-exception-handler.o)
 .debug_str     0x000001ad        0x0 /Applications/microchip/xc32/v1.43/bin/bin/../../lib/gcc/pic32mx/4.8.3/../../../../pic32mx/lib/libpic32.a(default-on-reset.o)
 .debug_str     0x000001ad        0x0 /Applications/microchip/xc32/v1.43/bin/bin/../../lib/gcc/pic32mx/4.8.3/../../../../pic32mx/lib/libpic32.a(default-on-bootstrap.o)
 .debug_str     0x000001ad        0x0 /Applications/microchip/xc32/v1.43/bin/bin/../../lib/gcc/pic32mx/4.8.3/../../../../pic32mx/lib/libpic32.a(default-general-exception-handler.o)
 .debug_str     0x000001ad        0x0 /Applications/microchip/xc32/v1.43/bin/bin/../../lib/gcc/pic32mx/4.8.3/../../../../pic32mx/lib/libpic32.a(defaultinterrupt.o)

.debug_loc      0x00000000     0x27eb
 *(.debug_loc)
 .debug_loc     0x00000000       0x6f build/default/debug/spi.o
 .debug_loc     0x0000006f      0x1c3 build/default/debug/ShiftRegister.o
 .debug_loc     0x00000232      0x353 build/default/debug/i2c.o
 .debug_loc     0x00000585      0x5fb build/default/debug/lcd.o
 .debug_loc     0x00000b80      0x2d5 build/default/debug/midi.o
 .debug_loc     0x00000e55      0x101 build/default/debug/buzzer.o
 .debug_loc     0x00000f56      0x139 build/default/debug/audio.o
 .debug_loc     0x0000108f      0x2e4 build/default/debug/music.o
 .debug_loc     0x00001373      0x3a4 build/default/debug/sdcard.o
 .debug_loc     0x00001717      0x5a6 build/default/debug/xformat.o
 .debug_loc     0x00001cbd       0x9a build/default/debug/main.o
 .debug_loc     0x00001d57       0x73 build/default/debug/timer1.o
 .debug_loc     0x00001dca      0x150 build/default/debug/events.o
 .debug_loc     0x00001f1a      0x10e build/default/debug/timer5.o
 .debug_loc     0x00002028      0x11a build/default/debug/timer4.o
 .debug_loc     0x00002142       0xa5 build/default/debug/smartlibc.o
 .debug_loc     0x000021e7       0xac build/default/debug/run_config.o
 .debug_loc     0x00002293      0x1da build/default/debug/run_simon.o
 .debug_loc     0x0000246d      0x19d build/default/debug/run_learn.o
 .debug_loc     0x0000260a      0x189 build/default/debug/run_free.o
 .debug_loc     0x00002793       0x2c /Applications/microchip/xc32/v1.43/bin/bin/../../lib/gcc/pic32mx/4.8.3/../../../../pic32mx/lib/libpic32.a(default-bootstrap-exception-handler.o)
 .debug_loc     0x000027bf       0x2c /Applications/microchip/xc32/v1.43/bin/bin/../../lib/gcc/pic32mx/4.8.3/../../../../pic32mx/lib/libpic32.a(default-general-exception-handler.o)

.debug_macinfo
 *(.debug_macinfo)

.debug_weaknames
 *(.debug_weaknames)

.debug_funcnames
 *(.debug_funcnames)

.debug_typenames
 *(.debug_typenames)

.debug_varnames
 *(.debug_varnames)

.debug_pubtypes
 *(.debug_pubtypes)

.debug_ranges   0x00000000       0x60
 *(.debug_ranges)
 .debug_ranges  0x00000000       0x10 /Applications/microchip/xc32/v1.43/bin/bin/../../lib/gcc/pic32mx/4.8.3/../../../../pic32mx/lib/software-debug-break.o
 .debug_ranges  0x00000010       0x10 /Applications/microchip/xc32/v1.43/bin/bin/../../lib/gcc/pic32mx/4.8.3/../../../../pic32mx/lib/libpic32.a(default-bootstrap-exception-handler.o)
 .debug_ranges  0x00000020       0x10 /Applications/microchip/xc32/v1.43/bin/bin/../../lib/gcc/pic32mx/4.8.3/../../../../pic32mx/lib/libpic32.a(default-on-reset.o)
 .debug_ranges  0x00000030       0x10 /Applications/microchip/xc32/v1.43/bin/bin/../../lib/gcc/pic32mx/4.8.3/../../../../pic32mx/lib/libpic32.a(default-on-bootstrap.o)
 .debug_ranges  0x00000040       0x10 /Applications/microchip/xc32/v1.43/bin/bin/../../lib/gcc/pic32mx/4.8.3/../../../../pic32mx/lib/libpic32.a(default-general-exception-handler.o)
 .debug_ranges  0x00000050       0x10 /Applications/microchip/xc32/v1.43/bin/bin/../../lib/gcc/pic32mx/4.8.3/../../../../pic32mx/lib/libpic32.a(defaultinterrupt.o)

.gnu.attributes
                0x00000000       0x10
 *(.gnu.attributes)
 .gnu.attributes
                0x00000000       0x10 /Applications/microchip/xc32/v1.43/bin/bin/../../lib/gcc/pic32mx/4.8.3/../../../../pic32mx/lib/software-debug-break.o
 .gnu.attributes
                0x00000010       0x10 build/default/debug/spi.o
 .gnu.attributes
                0x00000020       0x10 build/default/debug/ShiftRegister.o
 .gnu.attributes
                0x00000030       0x10 build/default/debug/i2c.o
 .gnu.attributes
                0x00000040       0x10 build/default/debug/lcd.o
 .gnu.attributes
                0x00000050       0x10 build/default/debug/midi.o
 .gnu.attributes
                0x00000060       0x10 build/default/debug/buzzer.o
 .gnu.attributes
                0x00000070       0x10 build/default/debug/audio.o
 .gnu.attributes
                0x00000080       0x10 build/default/debug/music.o
 .gnu.attributes
                0x00000090       0x10 build/default/debug/sdcard.o
 .gnu.attributes
                0x000000a0       0x10 build/default/debug/xformat.o
 .gnu.attributes
                0x000000b0       0x10 build/default/debug/pragma.o
 .gnu.attributes
                0x000000c0       0x10 build/default/debug/main.o
 .gnu.attributes
                0x000000d0       0x10 build/default/debug/timer1.o
 .gnu.attributes
                0x000000e0       0x10 build/default/debug/events.o
 .gnu.attributes
                0x000000f0       0x10 build/default/debug/timer5.o
 .gnu.attributes
                0x00000100       0x10 build/default/debug/timer4.o
 .gnu.attributes
                0x00000110       0x10 build/default/debug/smartlibc.o
 .gnu.attributes
                0x00000120       0x10 build/default/debug/run_config.o
 .gnu.attributes
                0x00000130       0x10 build/default/debug/run_simon.o
 .gnu.attributes
                0x00000140       0x10 build/default/debug/run_learn.o
 .gnu.attributes
                0x00000150       0x10 build/default/debug/run_free.o
 .gnu.attributes
                0x00000160       0x10 /Applications/microchip/xc32/v1.43/bin/bin/../../lib/gcc/pic32mx/4.8.3/../../../../pic32mx/lib/libpic32.a(default-bootstrap-exception-handler.o)
 .gnu.attributes
                0x00000170       0x10 /Applications/microchip/xc32/v1.43/bin/bin/../../lib/gcc/pic32mx/4.8.3/../../../../pic32mx/lib/libpic32.a(default-on-reset.o)
 .gnu.attributes
                0x00000180       0x10 /Applications/microchip/xc32/v1.43/bin/bin/../../lib/gcc/pic32mx/4.8.3/../../../../pic32mx/lib/libpic32.a(default-on-bootstrap.o)
 .gnu.attributes
                0x00000190       0x10 /Applications/microchip/xc32/v1.43/bin/bin/../../lib/gcc/pic32mx/4.8.3/../../../../pic32mx/lib/libpic32.a(default-general-exception-handler.o)
 .gnu.attributes
                0x000001a0       0x10 /Applications/microchip/xc32/v1.43/bin/bin/../../lib/gcc/pic32mx/4.8.3/../../../../pic32mx/lib/libpic32.a(defaultinterrupt.o)
LOAD /Applications/microchip/xc32/v1.43/bin/bin/../../lib/gcc/pic32mx/4.8.3/libgcc.a
START GROUP
LOAD /Applications/microchip/xc32/v1.43/bin/bin/../../lib/gcc/pic32mx/4.8.3/../../../../pic32mx/lib/libpic32.a
LOAD /Applications/microchip/xc32/v1.43/bin/bin/../../lib/gcc/pic32mx/4.8.3/../../../../pic32mx/lib/libdebug.a
LOAD /Applications/microchip/xc32/v1.43/bin/bin/../../lib/gcc/pic32mx/4.8.3/../../../../pic32mx/lib/libpic32.a
LOAD /Applications/microchip/xc32/v1.43/bin/bin/../../lib/gcc/pic32mx/4.8.3/../../../../pic32mx/lib/libc.a
LOAD /Applications/microchip/xc32/v1.43/bin/bin/../../lib/gcc/pic32mx/4.8.3/../../../../pic32mx/lib/libc.a
LOAD /Applications/microchip/xc32/v1.43/bin/bin/../../lib/gcc/pic32mx/4.8.3/../../../../pic32mx/lib/libm.a
LOAD /Applications/microchip/xc32/v1.43/bin/bin/../../lib/gcc/pic32mx/4.8.3/../../../../pic32mx/lib/libe.a
LOAD /Applications/microchip/xc32/v1.43/bin/bin/../../lib/gcc/pic32mx/4.8.3/../../../../pic32mx/lib/libdsp.a
LOAD /Applications/microchip/xc32/v1.43/bin/bin/../../lib/gcc/pic32mx/4.8.3/libgcc.a
LOAD /Applications/microchip/xc32/v1.43/bin/bin/../../lib/gcc/pic32mx/4.8.3/../../../../pic32mx/lib/libpic32.a
END GROUP
LOAD /Applications/microchip/xc32/v1.43/bin/bin/../../lib/gcc/pic32mx/4.8.3/libgcc.a
OUTPUT(dist/default/debug/PoC.debug.elf elf32-tradlittlemips)
LOAD stack
LOAD data_init

.reginfo        0x00000000       0x18
 .reginfo       0x00000000       0x18 /Applications/microchip/xc32/v1.43/bin/bin/../../lib/gcc/pic32mx/4.8.3/../../../../pic32mx/lib/./proc/32MX340F512H/crt0_mips32r2.o

.stack          0xa0000f58      0x400
 .stack         0xa0000f58      0x400 stack

.bss            0xa0000268      0xa3c
 .bss           0xa0000268      0x83c build/default/debug/xformat.o
 .bss           0xa0000aa4      0x200 build/default/debug/sdcard.o

.bss            0xa0000ca4       0xd8
 .bss           0xa0000ca4       0xd8 build/default/debug/i2c.o

.data           0xa0000d7c       0xc0
 .data          0xa0000d7c       0xc0 build/default/debug/buzzer.o

.bss            0xa0000e3c       0x64
 .bss           0xa0000e3c       0x64 build/default/debug/run_simon.o

.data           0xa0000ea0       0x40
 .data          0xa0000ea0       0x40 build/default/debug/run_simon.o

.bss            0xa0000ee0       0x48
 .bss           0xa0000ee0       0x38 build/default/debug/lcd.o
 .bss           0xa0000f18       0x10 build/default/debug/midi.o

.bss%z1         0x00000000        0x0
 .bss           0x00000000        0x0 /Applications/microchip/xc32/v1.43/bin/bin/../../lib/gcc/pic32mx/4.8.3/../../../../pic32mx/lib/libpic32.a(defaultinterrupt.o)

.data%z2        0x00000000        0x0
 .data          0x00000000        0x0 /Applications/microchip/xc32/v1.43/bin/bin/../../lib/gcc/pic32mx/4.8.3/../../../../pic32mx/lib/libpic32.a(defaultinterrupt.o)

.bss%z3         0x00000000        0x0
 .bss           0x00000000        0x0 /Applications/microchip/xc32/v1.43/bin/bin/../../lib/gcc/pic32mx/4.8.3/../../../../pic32mx/lib/libpic32.a(default-general-exception-handler.o)

.data%z4        0x00000000        0x0
 .data          0x00000000        0x0 /Applications/microchip/xc32/v1.43/bin/bin/../../lib/gcc/pic32mx/4.8.3/../../../../pic32mx/lib/libpic32.a(default-general-exception-handler.o)

.bss%z5         0x00000000        0x0
 .bss           0x00000000        0x0 /Applications/microchip/xc32/v1.43/bin/bin/../../lib/gcc/pic32mx/4.8.3/../../../../pic32mx/lib/libpic32.a(vector44.o)

.data%z6        0x00000000        0x0
 .data          0x00000000        0x0 /Applications/microchip/xc32/v1.43/bin/bin/../../lib/gcc/pic32mx/4.8.3/../../../../pic32mx/lib/libpic32.a(vector44.o)

.bss%z7         0x00000000        0x0
 .bss           0x00000000        0x0 /Applications/microchip/xc32/v1.43/bin/bin/../../lib/gcc/pic32mx/4.8.3/../../../../pic32mx/lib/libpic32.a(vector43.o)

.data%z8        0x00000000        0x0
 .data          0x00000000        0x0 /Applications/microchip/xc32/v1.43/bin/bin/../../lib/gcc/pic32mx/4.8.3/../../../../pic32mx/lib/libpic32.a(vector43.o)

.bss%z9         0x00000000        0x0
 .bss           0x00000000        0x0 /Applications/microchip/xc32/v1.43/bin/bin/../../lib/gcc/pic32mx/4.8.3/../../../../pic32mx/lib/libpic32.a(vector42.o)

.data%z10       0x00000000        0x0
 .data          0x00000000        0x0 /Applications/microchip/xc32/v1.43/bin/bin/../../lib/gcc/pic32mx/4.8.3/../../../../pic32mx/lib/libpic32.a(vector42.o)

.bss%z11        0x00000000        0x0
 .bss           0x00000000        0x0 /Applications/microchip/xc32/v1.43/bin/bin/../../lib/gcc/pic32mx/4.8.3/../../../../pic32mx/lib/libpic32.a(vector41.o)

.data%z12       0x00000000        0x0
 .data          0x00000000        0x0 /Applications/microchip/xc32/v1.43/bin/bin/../../lib/gcc/pic32mx/4.8.3/../../../../pic32mx/lib/libpic32.a(vector41.o)

.bss%z13        0x00000000        0x0
 .bss           0x00000000        0x0 /Applications/microchip/xc32/v1.43/bin/bin/../../lib/gcc/pic32mx/4.8.3/../../../../pic32mx/lib/libpic32.a(vector40.o)

.data%z14       0x00000000        0x0
 .data          0x00000000        0x0 /Applications/microchip/xc32/v1.43/bin/bin/../../lib/gcc/pic32mx/4.8.3/../../../../pic32mx/lib/libpic32.a(vector40.o)

.bss%z15        0x00000000        0x0
 .bss           0x00000000        0x0 /Applications/microchip/xc32/v1.43/bin/bin/../../lib/gcc/pic32mx/4.8.3/../../../../pic32mx/lib/libpic32.a(vector39.o)

.data%z16       0x00000000        0x0
 .data          0x00000000        0x0 /Applications/microchip/xc32/v1.43/bin/bin/../../lib/gcc/pic32mx/4.8.3/../../../../pic32mx/lib/libpic32.a(vector39.o)

.bss%z17        0x00000000        0x0
 .bss           0x00000000        0x0 /Applications/microchip/xc32/v1.43/bin/bin/../../lib/gcc/pic32mx/4.8.3/../../../../pic32mx/lib/libpic32.a(vector38.o)

.data%z18       0x00000000        0x0
 .data          0x00000000        0x0 /Applications/microchip/xc32/v1.43/bin/bin/../../lib/gcc/pic32mx/4.8.3/../../../../pic32mx/lib/libpic32.a(vector38.o)

.bss%z19        0x00000000        0x0
 .bss           0x00000000        0x0 /Applications/microchip/xc32/v1.43/bin/bin/../../lib/gcc/pic32mx/4.8.3/../../../../pic32mx/lib/libpic32.a(vector37.o)

.data%z20       0x00000000        0x0
 .data          0x00000000        0x0 /Applications/microchip/xc32/v1.43/bin/bin/../../lib/gcc/pic32mx/4.8.3/../../../../pic32mx/lib/libpic32.a(vector37.o)

.bss%z21        0x00000000        0x0
 .bss           0x00000000        0x0 /Applications/microchip/xc32/v1.43/bin/bin/../../lib/gcc/pic32mx/4.8.3/../../../../pic32mx/lib/libpic32.a(vector36.o)

.data%z22       0x00000000        0x0
 .data          0x00000000        0x0 /Applications/microchip/xc32/v1.43/bin/bin/../../lib/gcc/pic32mx/4.8.3/../../../../pic32mx/lib/libpic32.a(vector36.o)

.bss%z23        0x00000000        0x0
 .bss           0x00000000        0x0 /Applications/microchip/xc32/v1.43/bin/bin/../../lib/gcc/pic32mx/4.8.3/../../../../pic32mx/lib/libpic32.a(vector35.o)

.data%z24       0x00000000        0x0
 .data          0x00000000        0x0 /Applications/microchip/xc32/v1.43/bin/bin/../../lib/gcc/pic32mx/4.8.3/../../../../pic32mx/lib/libpic32.a(vector35.o)

.bss%z25        0x00000000        0x0
 .bss           0x00000000        0x0 /Applications/microchip/xc32/v1.43/bin/bin/../../lib/gcc/pic32mx/4.8.3/../../../../pic32mx/lib/libpic32.a(vector34.o)

.data%z26       0x00000000        0x0
 .data          0x00000000        0x0 /Applications/microchip/xc32/v1.43/bin/bin/../../lib/gcc/pic32mx/4.8.3/../../../../pic32mx/lib/libpic32.a(vector34.o)

.bss%z27        0x00000000        0x0
 .bss           0x00000000        0x0 /Applications/microchip/xc32/v1.43/bin/bin/../../lib/gcc/pic32mx/4.8.3/../../../../pic32mx/lib/libpic32.a(vector33.o)

.data%z28       0x00000000        0x0
 .data          0x00000000        0x0 /Applications/microchip/xc32/v1.43/bin/bin/../../lib/gcc/pic32mx/4.8.3/../../../../pic32mx/lib/libpic32.a(vector33.o)

.bss%z29        0x00000000        0x0
 .bss           0x00000000        0x0 /Applications/microchip/xc32/v1.43/bin/bin/../../lib/gcc/pic32mx/4.8.3/../../../../pic32mx/lib/libpic32.a(vector31.o)

.data%z30       0x00000000        0x0
 .data          0x00000000        0x0 /Applications/microchip/xc32/v1.43/bin/bin/../../lib/gcc/pic32mx/4.8.3/../../../../pic32mx/lib/libpic32.a(vector31.o)

.bss%z31        0x00000000        0x0
 .bss           0x00000000        0x0 /Applications/microchip/xc32/v1.43/bin/bin/../../lib/gcc/pic32mx/4.8.3/../../../../pic32mx/lib/libpic32.a(vector30.o)

.data%z32       0x00000000        0x0
 .data          0x00000000        0x0 /Applications/microchip/xc32/v1.43/bin/bin/../../lib/gcc/pic32mx/4.8.3/../../../../pic32mx/lib/libpic32.a(vector30.o)

.bss%z33        0x00000000        0x0
 .bss           0x00000000        0x0 /Applications/microchip/xc32/v1.43/bin/bin/../../lib/gcc/pic32mx/4.8.3/../../../../pic32mx/lib/libpic32.a(vector29.o)

.data%z34       0x00000000        0x0
 .data          0x00000000        0x0 /Applications/microchip/xc32/v1.43/bin/bin/../../lib/gcc/pic32mx/4.8.3/../../../../pic32mx/lib/libpic32.a(vector29.o)

.bss%z35        0x00000000        0x0
 .bss           0x00000000        0x0 /Applications/microchip/xc32/v1.43/bin/bin/../../lib/gcc/pic32mx/4.8.3/../../../../pic32mx/lib/libpic32.a(vector28.o)

.data%z36       0x00000000        0x0
 .data          0x00000000        0x0 /Applications/microchip/xc32/v1.43/bin/bin/../../lib/gcc/pic32mx/4.8.3/../../../../pic32mx/lib/libpic32.a(vector28.o)

.bss%z37        0x00000000        0x0
 .bss           0x00000000        0x0 /Applications/microchip/xc32/v1.43/bin/bin/../../lib/gcc/pic32mx/4.8.3/../../../../pic32mx/lib/libpic32.a(vector27.o)

.data%z38       0x00000000        0x0
 .data          0x00000000        0x0 /Applications/microchip/xc32/v1.43/bin/bin/../../lib/gcc/pic32mx/4.8.3/../../../../pic32mx/lib/libpic32.a(vector27.o)

.bss%z39        0x00000000        0x0
 .bss           0x00000000        0x0 /Applications/microchip/xc32/v1.43/bin/bin/../../lib/gcc/pic32mx/4.8.3/../../../../pic32mx/lib/libpic32.a(vector26.o)

.data%z40       0x00000000        0x0
 .data          0x00000000        0x0 /Applications/microchip/xc32/v1.43/bin/bin/../../lib/gcc/pic32mx/4.8.3/../../../../pic32mx/lib/libpic32.a(vector26.o)

.bss%z41        0x00000000        0x0
 .bss           0x00000000        0x0 /Applications/microchip/xc32/v1.43/bin/bin/../../lib/gcc/pic32mx/4.8.3/../../../../pic32mx/lib/libpic32.a(vector24.o)

.data%z42       0x00000000        0x0
 .data          0x00000000        0x0 /Applications/microchip/xc32/v1.43/bin/bin/../../lib/gcc/pic32mx/4.8.3/../../../../pic32mx/lib/libpic32.a(vector24.o)

.bss%z43        0x00000000        0x0
 .bss           0x00000000        0x0 /Applications/microchip/xc32/v1.43/bin/bin/../../lib/gcc/pic32mx/4.8.3/../../../../pic32mx/lib/libpic32.a(vector22.o)

.data%z44       0x00000000        0x0
 .data          0x00000000        0x0 /Applications/microchip/xc32/v1.43/bin/bin/../../lib/gcc/pic32mx/4.8.3/../../../../pic32mx/lib/libpic32.a(vector22.o)

.bss%z45        0x00000000        0x0
 .bss           0x00000000        0x0 /Applications/microchip/xc32/v1.43/bin/bin/../../lib/gcc/pic32mx/4.8.3/../../../../pic32mx/lib/libpic32.a(vector21.o)

.data%z46       0x00000000        0x0
 .data          0x00000000        0x0 /Applications/microchip/xc32/v1.43/bin/bin/../../lib/gcc/pic32mx/4.8.3/../../../../pic32mx/lib/libpic32.a(vector21.o)

.bss%z47        0x00000000        0x0
 .bss           0x00000000        0x0 /Applications/microchip/xc32/v1.43/bin/bin/../../lib/gcc/pic32mx/4.8.3/../../../../pic32mx/lib/libpic32.a(vector19.o)

.data%z48       0x00000000        0x0
 .data          0x00000000        0x0 /Applications/microchip/xc32/v1.43/bin/bin/../../lib/gcc/pic32mx/4.8.3/../../../../pic32mx/lib/libpic32.a(vector19.o)

.bss%z49        0x00000000        0x0
 .bss           0x00000000        0x0 /Applications/microchip/xc32/v1.43/bin/bin/../../lib/gcc/pic32mx/4.8.3/../../../../pic32mx/lib/libpic32.a(vector18.o)

.data%z50       0x00000000        0x0
 .data          0x00000000        0x0 /Applications/microchip/xc32/v1.43/bin/bin/../../lib/gcc/pic32mx/4.8.3/../../../../pic32mx/lib/libpic32.a(vector18.o)

.bss%z51        0x00000000        0x0
 .bss           0x00000000        0x0 /Applications/microchip/xc32/v1.43/bin/bin/../../lib/gcc/pic32mx/4.8.3/../../../../pic32mx/lib/libpic32.a(vector17.o)

.data%z52       0x00000000        0x0
 .data          0x00000000        0x0 /Applications/microchip/xc32/v1.43/bin/bin/../../lib/gcc/pic32mx/4.8.3/../../../../pic32mx/lib/libpic32.a(vector17.o)

.bss%z53        0x00000000        0x0
 .bss           0x00000000        0x0 /Applications/microchip/xc32/v1.43/bin/bin/../../lib/gcc/pic32mx/4.8.3/../../../../pic32mx/lib/libpic32.a(vector15.o)

.data%z54       0x00000000        0x0
 .data          0x00000000        0x0 /Applications/microchip/xc32/v1.43/bin/bin/../../lib/gcc/pic32mx/4.8.3/../../../../pic32mx/lib/libpic32.a(vector15.o)

.bss%z55        0x00000000        0x0
 .bss           0x00000000        0x0 /Applications/microchip/xc32/v1.43/bin/bin/../../lib/gcc/pic32mx/4.8.3/../../../../pic32mx/lib/libpic32.a(vector14.o)

.data%z56       0x00000000        0x0
 .data          0x00000000        0x0 /Applications/microchip/xc32/v1.43/bin/bin/../../lib/gcc/pic32mx/4.8.3/../../../../pic32mx/lib/libpic32.a(vector14.o)

.bss%z57        0x00000000        0x0
 .bss           0x00000000        0x0 /Applications/microchip/xc32/v1.43/bin/bin/../../lib/gcc/pic32mx/4.8.3/../../../../pic32mx/lib/libpic32.a(vector13.o)

.data%z58       0x00000000        0x0
 .data          0x00000000        0x0 /Applications/microchip/xc32/v1.43/bin/bin/../../lib/gcc/pic32mx/4.8.3/../../../../pic32mx/lib/libpic32.a(vector13.o)

.bss%z59        0x00000000        0x0
 .bss           0x00000000        0x0 /Applications/microchip/xc32/v1.43/bin/bin/../../lib/gcc/pic32mx/4.8.3/../../../../pic32mx/lib/libpic32.a(vector11.o)

.data%z60       0x00000000        0x0
 .data          0x00000000        0x0 /Applications/microchip/xc32/v1.43/bin/bin/../../lib/gcc/pic32mx/4.8.3/../../../../pic32mx/lib/libpic32.a(vector11.o)

.bss%z61        0x00000000        0x0
 .bss           0x00000000        0x0 /Applications/microchip/xc32/v1.43/bin/bin/../../lib/gcc/pic32mx/4.8.3/../../../../pic32mx/lib/libpic32.a(vector10.o)

.data%z62       0x00000000        0x0
 .data          0x00000000        0x0 /Applications/microchip/xc32/v1.43/bin/bin/../../lib/gcc/pic32mx/4.8.3/../../../../pic32mx/lib/libpic32.a(vector10.o)

.bss%z63        0x00000000        0x0
 .bss           0x00000000        0x0 /Applications/microchip/xc32/v1.43/bin/bin/../../lib/gcc/pic32mx/4.8.3/../../../../pic32mx/lib/libpic32.a(vector9.o)

.data%z64       0x00000000        0x0
 .data          0x00000000        0x0 /Applications/microchip/xc32/v1.43/bin/bin/../../lib/gcc/pic32mx/4.8.3/../../../../pic32mx/lib/libpic32.a(vector9.o)

.bss%z65        0x00000000        0x0
 .bss           0x00000000        0x0 /Applications/microchip/xc32/v1.43/bin/bin/../../lib/gcc/pic32mx/4.8.3/../../../../pic32mx/lib/libpic32.a(vector7.o)

.data%z66       0x00000000        0x0
 .data          0x00000000        0x0 /Applications/microchip/xc32/v1.43/bin/bin/../../lib/gcc/pic32mx/4.8.3/../../../../pic32mx/lib/libpic32.a(vector7.o)

.bss%z67        0x00000000        0x0
 .bss           0x00000000        0x0 /Applications/microchip/xc32/v1.43/bin/bin/../../lib/gcc/pic32mx/4.8.3/../../../../pic32mx/lib/libpic32.a(vector6.o)

.data%z68       0x00000000        0x0
 .data          0x00000000        0x0 /Applications/microchip/xc32/v1.43/bin/bin/../../lib/gcc/pic32mx/4.8.3/../../../../pic32mx/lib/libpic32.a(vector6.o)

.bss%z69        0x00000000        0x0
 .bss           0x00000000        0x0 /Applications/microchip/xc32/v1.43/bin/bin/../../lib/gcc/pic32mx/4.8.3/../../../../pic32mx/lib/libpic32.a(vector5.o)

.data%z70       0x00000000        0x0
 .data          0x00000000        0x0 /Applications/microchip/xc32/v1.43/bin/bin/../../lib/gcc/pic32mx/4.8.3/../../../../pic32mx/lib/libpic32.a(vector5.o)

.bss%z71        0x00000000        0x0
 .bss           0x00000000        0x0 /Applications/microchip/xc32/v1.43/bin/bin/../../lib/gcc/pic32mx/4.8.3/../../../../pic32mx/lib/libpic32.a(vector3.o)

.data%z72       0x00000000        0x0
 .data          0x00000000        0x0 /Applications/microchip/xc32/v1.43/bin/bin/../../lib/gcc/pic32mx/4.8.3/../../../../pic32mx/lib/libpic32.a(vector3.o)

.bss%z73        0x00000000        0x0
 .bss           0x00000000        0x0 /Applications/microchip/xc32/v1.43/bin/bin/../../lib/gcc/pic32mx/4.8.3/../../../../pic32mx/lib/libpic32.a(vector2.o)

.data%z74       0x00000000        0x0
 .data          0x00000000        0x0 /Applications/microchip/xc32/v1.43/bin/bin/../../lib/gcc/pic32mx/4.8.3/../../../../pic32mx/lib/libpic32.a(vector2.o)

.bss%z75        0x00000000        0x0
 .bss           0x00000000        0x0 /Applications/microchip/xc32/v1.43/bin/bin/../../lib/gcc/pic32mx/4.8.3/../../../../pic32mx/lib/libpic32.a(vector1.o)

.data%z76       0x00000000        0x0
 .data          0x00000000        0x0 /Applications/microchip/xc32/v1.43/bin/bin/../../lib/gcc/pic32mx/4.8.3/../../../../pic32mx/lib/libpic32.a(vector1.o)

.bss%z77        0x00000000        0x0
 .bss           0x00000000        0x0 /Applications/microchip/xc32/v1.43/bin/bin/../../lib/gcc/pic32mx/4.8.3/../../../../pic32mx/lib/libpic32.a(vector0.o)

.data%z78       0x00000000        0x0
 .data          0x00000000        0x0 /Applications/microchip/xc32/v1.43/bin/bin/../../lib/gcc/pic32mx/4.8.3/../../../../pic32mx/lib/libpic32.a(vector0.o)

.bss%z79        0x00000000        0x0
 .bss           0x00000000        0x0 /Applications/microchip/xc32/v1.43/bin/bin/../../lib/gcc/pic32mx/4.8.3/../../../../pic32mx/lib/libpic32.a(general-exception.o)

.data%z80       0x00000000        0x0
 .data          0x00000000        0x0 /Applications/microchip/xc32/v1.43/bin/bin/../../lib/gcc/pic32mx/4.8.3/../../../../pic32mx/lib/libpic32.a(general-exception.o)

.bss%z81        0x00000000        0x0
 .bss           0x00000000        0x0 /Applications/microchip/xc32/v1.43/bin/bin/../../lib/gcc/pic32mx/4.8.3/../../../../pic32mx/lib/libpic32.a(default-nmi-handler.o)

.data%z82       0x00000000        0x0
 .data          0x00000000        0x0 /Applications/microchip/xc32/v1.43/bin/bin/../../lib/gcc/pic32mx/4.8.3/../../../../pic32mx/lib/libpic32.a(default-nmi-handler.o)

.bss%z83        0x00000000        0x0
 .bss           0x00000000        0x0 /Applications/microchip/xc32/v1.43/bin/bin/../../lib/gcc/pic32mx/4.8.3/../../../../pic32mx/lib/libpic32.a(default-on-bootstrap.o)

.data%z84       0x00000000        0x0
 .data          0x00000000        0x0 /Applications/microchip/xc32/v1.43/bin/bin/../../lib/gcc/pic32mx/4.8.3/../../../../pic32mx/lib/libpic32.a(default-on-bootstrap.o)

.bss%z85        0x00000000        0x0
 .bss           0x00000000        0x0 /Applications/microchip/xc32/v1.43/bin/bin/../../lib/gcc/pic32mx/4.8.3/../../../../pic32mx/lib/libpic32.a(default-on-reset.o)

.data%z86       0x00000000        0x0
 .data          0x00000000        0x0 /Applications/microchip/xc32/v1.43/bin/bin/../../lib/gcc/pic32mx/4.8.3/../../../../pic32mx/lib/libpic32.a(default-on-reset.o)

.bss%z87        0x00000000        0x0
 .bss           0x00000000        0x0 /Applications/microchip/xc32/v1.43/bin/bin/../../lib/gcc/pic32mx/4.8.3/../../../../pic32mx/lib/libpic32.a(default-bootstrap-exception-handler.o)

.data%z88       0x00000000        0x0
 .data          0x00000000        0x0 /Applications/microchip/xc32/v1.43/bin/bin/../../lib/gcc/pic32mx/4.8.3/../../../../pic32mx/lib/libpic32.a(default-bootstrap-exception-handler.o)

.bss%z89        0x00000000        0x0
 .bss           0x00000000        0x0 /Applications/microchip/xc32/v1.43/bin/bin/../../lib/gcc/pic32mx/4.8.3/../../../../pic32mx/lib/libpic32.a(memcpy.o)

.data%z90       0x00000000        0x0
 .data          0x00000000        0x0 /Applications/microchip/xc32/v1.43/bin/bin/../../lib/gcc/pic32mx/4.8.3/../../../../pic32mx/lib/libpic32.a(memcpy.o)

.bss%z91        0x00000000        0x0
 .bss           0x00000000        0x0 /Applications/microchip/xc32/v1.43/bin/bin/../../lib/gcc/pic32mx/4.8.3/../../../../pic32mx/lib/./proc/32MX340F512H/processor.o

.data%z92       0x00000000        0x0
 .data          0x00000000        0x0 /Applications/microchip/xc32/v1.43/bin/bin/../../lib/gcc/pic32mx/4.8.3/../../../../pic32mx/lib/./proc/32MX340F512H/processor.o

.bss%z93        0x00000000        0x0
 .bss           0x00000000        0x0 /Applications/microchip/xc32/v1.43/bin/bin/../../lib/gcc/pic32mx/4.8.3/../../../../pic32mx/lib/pic32_software_reset.o

.data%z94       0x00000000        0x0
 .data          0x00000000        0x0 /Applications/microchip/xc32/v1.43/bin/bin/../../lib/gcc/pic32mx/4.8.3/../../../../pic32mx/lib/pic32_software_reset.o

.bss%z95        0x00000000        0x0
 .bss           0x00000000        0x0 /Applications/microchip/xc32/v1.43/bin/bin/../../lib/gcc/pic32mx/4.8.3/../../../../pic32mx/lib/./proc/32MX340F512H/default_isr_vectors.o

.data%z96       0x00000000        0x0
 .data          0x00000000        0x0 /Applications/microchip/xc32/v1.43/bin/bin/../../lib/gcc/pic32mx/4.8.3/../../../../pic32mx/lib/./proc/32MX340F512H/default_isr_vectors.o

.bss%z97        0x00000000        0x0
 .bss           0x00000000        0x0 build/default/debug/run_free.o

.data%z98       0x00000000        0x0
 .data          0x00000000        0x0 build/default/debug/run_free.o

.bss%z99        0x00000000        0x0
 .bss           0x00000000        0x0 build/default/debug/run_learn.o

.data%z100      0x00000000        0x0
 .data          0x00000000        0x0 build/default/debug/run_learn.o

.bss%z101       0x00000000        0x0
 .bss           0x00000000        0x0 build/default/debug/run_config.o

.data%z102      0x00000000        0x0
 .data          0x00000000        0x0 build/default/debug/run_config.o

.bss%z103       0x00000000        0x0
 .bss           0x00000000        0x0 build/default/debug/smartlibc.o

.data%z104      0x00000000        0x0
 .data          0x00000000        0x0 build/default/debug/smartlibc.o

.bss%z105       0x00000000        0x0
 .bss           0x00000000        0x0 build/default/debug/timer4.o

.data%z106      0x00000000        0x0
 .data          0x00000000        0x0 build/default/debug/timer4.o

.bss%z107       0x00000000        0x0
 .bss           0x00000000        0x0 build/default/debug/timer5.o

.data%z108      0x00000000        0x0
 .data          0x00000000        0x0 build/default/debug/timer5.o

.bss%z109       0x00000000        0x0
 .bss           0x00000000        0x0 build/default/debug/events.o

.data%z110      0x00000000        0x0
 .data          0x00000000        0x0 build/default/debug/events.o

.bss%z111       0x00000000        0x0
 .bss           0x00000000        0x0 build/default/debug/timer1.o

.data%z112      0x00000000        0x0
 .data          0x00000000        0x0 build/default/debug/timer1.o

.bss%z113       0x00000000        0x0
 .bss           0x00000000        0x0 build/default/debug/main.o

.data%z114      0x00000000        0x0
 .data          0x00000000        0x0 build/default/debug/main.o

.bss%z115       0x00000000        0x0
 .bss           0x00000000        0x0 build/default/debug/pragma.o

.data%z116      0x00000000        0x0
 .data          0x00000000        0x0 build/default/debug/pragma.o

.data%z117      0x00000000        0x0
 .data          0x00000000        0x0 build/default/debug/xformat.o

.data%z118      0x00000000        0x0
 .data          0x00000000        0x0 build/default/debug/sdcard.o

.bss%z119       0x00000000        0x0
 .bss           0x00000000        0x0 build/default/debug/music.o

.data%z120      0x00000000        0x0
 .data          0x00000000        0x0 build/default/debug/music.o

.bss%z121       0x00000000        0x0
 .bss           0x00000000        0x0 build/default/debug/audio.o

.data%z122      0x00000000        0x0
 .data          0x00000000        0x0 build/default/debug/audio.o

.bss%z123       0x00000000        0x0
 .bss           0x00000000        0x0 build/default/debug/buzzer.o

.data%z124      0x00000000        0x0
 .data          0x00000000        0x0 build/default/debug/midi.o

.data%z125      0x00000000        0x0
 .data          0x00000000        0x0 build/default/debug/lcd.o

.data%z126      0x00000000        0x0
 .data          0x00000000        0x0 build/default/debug/i2c.o

.bss%z127       0x00000000        0x0
 .bss           0x00000000        0x0 build/default/debug/ShiftRegister.o

.data%z128      0x00000000        0x0
 .data          0x00000000        0x0 build/default/debug/ShiftRegister.o

.bss%z129       0x00000000        0x0
 .bss           0x00000000        0x0 build/default/debug/spi.o

.data%z130      0x00000000        0x0
 .data          0x00000000        0x0 build/default/debug/spi.o

.bss%z131       0x00000000        0x0
 .bss           0x00000000        0x0 /Applications/microchip/xc32/v1.43/bin/bin/../../lib/gcc/pic32mx/4.8.3/../../../../pic32mx/lib/software-debug-break.o

.data%z132      0x00000000        0x0
 .data          0x00000000        0x0 /Applications/microchip/xc32/v1.43/bin/bin/../../lib/gcc/pic32mx/4.8.3/../../../../pic32mx/lib/software-debug-break.o

.bss%z133       0x00000000        0x0
 .bss           0x00000000        0x0 /Applications/microchip/xc32/v1.43/bin/bin/../../lib/gcc/pic32mx/4.8.3/../../../../pic32mx/lib/./proc/32MX340F512H/crt0_mips32r2.o

.data%z134      0x00000000        0x0
 .data          0x00000000        0x0 /Applications/microchip/xc32/v1.43/bin/bin/../../lib/gcc/pic32mx/4.8.3/../../../../pic32mx/lib/./proc/32MX340F512H/crt0_mips32r2.o

.text           0x9d000000     0x199c
 .text          0x9d000000      0xf00 build/default/debug/lcd.o
                0x9d000000                lcd_init_rst
                0x9d000088                lcd_write_line
                0x9d000184                lcd_init
                0x9d000300                lcd_init_end
                0x9d000348                lcd_clear
                0x9d0003b0                lcd_write_nb
                0x9d0004ec                lcd_cursor
                0x9d000558                lcd_create_char
                0x9d000b40                lcd_rotateBuff
                0x9d000ca4                lcd_shift
                0x9d000e24                lcd_clear_line
 .text          0x9d000f00      0xa9c build/default/debug/xformat.o
                0x9d000f40                xformat_isFormatted
                0x9d001094                xformat_start
                0x9d001108                xformat_getMusicCount
                0x9d001200                xformat_firstMusic
                0x9d0013cc                xformat_nextMusic
                0x9d001604                xformat_prevMusic
                0x9d001858                xformat_loadMusic
                0x9d001928                xformat_sizeMusic
                0x9d00194c                xformat_nameMusic
                0x9d001974                xformat_dataMusic

.text           0x9d00199c      0xe54
 .text          0x9d00199c      0x818 build/default/debug/sdcard.o
                0x9d001b9c                sdcard_init
                0x9d001cc0                sdcard_start
                0x9d002038                sdcard_read
 .text          0x9d0021b4      0x63c build/default/debug/i2c.o
                0x9d0021b4                i2c_sendAdress
                0x9d0021e4                i2c_start
                0x9d00222c                i2c_stop
                0x9d002264                i2c_checkSDA
                0x9d002324                i2c1_init
                0x9d0023ec                i2c1_interrupt
                0x9d00266c                i2c_reinit
                0x9d0026a4                i2c_writeBuffer
                0x9d002748                i2c_fillBuffer

.text           0x9d0027f0      0xb98
 .text          0x9d0027f0      0x5d4 build/default/debug/music.o
                0x9d00290c                music_init
                0x9d0029a4                music_play
                0x9d0029f8                music_stop
                0x9d002b3c                music_game_start
                0x9d002b94                music_game_note_press
                0x9d002bcc                MusicTimer
 .text          0x9d002dc4      0x5c4 build/default/debug/midi.o
                0x9d002fb0                midi_init
                0x9d003144                midi_play
                0x9d00319c                midi_stop
                0x9d0031e4                midi_flag_update
                0x9d003220                MidiBuffer

.text           0x9d003388      0x874
 .text          0x9d003388      0x454 build/default/debug/ShiftRegister.o
                0x9d003388                init_load_latch
                0x9d0033ec                pulse_load
                0x9d003430                pulse_latch
                0x9d0034f4                sr_flag_update
                0x9d00358c                spi_interrupt
                0x9d003784                setOnPressCallback
                0x9d0037b0                setOnReleaseCallback
 .text          0x9d0037dc      0x420 build/default/debug/run_simon.o
                0x9d0037dc                difficulty_simon
                0x9d00392c                run_simon
                0x9d003998                light_pattern
                0x9d003a04                save_pattern
                0x9d003ac0                play_simon
                0x9d003b84                init_simon

.text           0x9d003bfc      0x554
 .text          0x9d003bfc      0x2bc build/default/debug/timer4.o
                0x9d003bfc                timer4_init
                0x9d003c94                timer4
                0x9d003e04                setTimer4F
                0x9d003e80                timer4Off
 .text          0x9d003eb8      0x298 build/default/debug/timer5.o
                0x9d003eb8                timer5_init
                0x9d003f50                timer5
                0x9d0040c0                setTimer5F
                0x9d004118                timer5Off

.text           0x9d004150      0x498
 .text          0x9d004150      0x264 build/default/debug/buzzer.o
                0x9d004150                BuzzerTimer
                0x9d00422c                buzzer_init
                0x9d0042dc                buzzer_play
                0x9d00437c                buzzer_stop
 .text          0x9d0043b4      0x234 build/default/debug/run_learn.o
                0x9d004514                run_learn

.text           0x9d0045e8      0x42c