Archive member included because of file (symbol)

c:/program files (x86)/microchip/xc32/v1.34/bin/bin/../../lib/gcc/pic32mx/4.5.2/../../../../pic32mx/lib\libpic32.a(memcpy.o)
                              build/default/production/run_config.o (memcpy)
c:/program files (x86)/microchip/xc32/v1.34/bin/bin/../../lib/gcc/pic32mx/4.5.2/../../../../pic32mx/lib\libpic32.a(default-bootstrap-exception-handler.o)
                              c:/program files (x86)/microchip/xc32/v1.34/bin/bin/../../lib/gcc/pic32mx/4.5.2/../../../../pic32mx/lib/./proc/32MX340F512H/crt0_mips32r2.o (_bootstrap_exception_handler)
c:/program files (x86)/microchip/xc32/v1.34/bin/bin/../../lib/gcc/pic32mx/4.5.2/../../../../pic32mx/lib\libpic32.a(default-on-reset.o)
                              c:/program files (x86)/microchip/xc32/v1.34/bin/bin/../../lib/gcc/pic32mx/4.5.2/../../../../pic32mx/lib/./proc/32MX340F512H/crt0_mips32r2.o (_on_reset)
c:/program files (x86)/microchip/xc32/v1.34/bin/bin/../../lib/gcc/pic32mx/4.5.2/../../../../pic32mx/lib\libpic32.a(default-on-bootstrap.o)
                              c:/program files (x86)/microchip/xc32/v1.34/bin/bin/../../lib/gcc/pic32mx/4.5.2/../../../../pic32mx/lib/./proc/32MX340F512H/crt0_mips32r2.o (_on_bootstrap)
c:/program files (x86)/microchip/xc32/v1.34/bin/bin/../../lib/gcc/pic32mx/4.5.2/../../../../pic32mx/lib\libpic32.a(default-nmi-handler.o)
                              c:/program files (x86)/microchip/xc32/v1.34/bin/bin/../../lib/gcc/pic32mx/4.5.2/../../../../pic32mx/lib/./proc/32MX340F512H/crt0_mips32r2.o (_nmi_handler)
c:/program files (x86)/microchip/xc32/v1.34/bin/bin/../../lib/gcc/pic32mx/4.5.2/../../../../pic32mx/lib\libpic32.a(general-exception.o)
                              c:/program files (x86)/microchip/xc32/v1.34/bin/bin/../../lib/gcc/pic32mx/4.5.2/../../../../pic32mx/lib/./proc/32MX340F512H/crt0_mips32r2.o (_general_exception_context)
c:/program files (x86)/microchip/xc32/v1.34/bin/bin/../../lib/gcc/pic32mx/4.5.2/../../../../pic32mx/lib\libpic32.a(vector0.o)
                              c:/program files (x86)/microchip/xc32/v1.34/bin/bin/../../lib/gcc/pic32mx/4.5.2/../../../../pic32mx/lib/./proc/32MX340F512H\default_isr_vectors.o (__vector_dispatch_0)
c:/program files (x86)/microchip/xc32/v1.34/bin/bin/../../lib/gcc/pic32mx/4.5.2/../../../../pic32mx/lib\libpic32.a(vector1.o)
                              c:/program files (x86)/microchip/xc32/v1.34/bin/bin/../../lib/gcc/pic32mx/4.5.2/../../../../pic32mx/lib/./proc/32MX340F512H\default_isr_vectors.o (__vector_dispatch_1)
c:/program files (x86)/microchip/xc32/v1.34/bin/bin/../../lib/gcc/pic32mx/4.5.2/../../../../pic32mx/lib\libpic32.a(vector2.o)
                              c:/program files (x86)/microchip/xc32/v1.34/bin/bin/../../lib/gcc/pic32mx/4.5.2/../../../../pic32mx/lib/./proc/32MX340F512H\default_isr_vectors.o (__vector_dispatch_2)
c:/program files (x86)/microchip/xc32/v1.34/bin/bin/../../lib/gcc/pic32mx/4.5.2/../../../../pic32mx/lib\libpic32.a(vector3.o)
                              c:/program files (x86)/microchip/xc32/v1.34/bin/bin/../../lib/gcc/pic32mx/4.5.2/../../../../pic32mx/lib/./proc/32MX340F512H\default_isr_vectors.o (__vector_dispatch_3)
c:/program files (x86)/microchip/xc32/v1.34/bin/bin/../../lib/gcc/pic32mx/4.5.2/../../../../pic32mx/lib\libpic32.a(vector5.o)
                              c:/program files (x86)/microchip/xc32/v1.34/bin/bin/../../lib/gcc/pic32mx/4.5.2/../../../../pic32mx/lib/./proc/32MX340F512H\default_isr_vectors.o (__vector_dispatch_5)
c:/program files (x86)/microchip/xc32/v1.34/bin/bin/../../lib/gcc/pic32mx/4.5.2/../../../../pic32mx/lib\libpic32.a(vector6.o)
                              c:/program files (x86)/microchip/xc32/v1.34/bin/bin/../../lib/gcc/pic32mx/4.5.2/../../../../pic32mx/lib/./proc/32MX340F512H\default_isr_vectors.o (__vector_dispatch_6)
c:/program files (x86)/microchip/xc32/v1.34/bin/bin/../../lib/gcc/pic32mx/4.5.2/../../../../pic32mx/lib\libpic32.a(vector7.o)
                              c:/program files (x86)/microchip/xc32/v1.34/bin/bin/../../lib/gcc/pic32mx/4.5.2/../../../../pic32mx/lib/./proc/32MX340F512H\default_isr_vectors.o (__vector_dispatch_7)
c:/program files (x86)/microchip/xc32/v1.34/bin/bin/../../lib/gcc/pic32mx/4.5.2/../../../../pic32mx/lib\libpic32.a(vector9.o)
                              c:/program files (x86)/microchip/xc32/v1.34/bin/bin/../../lib/gcc/pic32mx/4.5.2/../../../../pic32mx/lib/./proc/32MX340F512H\default_isr_vectors.o (__vector_dispatch_9)
c:/program files (x86)/microchip/xc32/v1.34/bin/bin/../../lib/gcc/pic32mx/4.5.2/../../../../pic32mx/lib\libpic32.a(vector10.o)
                              c:/program files (x86)/microchip/xc32/v1.34/bin/bin/../../lib/gcc/pic32mx/4.5.2/../../../../pic32mx/lib/./proc/32MX340F512H\default_isr_vectors.o (__vector_dispatch_10)
c:/program files (x86)/microchip/xc32/v1.34/bin/bin/../../lib/gcc/pic32mx/4.5.2/../../../../pic32mx/lib\libpic32.a(vector11.o)
[...]
Memory Configuration

Name             Origin             Length             Attributes
kseg0_program_mem 0x9d000000         0x00080000         xr
kseg0_boot_mem   0x9fc00490         0x00000970
exception_mem    0x9fc01000         0x00001000
kseg1_boot_mem   0xbfc00000         0x00000490
debug_exec_mem   0xbfc02000         0x00000ff0
config3          0xbfc02ff0         0x00000004
config2          0xbfc02ff4         0x00000004
config1          0xbfc02ff8         0x00000004
config0          0xbfc02ffc         0x00000004
kseg1_data_mem   0xa0000000         0x00008000         w !x
sfrs             0xbf800000         0x00100000
configsfrs       0xbfc02ff0         0x00000010
*default*        0x00000000         0xffffffff

Linker script and memory map

LOAD c:/program files (x86)/microchip/xc32/v1.34/bin/bin/../../lib/gcc/pic32mx/4.5.2/../../../../pic32mx/lib/./proc/32MX340F512H/crt0_mips32r2.o
LOAD c:/program files (x86)/microchip/xc32/v1.34/bin/bin/../../lib/gcc/pic32mx/4.5.2/../../../../pic32mx/lib\debug-exception-return.o
LOAD build/default/production/spi.o
LOAD build/default/production/ShiftRegister.o
LOAD build/default/production/i2c.o
LOAD build/default/production/lcd.o
LOAD build/default/production/pragma.o
LOAD build/default/production/main.o
LOAD build/default/production/timer1.o
LOAD build/default/production/run_config.o
LOAD build/default/production/midi.o
LOAD build/default/production/buzzer.o
LOAD build/default/production/audio.o
LOAD build/default/production/music.o
LOAD build/default/production/run_simon.o
LOAD build/default/production/run_learn.o
LOAD build/default/production/run_free.o
                0x00000001                __MPLAB_BUILD = 0x1
LOAD c:/program files (x86)/microchip/xc32/v1.34/bin/bin/../../lib/gcc/pic32mx/4.5.2/../../../../pic32mx/lib/./proc/32MX340F512H\default_isr_vectors.o
LOAD c:/program files (x86)/microchip/xc32/v1.34/bin/bin/../../lib/gcc/pic32mx/4.5.2/../../../../pic32mx/lib\pic32_software_reset.o
                0x00000400                PROVIDE (_min_stack_size, 0x400)
LOAD c:/program files (x86)/microchip/xc32/v1.34/bin/bin/../../lib/gcc/pic32mx/4.5.2/../../../../pic32mx/lib/./proc/32MX340F512H\processor.o
START GROUP
LOAD c:/program files (x86)/microchip/xc32/v1.34/bin/bin/../../lib/gcc/pic32mx/4.5.2/../../../../pic32mx/lib\libmchp_peripheral.a
END GROUP
START GROUP
LOAD c:/program files (x86)/microchip/xc32/v1.34/bin/bin/../../lib/gcc/pic32mx/4.5.2/../../../../pic32mx/lib\libmchp_peripheral_32MX340F512H.a
END GROUP
                0x00000001                PROVIDE (_vector_spacing, 0x1)
                0x9fc01000                _ebase_address = 0x9fc01000
                0xbfc00000                _RESET_ADDR = 0xbfc00000
                0xbfc00380                _BEV_EXCPT_ADDR = 0xbfc00380
                0xbfc00480                _DBG_EXCPT_ADDR = 0xbfc00480
                0xbfc02000                _DBG_CODE_ADDR = 0xbfc02000
                0x00000ff0                _DBG_CODE_SIZE = 0xff0
                0x9fc01180                _GEN_EXCPT_ADDR = (_ebase_address + 0x180)

.config_BFC02FF0
 *(.config_BFC02FF0)

.config_BFC02FF4
                0xbfc02ff4        0x4
 *(.config_BFC02FF4)
 .config_BFC02FF4
                0xbfc02ff4        0x4 build/default/production/pragma.o

.config_BFC02FF8
                0xbfc02ff8        0x4
 *(.config_BFC02FF8)
 .config_BFC02FF8
                0xbfc02ff8        0x4 build/default/production/pragma.o

.config_BFC02FFC
                0xbfc02ffc        0x4
 *(.config_BFC02FFC)
 .config_BFC02FFC
                0xbfc02ffc        0x4 build/default/production/pragma.o
                0xbfc02000                PROVIDE (_DBG_CODE_ADDR, 0xbfc02000)
                0x00000ff0                PROVIDE (_DBG_CODE_SIZE, 0xff0)

.reset          0xbfc00000      0x1f0
 *(.reset)
 .reset         0xbfc00000        0x8 c:/program files (x86)/microchip/xc32/v1.34/bin/bin/../../lib/gcc/pic32mx/4.5.2/../../../../pic32mx/lib/./proc/32MX340F512H/crt0_mips32r2.o
                0xbfc00000                _reset
 *(.reset.startup)
 .reset.startup
                0xbfc00008      0x1e8 c:/program files (x86)/microchip/xc32/v1.34/bin/bin/../../lib/gcc/pic32mx/4.5.2/../../../../pic32mx/lib/./proc/32MX340F512H/crt0_mips32r2.o

.bev_excpt      0xbfc00380       0x10
 *(.bev_handler)
 .bev_handler   0xbfc00380       0x10 c:/program files (x86)/microchip/xc32/v1.34/bin/bin/../../lib/gcc/pic32mx/4.5.2/../../../../pic32mx/lib/./proc/32MX340F512H/crt0_mips32r2.o

.dbg_excpt      0xbfc00480        0x0
                0xbfc00480                . = (. + DEFINED (_DEBUGGER)?0x8:0x0)

.dbg_code       0xbfc02000        0x0
                0xbfc02000                . = (. + DEFINED (_DEBUGGER)?_DBG_CODE_SIZE:0x0)

.app_excpt      0x9fc01180       0x10
 *(.gen_handler)
 .gen_handler   0x9fc01180       0x10 c:/program files (x86)/microchip/xc32/v1.34/bin/bin/../../lib/gcc/pic32mx/4.5.2/../../../../pic32mx/lib/./proc/32MX340F512H/crt0_mips32r2.o

.vector_0       0x9fc01200        0x8
 *(.vector_0)
 .vector_0      0x9fc01200        0x8 c:/program files (x86)/microchip/xc32/v1.34/bin/bin/../../lib/gcc/pic32mx/4.5.2/../../../../pic32mx/lib\libpic32.a(vector0.o)
                0x9fc01200                __vector_dispatch_0
                0x00000001                ASSERT (((_vector_spacing == 0x0) || (SIZEOF (.vector_0) <= (_vector_spacing << 0x5))), function at exception vector 0 too large)

.vector_1       0x9fc01220        0x8
 *(.vector_1)
 .vector_1      0x9fc01220        0x8 c:/program files (x86)/microchip/xc32/v1.34/bin/bin/../../lib/gcc/pic32mx/4.5.2/../../../../pic32mx/lib\libpic32.a(vector1.o)
                0x9fc01220                __vector_dispatch_1
                0x00000001                ASSERT (((_vector_spacing == 0x0) || (SIZEOF (.vector_1) <= (_vector_spacing << 0x5))), function at exception vector 1 too large)

.vector_2       0x9fc01240        0x8
 *(.vector_2)
 .vector_2      0x9fc01240        0x8 c:/program files (x86)/microchip/xc32/v1.34/bin/bin/../../lib/gcc/pic32mx/4.5.2/../../../../pic32mx/lib\libpic32.a(vector2.o)
                0x9fc01240                __vector_dispatch_2
                0x00000001                ASSERT (((_vector_spacing == 0x0) || (SIZEOF (.vector_2) <= (_vector_spacing << 0x5))), function at exception vector 2 too large)

.vector_3       0x9fc01260        0x8
 *(.vector_3)
 .vector_3      0x9fc01260        0x8 c:/program files (x86)/microchip/xc32/v1.34/bin/bin/../../lib/gcc/pic32mx/4.5.2/../../../../pic32mx/lib\libpic32.a(vector3.o)
                0x9fc01260                __vector_dispatch_3
                0x00000001                ASSERT (((_vector_spacing == 0x0) || (SIZEOF (.vector_3) <= (_vector_spacing << 0x5))), function at exception vector 3 too large)

.vector_4       0x9fc01280        0x8
 *(.vector_4)
 .vector_4      0x9fc01280        0x8 build/default/production/timer1.o
                0x9fc01280                __vector_dispatch_4
                0x00000001                ASSERT (((_vector_spacing == 0x0) || (SIZEOF (.vector_4) <= (_vector_spacing << 0x5))), function at exception vector 4 too large)

.vector_5       0x9fc012a0        0x8
 *(.vector_5)
 .vector_5      0x9fc012a0        0x8 c:/program files (x86)/microchip/xc32/v1.34/bin/bin/../../lib/gcc/pic32mx/4.5.2/../../../../pic32mx/lib\libpic32.a(vector5.o)
                0x9fc012a0                __vector_dispatch_5
                0x00000001                ASSERT (((_vector_spacing == 0x0) || (SIZEOF (.vector_5) <= (_vector_spacing << 0x5))), function at exception vector 5 too large)

.vector_6       0x9fc012c0        0x8
 *(.vector_6)
 .vector_6      0x9fc012c0        0x8 c:/program files (x86)/microchip/xc32/v1.34/bin/bin/../../lib/gcc/pic32mx/4.5.2/../../../../pic32mx/lib\libpic32.a(vector6.o)
                0x9fc012c0                __vector_dispatch_6
                0x00000001                ASSERT (((_vector_spacing == 0x0) || (SIZEOF (.vector_6) <= (_vector_spacing << 0x5))), function at exception vector 6 too large)

.vector_7       0x9fc012e0        0x8
 *(.vector_7)
 .vector_7      0x9fc012e0        0x8 c:/program files (x86)/microchip/xc32/v1.34/bin/bin/../../lib/gcc/pic32mx/4.5.2/../../../../pic32mx/lib\libpic32.a(vector7.o)
                0x9fc012e0                __vector_dispatch_7
                0x00000001                ASSERT (((_vector_spacing == 0x0) || (SIZEOF (.vector_7) <= (_vector_spacing << 0x5))), function at exception vector 7 too large)

.vector_8       0x9fc01300        0x8
 *(.vector_8)
 .vector_8      0x9fc01300        0x8 build/default/production/buzzer.o
                0x9fc01300                __vector_dispatch_8
                0x00000001                ASSERT (((_vector_spacing == 0x0) || (SIZEOF (.vector_8) <= (_vector_spacing << 0x5))), function at exception vector 8 too large)

.vector_9       0x9fc01320        0x8
 *(.vector_9)
 .vector_9      0x9fc01320        0x8 c:/program files (x86)/microchip/xc32/v1.34/bin/bin/../../lib/gcc/pic32mx/4.5.2/../../../../pic32mx/lib\libpic32.a(vector9.o)
                0x9fc01320                __vector_dispatch_9
                0x00000001                ASSERT (((_vector_spacing == 0x0) || (SIZEOF (.vector_9) <= (_vector_spacing << 0x5))), function at exception vector 9 too large)

.vector_10      0x9fc01340        0x8
 *(.vector_10)
 .vector_10     0x9fc01340        0x8 c:/program files (x86)/microchip/xc32/v1.34/bin/bin/../../lib/gcc/pic32mx/4.5.2/../../../../pic32mx/lib\libpic32.a(vector10.o)
                0x9fc01340                __vector_dispatch_10
                0x00000001                ASSERT (((_vector_spacing == 0x0) || (SIZEOF (.vector_10) <= (_vector_spacing << 0x5))), function at exception vector 10 too large)

.vector_11      0x9fc01360        0x8
 *(.vector_11)
 .vector_11     0x9fc01360        0x8 c:/program files (x86)/microchip/xc32/v1.34/bin/bin/../../lib/gcc/pic32mx/4.5.2/../../../../pic32mx/lib\libpic32.a(vector11.o)
                0x9fc01360                __vector_dispatch_11
                0x00000001                ASSERT (((_vector_spacing == 0x0) || (SIZEOF (.vector_11) <= (_vector_spacing << 0x5))), function at exception vector 11 too large)

.vector_12      0x9fc01380        0x8
 *(.vector_12)
 .vector_12     0x9fc01380        0x8 build/default/production/music.o
                0x9fc01380                __vector_dispatch_12
                0x00000001                ASSERT (((_vector_spacing == 0x0) || (SIZEOF (.vector_12) <= (_vector_spacing << 0x5))), function at exception vector 12 too large)

.vector_13      0x9fc013a0        0x8
 *(.vector_13)
 .vector_13     0x9fc013a0        0x8 c:/program files (x86)/microchip/xc32/v1.34/bin/bin/../../lib/gcc/pic32mx/4.5.2/../../../../pic32mx/lib\libpic32.a(vector13.o)
                0x9fc013a0                __vector_dispatch_13
                0x00000001                ASSERT (((_vector_spacing == 0x0) || (SIZEOF (.vector_13) <= (_vector_spacing << 0x5))), function at exception vector 13 too large)

.vector_14      0x9fc013c0        0x8
 *(.vector_14)
 .vector_14     0x9fc013c0        0x8 c:/program files (x86)/microchip/xc32/v1.34/bin/bin/../../lib/gcc/pic32mx/4.5.2/../../../../pic32mx/lib\libpic32.a(vector14.o)
                0x9fc013c0                __vector_dispatch_14
                0x00000001                ASSERT (((_vector_spacing == 0x0) || (SIZEOF (.vector_14) <= (_vector_spacing << 0x5))), function at exception vector 14 too large)

.vector_15      0x9fc013e0        0x8
 *(.vector_15)
 .vector_15     0x9fc013e0        0x8 c:/program files (x86)/microchip/xc32/v1.34/bin/bin/../../lib/gcc/pic32mx/4.5.2/../../../../pic32mx/lib\libpic32.a(vector15.o)
                0x9fc013e0                __vector_dispatch_15
                0x00000001                ASSERT (((_vector_spacing == 0x0) || (SIZEOF (.vector_15) <= (_vector_spacing << 0x5))), function at exception vector 15 too large)

.vector_16      0x9fc01400        0x8
 *(.vector_16)
 .vector_16     0x9fc01400        0x8 c:/program files (x86)/microchip/xc32/v1.34/bin/bin/../../lib/gcc/pic32mx/4.5.2/../../../../pic32mx/lib\libpic32.a(vector16.o)
                0x9fc01400                __vector_dispatch_16
                0x00000001                ASSERT (((_vector_spacing == 0x0) || (SIZEOF (.vector_16) <= (_vector_spacing << 0x5))), function at exception vector 16 too large)

.vector_17      0x9fc01420        0x8
 *(.vector_17)
 .vector_17     0x9fc01420        0x8 c:/program files (x86)/microchip/xc32/v1.34/bin/bin/../../lib/gcc/pic32mx/4.5.2/../../../../pic32mx/lib\libpic32.a(vector17.o)
                0x9fc01420                __vector_dispatch_17
                0x00000001                ASSERT (((_vector_spacing == 0x0) || (SIZEOF (.vector_17) <= (_vector_spacing << 0x5))), function at exception vector 17 too large)

.vector_18      0x9fc01440        0x8
 *(.vector_18)
 .vector_18     0x9fc01440        0x8 c:/program files (x86)/microchip/xc32/v1.34/bin/bin/../../lib/gcc/pic32mx/4.5.2/../../../../pic32mx/lib\libpic32.a(vector18.o)
                0x9fc01440                __vector_dispatch_18
                0x00000001                ASSERT (((_vector_spacing == 0x0) || (SIZEOF (.vector_18) <= (_vector_spacing << 0x5))), function at exception vector 18 too large)

.vector_19      0x9fc01460        0x8
 *(.vector_19)
 .vector_19     0x9fc01460        0x8 c:/program files (x86)/microchip/xc32/v1.34/bin/bin/../../lib/gcc/pic32mx/4.5.2/../../../../pic32mx/lib\libpic32.a(vector19.o)
                0x9fc01460                __vector_dispatch_19
                0x00000001                ASSERT (((_vector_spacing == 0x0) || (SIZEOF (.vector_19) <= (_vector_spacing << 0x5))), function at exception vector 19 too large)

.vector_20      0x9fc01480        0x8
 *(.vector_20)
 .vector_20     0x9fc01480        0x8 c:/program files (x86)/microchip/xc32/v1.34/bin/bin/../../lib/gcc/pic32mx/4.5.2/../../../../pic32mx/lib\libpic32.a(vector20.o)
                0x9fc01480                __vector_dispatch_20
                0x00000001                ASSERT (((_vector_spacing == 0x0) || (SIZEOF (.vector_20) <= (_vector_spacing << 0x5))), function at exception vector 20 too large)

.vector_21      0x9fc014a0        0x8
 *(.vector_21)
 .vector_21     0x9fc014a0        0x8 c:/program files (x86)/microchip/xc32/v1.34/bin/bin/../../lib/gcc/pic32mx/4.5.2/../../../../pic32mx/lib\libpic32.a(vector21.o)
                0x9fc014a0                __vector_dispatch_21
                0x00000001                ASSERT (((_vector_spacing == 0x0) || (SIZEOF (.vector_21) <= (_vector_spacing << 0x5))), function at exception vector 21 too large)

.vector_22      0x9fc014c0        0x8
 *(.vector_22)
 .vector_22     0x9fc014c0        0x8 c:/program files (x86)/microchip/xc32/v1.34/bin/bin/../../lib/gcc/pic32mx/4.5.2/../../../../pic32mx/lib\libpic32.a(vector22.o)
                0x9fc014c0                __vector_dispatch_22
                0x00000001                ASSERT (((_vector_spacing == 0x0) || (SIZEOF (.vector_22) <= (_vector_spacing << 0x5))), function at exception vector 22 too large)

.vector_23      0x9fc014e0        0x8
 *(.vector_23)
 .vector_23     0x9fc014e0        0x8 build/default/production/ShiftRegister.o
                0x9fc014e0                __vector_dispatch_23
                0x00000001                ASSERT (((_vector_spacing == 0x0) || (SIZEOF (.vector_23) <= (_vector_spacing << 0x5))), function at exception vector 23 too large)

.vector_24      0x9fc01500        0x8
 *(.vector_24)
 .vector_24     0x9fc01500        0x8 c:/program files (x86)/microchip/xc32/v1.34/bin/bin/../../lib/gcc/pic32mx/4.5.2/../../../../pic32mx/lib\libpic32.a(vector24.o)
                0x9fc01500                __vector_dispatch_24
                0x00000001                ASSERT (((_vector_spacing == 0x0) || (SIZEOF (.vector_24) <= (_vector_spacing << 0x5))), function at exception vector 24 too large)

.vector_25      0x9fc01520        0x8
 *(.vector_25)
 .vector_25     0x9fc01520        0x8 c:/program files (x86)/microchip/xc32/v1.34/bin/bin/../../lib/gcc/pic32mx/4.5.2/../../../../pic32mx/lib\libpic32.a(vector25.o)
                0x9fc01520                __vector_dispatch_25
                0x00000001                ASSERT (((_vector_spacing == 0x0) || (SIZEOF (.vector_25) <= (_vector_spacing << 0x5))), function at exception vector 25 too large)

.vector_26      0x9fc01540        0x8
 *(.vector_26)
 .vector_26     0x9fc01540        0x8 c:/program files (x86)/microchip/xc32/v1.34/bin/bin/../../lib/gcc/pic32mx/4.5.2/../../../../pic32mx/lib\libpic32.a(vector26.o)
                0x9fc01540                __vector_dispatch_26
                0x00000001                ASSERT (((_vector_spacing == 0x0) || (SIZEOF (.vector_26) <= (_vector_spacing << 0x5))), function at exception vector 26 too large)

.vector_27      0x9fc01560        0x8
 *(.vector_27)
 .vector_27     0x9fc01560        0x8 c:/program files (x86)/microchip/xc32/v1.34/bin/bin/../../lib/gcc/pic32mx/4.5.2/../../../../pic32mx/lib\libpic32.a(vector27.o)
                0x9fc01560                __vector_dispatch_27
                0x00000001                ASSERT (((_vector_spacing == 0x0) || (SIZEOF (.vector_27) <= (_vector_spacing << 0x5))), function at exception vector 27 too large)

.vector_28      0x9fc01580        0x8
 *(.vector_28)
 .vector_28     0x9fc01580        0x8 c:/program files (x86)/microchip/xc32/v1.34/bin/bin/../../lib/gcc/pic32mx/4.5.2/../../../../pic32mx/lib\libpic32.a(vector28.o)
                0x9fc01580                __vector_dispatch_28
                0x00000001                ASSERT (((_vector_spacing == 0x0) || (SIZEOF (.vector_28) <= (_vector_spacing << 0x5))), function at exception vector 28 too large)

.vector_29      0x9fc015a0        0x8
 *(.vector_29)
 .vector_29     0x9fc015a0        0x8 c:/program files (x86)/microchip/xc32/v1.34/bin/bin/../../lib/gcc/pic32mx/4.5.2/../../../../pic32mx/lib\libpic32.a(vector29.o)
                0x9fc015a0                __vector_dispatch_29
                0x00000001                ASSERT (((_vector_spacing == 0x0) || (SIZEOF (.vector_29) <= (_vector_spacing << 0x5))), function at exception vector 29 too large)

.vector_30      0x9fc015c0        0x8
 *(.vector_30)
 .vector_30     0x9fc015c0        0x8 c:/program files (x86)/microchip/xc32/v1.34/bin/bin/../../lib/gcc/pic32mx/4.5.2/../../../../pic32mx/lib\libpic32.a(vector30.o)
                0x9fc015c0                __vector_dispatch_30
                0x00000001                ASSERT (((_vector_spacing == 0x0) || (SIZEOF (.vector_30) <= (_vector_spacing << 0x5))), function at exception vector 30 too large)

.vector_31      0x9fc015e0        0x8
 *(.vector_31)
 .vector_31     0x9fc015e0        0x8 c:/program files (x86)/microchip/xc32/v1.34/bin/bin/../../lib/gcc/pic32mx/4.5.2/../../../../pic32mx/lib\libpic32.a(vector31.o)
                0x9fc015e0                __vector_dispatch_31
                0x00000001                ASSERT (((_vector_spacing == 0x0) || (SIZEOF (.vector_31) <= (_vector_spacing << 0x5))), function at exception vector 31 too large)

.vector_32      0x9fc01600        0x8
 *(.vector_32)
 .vector_32     0x9fc01600        0x8 build/default/production/midi.o
                0x9fc01600                __vector_dispatch_32
                0x00000001                ASSERT (((_vector_spacing == 0x0) || (SIZEOF (.vector_32) <= (_vector_spacing << 0x5))), function at exception vector 32 too large)

.vector_33      0x9fc01620        0x8
 *(.vector_33)
 .vector_33     0x9fc01620        0x8 c:/program files (x86)/microchip/xc32/v1.34/bin/bin/../../lib/gcc/pic32mx/4.5.2/../../../../pic32mx/lib\libpic32.a(vector33.o)
                0x9fc01620                __vector_dispatch_33
                0x00000001                ASSERT (((_vector_spacing == 0x0) || (SIZEOF (.vector_33) <= (_vector_spacing << 0x5))), function at exception vector 33 too large)

.vector_34      0x9fc01640        0x8
 *(.vector_34)
 .vector_34     0x9fc01640        0x8 c:/program files (x86)/microchip/xc32/v1.34/bin/bin/../../lib/gcc/pic32mx/4.5.2/../../../../pic32mx/lib\libpic32.a(vector34.o)
                0x9fc01640                __vector_dispatch_34
                0x00000001                ASSERT (((_vector_spacing == 0x0) || (SIZEOF (.vector_34) <= (_vector_spacing << 0x5))), function at exception vector 34 too large)

.vector_35      0x9fc01660        0x8
 *(.vector_35)
 .vector_35     0x9fc01660        0x8 c:/program files (x86)/microchip/xc32/v1.34/bin/bin/../../lib/gcc/pic32mx/4.5.2/../../../../pic32mx/lib\libpic32.a(vector35.o)
                0x9fc01660                __vector_dispatch_35
                0x00000001                ASSERT (((_vector_spacing == 0x0) || (SIZEOF (.vector_35) <= (_vector_spacing << 0x5))), function at exception vector 35 too large)

.vector_36      0x9fc01680        0x8
 *(.vector_36)
 .vector_36     0x9fc01680        0x8 c:/program files (x86)/microchip/xc32/v1.34/bin/bin/../../lib/gcc/pic32mx/4.5.2/../../../../pic32mx/lib\libpic32.a(vector36.o)
                0x9fc01680                __vector_dispatch_36
                0x00000001                ASSERT (((_vector_spacing == 0x0) || (SIZEOF (.vector_36) <= (_vector_spacing << 0x5))), function at exception vector 36 too large)

.vector_37      0x9fc016a0        0x8
 *(.vector_37)
 .vector_37     0x9fc016a0        0x8 c:/program files (x86)/microchip/xc32/v1.34/bin/bin/../../lib/gcc/pic32mx/4.5.2/../../../../pic32mx/lib\libpic32.a(vector37.o)
                0x9fc016a0                __vector_dispatch_37
                0x00000001                ASSERT (((_vector_spacing == 0x0) || (SIZEOF (.vector_37) <= (_vector_spacing << 0x5))), function at exception vector 37 too large)

.vector_38      0x9fc016c0        0x8
 *(.vector_38)
 .vector_38     0x9fc016c0        0x8 c:/program files (x86)/microchip/xc32/v1.34/bin/bin/../../lib/gcc/pic32mx/4.5.2/../../../../pic32mx/lib\libpic32.a(vector38.o)
                0x9fc016c0                __vector_dispatch_38
                0x00000001                ASSERT (((_vector_spacing == 0x0) || (SIZEOF (.vector_38) <= (_vector_spacing << 0x5))), function at exception vector 38 too large)

.vector_39      0x9fc016e0        0x8
 *(.vector_39)
 .vector_39     0x9fc016e0        0x8 c:/program files (x86)/microchip/xc32/v1.34/bin/bin/../../lib/gcc/pic32mx/4.5.2/../../../../pic32mx/lib\libpic32.a(vector39.o)
                0x9fc016e0                __vector_dispatch_39
                0x00000001                ASSERT (((_vector_spacing == 0x0) || (SIZEOF (.vector_39) <= (_vector_spacing << 0x5))), function at exception vector 39 too large)

.vector_40      0x9fc01700        0x8
 *(.vector_40)
 .vector_40     0x9fc01700        0x8 c:/program files (x86)/microchip/xc32/v1.34/bin/bin/../../lib/gcc/pic32mx/4.5.2/../../../../pic32mx/lib\libpic32.a(vector40.o)
                0x9fc01700                __vector_dispatch_40
                0x00000001                ASSERT (((_vector_spacing == 0x0) || (SIZEOF (.vector_40) <= (_vector_spacing << 0x5))), function at exception vector 40 too large)

.vector_41      0x9fc01720        0x8
 *(.vector_41)
 .vector_41     0x9fc01720        0x8 c:/program files (x86)/microchip/xc32/v1.34/bin/bin/../../lib/gcc/pic32mx/4.5.2/../../../../pic32mx/lib\libpic32.a(vector41.o)
                0x9fc01720                __vector_dispatch_41
                0x00000001                ASSERT (((_vector_spacing == 0x0) || (SIZEOF (.vector_41) <= (_vector_spacing << 0x5))), function at exception vector 41 too large)

.vector_42      0x9fc01740        0x8
 *(.vector_42)
 .vector_42     0x9fc01740        0x8 c:/program files (x86)/microchip/xc32/v1.34/bin/bin/../../lib/gcc/pic32mx/4.5.2/../../../../pic32mx/lib\libpic32.a(vector42.o)
                0x9fc01740                __vector_dispatch_42
                0x00000001                ASSERT (((_vector_spacing == 0x0) || (SIZEOF (.vector_42) <= (_vector_spacing << 0x5))), function at exception vector 42 too large)

.vector_43      0x9fc01760        0x8
 *(.vector_43)
 .vector_43     0x9fc01760        0x8 c:/program files (x86)/microchip/xc32/v1.34/bin/bin/../../lib/gcc/pic32mx/4.5.2/../../../../pic32mx/lib\libpic32.a(vector43.o)
                0x9fc01760                __vector_dispatch_43
                0x00000001                ASSERT (((_vector_spacing == 0x0) || (SIZEOF (.vector_43) <= (_vector_spacing << 0x5))), function at exception vector 43 too large)

.vector_44      0x9fc01780        0x8
 *(.vector_44)
 .vector_44     0x9fc01780        0x8 c:/program files (x86)/microchip/xc32/v1.34/bin/bin/../../lib/gcc/pic32mx/4.5.2/../../../../pic32mx/lib\libpic32.a(vector44.o)
                0x9fc01780                __vector_dispatch_44
                0x00000001                ASSERT (((_vector_spacing == 0x0) || (SIZEOF (.vector_44) <= (_vector_spacing << 0x5))), function at exception vector 44 too large)

.vector_45      0x9fc017a0        0x0
 *(.vector_45)
                0x00000001                ASSERT (((_vector_spacing == 0x0) || (SIZEOF (.vector_45) <= (_vector_spacing << 0x5))), function at exception vector 45 too large)

.vector_46      0x9fc017c0        0x0
 *(.vector_46)
                0x00000001                ASSERT (((_vector_spacing == 0x0) || (SIZEOF (.vector_46) <= (_vector_spacing << 0x5))), function at exception vector 46 too large)

.vector_47      0x9fc017e0        0x0
 *(.vector_47)
                0x00000001                ASSERT (((_vector_spacing == 0x0) || (SIZEOF (.vector_47) <= (_vector_spacing << 0x5))), function at exception vector 47 too large)

.vector_48      0x9fc01800        0x0
 *(.vector_48)
                0x00000001                ASSERT (((_vector_spacing == 0x0) || (SIZEOF (.vector_48) <= (_vector_spacing << 0x5))), function at exception vector 48 too large)

.vector_49      0x9fc01820        0x0
 *(.vector_49)
                0x00000001                ASSERT (((_vector_spacing == 0x0) || (SIZEOF (.vector_49) <= (_vector_spacing << 0x5))), function at exception vector 49 too large)

.vector_50      0x9fc01840        0x0
 *(.vector_50)
                0x00000001                ASSERT (((_vector_spacing == 0x0) || (SIZEOF (.vector_50) <= (_vector_spacing << 0x5))), function at exception vector 50 too large)

.vector_51      0x9fc01860        0x0
 *(.vector_51)
                0x00000001                ASSERT (((_vector_spacing == 0x0) || (SIZEOF (.vector_51) <= (_vector_spacing << 0x5))), function at exception vector 51 too large)

.vector_52      0x9fc01880        0x0
 *(.vector_52)
                0x00000001                ASSERT (((_vector_spacing == 0x0) || (SIZEOF (.vector_52) <= (_vector_spacing << 0x5))), function at exception vector 52 too large)

.vector_53      0x9fc018a0        0x0
 *(.vector_53)
                0x00000001                ASSERT (((_vector_spacing == 0x0) || (SIZEOF (.vector_53) <= (_vector_spacing << 0x5))), function at exception vector 53 too large)

.vector_54      0x9fc018c0        0x0
 *(.vector_54)
                0x00000001                ASSERT (((_vector_spacing == 0x0) || (SIZEOF (.vector_54) <= (_vector_spacing << 0x5))), function at exception vector 54 too large)

.vector_55      0x9fc018e0        0x0
 *(.vector_55)
                0x00000001                ASSERT (((_vector_spacing == 0x0) || (SIZEOF (.vector_55) <= (_vector_spacing << 0x5))), function at exception vector 55 too large)

.vector_56      0x9fc01900        0x0
 *(.vector_56)
                0x00000001                ASSERT (((_vector_spacing == 0x0) || (SIZEOF (.vector_56) <= (_vector_spacing << 0x5))), function at exception vector 56 too large)

.vector_57      0x9fc01920        0x0
 *(.vector_57)
                0x00000001                ASSERT (((_vector_spacing == 0x0) || (SIZEOF (.vector_57) <= (_vector_spacing << 0x5))), function at exception vector 57 too large)

.vector_58      0x9fc01940        0x0
 *(.vector_58)
                0x00000001                ASSERT (((_vector_spacing == 0x0) || (SIZEOF (.vector_58) <= (_vector_spacing << 0x5))), function at exception vector 58 too large)

.vector_59      0x9fc01960        0x0
 *(.vector_59)
                0x00000001                ASSERT (((_vector_spacing == 0x0) || (SIZEOF (.vector_59) <= (_vector_spacing << 0x5))), function at exception vector 59 too large)

.vector_60      0x9fc01980        0x0
 *(.vector_60)
                0x00000001                ASSERT (((_vector_spacing == 0x0) || (SIZEOF (.vector_60) <= (_vector_spacing << 0x5))), function at exception vector 60 too large)

.vector_61      0x9fc019a0        0x0
 *(.vector_61)
                0x00000001                ASSERT (((_vector_spacing == 0x0) || (SIZEOF (.vector_61) <= (_vector_spacing << 0x5))), function at exception vector 61 too large)

.vector_62      0x9fc019c0        0x0
 *(.vector_62)
                0x00000001                ASSERT (((_vector_spacing == 0x0) || (SIZEOF (.vector_62) <= (_vector_spacing << 0x5))), function at exception vector 62 too large)

.vector_63      0x9fc019e0        0x0
 *(.vector_63)
                0x00000001                ASSERT (((_vector_spacing == 0x0) || (SIZEOF (.vector_63) <= (_vector_spacing << 0x5))), function at exception vector 63 too large)

.startup
 *(.startup)

.text           0x9d000000        0x0
 *(.stub .gnu.linkonce.t.*)
 *(.text.*personality*)
 *(.mips16.fn.*)
 *(.mips16.call.*)
 *(.gnu.warning)
                0x9d000000                . = ALIGN (0x4)

.init           0x9d000000        0x0
 *crti.o(.init)
 *crtbegin.o(.init)
 *(EXCLUDE_FILE(*crtn.o *crtend?.o *crtend.o) .init)
 *crtend.o(.init)
 *crtn.o(.init)
                0x9d000000                . = ALIGN (0x4)

.fini           0x9d000000        0x0
 *(.fini)
                0x9d000000                . = ALIGN (0x4)

.preinit_array  0x9d000000        0x0
                0x9d000000                PROVIDE (__preinit_array_start, .)
 *(.preinit_array)
                0x9d000000                PROVIDE (__preinit_array_end, .)
                0x9d000000                . = ALIGN (0x4)

.init_array     0x9d000000        0x0
                0x9d000000                PROVIDE (__init_array_start, .)
 *(SORT(.init_array.*))
 *(.init_array)
                0x9d000000                PROVIDE (__init_array_end, .)
                0x9d000000                . = ALIGN (0x4)

.fini_array     0x9d000000        0x0
                0x9d000000                PROVIDE (__fini_array_start, .)
 *(SORT(.fini_array.*))
 *(.fini_array)
                0x9d000000                PROVIDE (__fini_array_end, .)
                0x9d000000                . = ALIGN (0x4)

.ctors          0x9d000000        0x0
 *crtbegin.o(.ctors)
 *crtbegin?.o(.ctors)
 *(EXCLUDE_FILE(*crtend?.o *crtend.o) .ctors)
 *(SORT(.ctors.*))
 *(.ctors)
                0x9d000000                . = ALIGN (0x4)

.dtors          0x9d000000        0x0
 *crtbegin.o(.dtors)
 *crtbegin?.o(.dtors)
 *(EXCLUDE_FILE(*crtend?.o *crtend.o) .dtors)
 *(SORT(.dtors.*))
 *(.dtors)
                0x9d000000                . = ALIGN (0x4)

.rodata         0x9d000000        0x0
 *(.gnu.linkonce.r.*)
 *(.rodata1)
                0x9d000000                . = ALIGN (0x4)

.sdata2         0x9fc00490        0x0
 *(.sdata2 .sdata2.* .gnu.linkonce.s2.*)
                0x9fc00490                . = ALIGN (0x4)

.sbss2          0x9fc00490        0x0
 *(.sbss2 .sbss2.* .gnu.linkonce.sb2.*)
                0x9fc00490                . = ALIGN (0x4)

.eh_frame_hdr
 *(.eh_frame_hdr)
                0x9fc00490                . = ALIGN (0x4)

.eh_frame
 *(.eh_frame)
                0x9fc00490                . = ALIGN (0x4)

.gcc_except_table
 *(.gcc_except_table .gcc_except_table.*)
                0x9fc00490                . = ALIGN (0x4)

.dbg_data       0xa0000000        0x0
                0xa0000000                . = (. + DEFINED (_DEBUGGER)?0x200:0x0)

.jcr            0xa0000000        0x0
 *(.jcr)
                0xa0000000                . = ALIGN (0x4)

.eh_frame
 *(.eh_frame)
                0xa0000000                . = ALIGN (0x4)

.gcc_except_table
 *(.gcc_except_table .gcc_except_table.*)
                0xa0000000                . = ALIGN (0x4)

.persist        0xa0000000        0x0
                0xa0000000                _persist_begin = .
 *(.persist .persist.*)
 *(.pbss .pbss.*)
                0xa0000000                . = ALIGN (0x4)
                0xa0000000                _persist_end = .

.data           0xa0000000        0x0
 *(.gnu.linkonce.d.*)
 *(.data1)
                0xa0000000                . = ALIGN (0x4)
                0xa0000000                . = .
                0xa0007ff0                _gp = (ALIGN (0x10) + 0x7ff0)

.got            0xa0000000        0x0
 *(.got.plt)
 *(.got)
                0xa0000000                . = ALIGN (0x4)

.sdata          0xa0000000        0x0
                0xa0000000                _sdata_begin = .
 *(.sdata .sdata.* .gnu.linkonce.s.*)
                0xa0000000                . = ALIGN (0x4)
                0xa0000000                _sdata_end = .

.lit8
 *(.lit8)

.lit4
 *(.lit4)
                0xa0000000                . = ALIGN (0x4)
                0xa0000000                _data_end = .
                0xa0000000                _bss_begin = .

.sbss           0xa0000000       0x38
                0xa0000000                _sbss_begin = .
 *(.dynsbss)
 *(.sbss .sbss.* .gnu.linkonce.sb.*)
 .sbss          0xa0000000       0x18 build/default/production/ShiftRegister.o
 .sbss          0xa0000018        0x1 build/default/production/run_config.o
 .sbss          0xa0000019        0x2 build/default/production/midi.o
 *fill*         0xa000001b        0x1 
 .sbss          0xa000001c       0x10 build/default/production/music.o
 *(.scommon)
 .scommon       0xa000002c        0xc build/default/production/spi.o
                0xa000002c                g_led
                0xa0000030                g_switch
                0xa0000034                g_state
 .scommon       0xa0000038        0x0 build/default/production/ShiftRegister.o
 .scommon       0xa0000038        0x0 build/default/production/i2c.o
 .scommon       0xa0000038        0x0 build/default/production/lcd.o
 .scommon       0xa0000038        0x0 build/default/production/main.o
 .scommon       0xa0000038        0x0 build/default/production/timer1.o
 .scommon       0xa0000038        0x0 build/default/production/run_config.o
 .scommon       0xa0000038        0x0 build/default/production/run_learn.o
                0xa0000038                _sbss_end = .
                0xa0000038                . = ALIGN (0x4)

.bss            0xa0000038        0x0
 *(.dynbss)
 *(COMMON)
                0xa0000038                . = ALIGN ((. != 0x0)?0x4:0x1)
                0xa0000038                . = ALIGN (0x4)
                0xa0000038                _end = .
                0xa0000038                _bss_end = .
                0x00008000                _bmxdudba_address = 0x8000
                0x00008000                _bmxdupba_address = 0x8000

/DISCARD/
 *(.pdr)
 *(.rel.dyn)
 *(.note.GNU-stack)
 *(.note.GNU-stack)
 *(.gnu_debuglink)
 *(.gnu.lto_*)
 *(.discard)

.gptab.sdata
 *(.gptab.data)
 *(.gptab.sdata)

.gptab.sbss
 *(.gptab.bss)
 *(.gptab.sbss)

.mdebug.abi32   0xa0000038        0x0
 *(.mdebug.abi32)
 .mdebug.abi32  0xa0000038        0x0 build/default/production/spi.o
 .mdebug.abi32  0xa0000038        0x0 build/default/production/ShiftRegister.o
 .mdebug.abi32  0xa0000038        0x0 build/default/production/i2c.o
 .mdebug.abi32  0xa0000038        0x0 build/default/production/lcd.o
 .mdebug.abi32  0xa0000038        0x0 build/default/production/pragma.o
 .mdebug.abi32  0xa0000038        0x0 build/default/production/main.o
 .mdebug.abi32  0xa0000038        0x0 build/default/production/timer1.o
 .mdebug.abi32  0xa0000038        0x0 build/default/production/run_config.o
 .mdebug.abi32  0xa0000038        0x0 build/default/production/midi.o
 .mdebug.abi32  0xa0000038        0x0 build/default/production/buzzer.o
 .mdebug.abi32  0xa0000038        0x0 build/default/production/audio.o
 .mdebug.abi32  0xa0000038        0x0 build/default/production/music.o
 .mdebug.abi32  0xa0000038        0x0 build/default/production/run_simon.o
 .mdebug.abi32  0xa0000038        0x0 build/default/production/run_learn.o
 .mdebug.abi32  0xa0000038        0x0 build/default/production/run_free.o
 .mdebug.abi32  0xa0000038        0x0 c:/program files (x86)/microchip/xc32/v1.34/bin/bin/../../lib/gcc/pic32mx/4.5.2/../../../../pic32mx/lib\libpic32.a(default-bootstrap-exception-handler.o)
 .mdebug.abi32  0xa0000038        0x0 c:/program files (x86)/microchip/xc32/v1.34/bin/bin/../../lib/gcc/pic32mx/4.5.2/../../../../pic32mx/lib\libpic32.a(default-on-reset.o)
 .mdebug.abi32  0xa0000038        0x0 c:/program files (x86)/microchip/xc32/v1.34/bin/bin/../../lib/gcc/pic32mx/4.5.2/../../../../pic32mx/lib\libpic32.a(default-on-bootstrap.o)
 .mdebug.abi32  0xa0000038        0x0 c:/program files (x86)/microchip/xc32/v1.34/bin/bin/../../lib/gcc/pic32mx/4.5.2/../../../../pic32mx/lib\libpic32.a(default-general-exception-handler.o)
 .mdebug.abi32  0xa0000038        0x0 c:/program files (x86)/microchip/xc32/v1.34/bin/bin/../../lib/gcc/pic32mx/4.5.2/../../../../pic32mx/lib\libpic32.a(defaultinterrupt.o)

.mdebug.abiN32
 *(.mdebug.abiN32)

.mdebug.abi64
 *(.mdebug.abi64)

.mdebug.abiO64
 *(.mdebug.abiO64)

.mdebug.eabi32
 *(.mdebug.eabi32)

.mdebug.eabi64
 *(.mdebug.eabi64)

.gcc_compiled_long32
 *(.gcc_compiled_long32)

.gcc_compiled_long64
 *(.gcc_compiled_long64)

.stab
 *(.stab)

.stabstr
 *(.stabstr)

.stab.excl
 *(.stab.excl)

.stab.exclstr
 *(.stab.exclstr)

.stab.index
 *(.stab.index)

.stab.indexstr
 *(.stab.indexstr)

.comment        0x00000000       0x3c
 *(.comment)
 .comment       0x00000000       0x3c build/default/production/spi.o
                                 0x3d (size before relaxing)
 .comment       0x00000000       0x3d build/default/production/ShiftRegister.o
 .comment       0x00000000       0x3d build/default/production/i2c.o
 .comment       0x00000000       0x3d build/default/production/lcd.o
 .comment       0x00000000       0x3d build/default/production/pragma.o
 .comment       0x00000000       0x3d build/default/production/main.o
 .comment       0x00000000       0x3d build/default/production/timer1.o
 .comment       0x00000000       0x3d build/default/production/run_config.o
 .comment       0x00000000       0x3d build/default/production/midi.o
 .comment       0x00000000       0x3d build/default/production/buzzer.o
 .comment       0x00000000       0x3d build/default/production/audio.o
 .comment       0x00000000       0x3d build/default/production/music.o
 .comment       0x00000000       0x3d build/default/production/run_simon.o
 .comment       0x00000000       0x3d build/default/production/run_learn.o
 .comment       0x00000000       0x3d build/default/production/run_free.o
 .comment       0x00000000       0x3d c:/program files (x86)/microchip/xc32/v1.34/bin/bin/../../lib/gcc/pic32mx/4.5.2/../../../../pic32mx/lib\libpic32.a(default-bootstrap-exception-handler.o)
 .comment       0x00000000       0x3d c:/program files (x86)/microchip/xc32/v1.34/bin/bin/../../lib/gcc/pic32mx/4.5.2/../../../../pic32mx/lib\libpic32.a(default-on-reset.o)
 .comment       0x00000000       0x3d c:/program files (x86)/microchip/xc32/v1.34/bin/bin/../../lib/gcc/pic32mx/4.5.2/../../../../pic32mx/lib\libpic32.a(default-on-bootstrap.o)
 .comment       0x00000000       0x3d c:/program files (x86)/microchip/xc32/v1.34/bin/bin/../../lib/gcc/pic32mx/4.5.2/../../../../pic32mx/lib\libpic32.a(default-general-exception-handler.o)
 .comment       0x00000000       0x3d c:/program files (x86)/microchip/xc32/v1.34/bin/bin/../../lib/gcc/pic32mx/4.5.2/../../../../pic32mx/lib\libpic32.a(defaultinterrupt.o)

.debug
 *(.debug)

.line
 *(.line)

.debug_srcinfo
 *(.debug_srcinfo)

.debug_sfnames
 *(.debug_sfnames)

.debug_aranges  0x00000000      0x220
 *(.debug_aranges)
 .debug_aranges
                0x00000000       0x20 build/default/production/spi.o
 .debug_aranges
                0x00000020       0x20 build/default/production/ShiftRegister.o
 .debug_aranges
                0x00000040       0x20 build/default/production/i2c.o
 .debug_aranges
                0x00000060       0x20 build/default/production/lcd.o
 .debug_aranges
                0x00000080       0x20 build/default/production/main.o
 .debug_aranges
                0x000000a0       0x20 build/default/production/timer1.o
 .debug_aranges
                0x000000c0       0x20 build/default/production/run_config.o
 .debug_aranges
                0x000000e0       0x20 build/default/production/midi.o
 .debug_aranges
                0x00000100       0x20 build/default/production/buzzer.o
 .debug_aranges
                0x00000120       0x20 build/default/production/audio.o
 .debug_aranges
                0x00000140       0x20 build/default/production/music.o
 .debug_aranges
                0x00000160       0x20 build/default/production/run_learn.o
 .debug_aranges
                0x00000180       0x20 c:/program files (x86)/microchip/xc32/v1.34/bin/bin/../../lib/gcc/pic32mx/4.5.2/../../../../pic32mx/lib\libpic32.a(default-bootstrap-exception-handler.o)
 .debug_aranges
                0x000001a0       0x20 c:/program files (x86)/microchip/xc32/v1.34/bin/bin/../../lib/gcc/pic32mx/4.5.2/../../../../pic32mx/lib\libpic32.a(default-on-reset.o)
 .debug_aranges
                0x000001c0       0x20 c:/program files (x86)/microchip/xc32/v1.34/bin/bin/../../lib/gcc/pic32mx/4.5.2/../../../../pic32mx/lib\libpic32.a(default-on-bootstrap.o)
 .debug_aranges
                0x000001e0       0x20 c:/program files (x86)/microchip/xc32/v1.34/bin/bin/../../lib/gcc/pic32mx/4.5.2/../../../../pic32mx/lib\libpic32.a(default-general-exception-handler.o)
 .debug_aranges
                0x00000200       0x20 c:/program files (x86)/microchip/xc32/v1.34/bin/bin/../../lib/gcc/pic32mx/4.5.2/../../../../pic32mx/lib\libpic32.a(defaultinterrupt.o)

.debug_pubnames
                0x00000000      0x5ad
 *(.debug_pubnames)
 .debug_pubnames
                0x00000000       0x42 build/default/production/spi.o
 .debug_pubnames
                0x00000042       0xb7 build/default/production/ShiftRegister.o
 .debug_pubnames
                0x000000f9       0x7b build/default/production/i2c.o
 .debug_pubnames
                0x00000174       0xb9 build/default/production/lcd.o
 .debug_pubnames
                0x0000022d       0x61 build/default/production/main.o
 .debug_pubnames
                0x0000028e       0x50 build/default/production/timer1.o
 .debug_pubnames
                0x000002de       0x53 build/default/production/run_config.o
 .debug_pubnames
                0x00000331       0x4b build/default/production/midi.o
 .debug_pubnames
                0x0000037c       0x52 build/default/production/buzzer.o
 .debug_pubnames
                0x000003ce       0x3f build/default/production/audio.o
 .debug_pubnames
                0x0000040d       0x7d build/default/production/music.o
 .debug_pubnames
                0x0000048a       0x53 build/default/production/run_learn.o
 .debug_pubnames
                0x000004dd       0x33 c:/program files (x86)/microchip/xc32/v1.34/bin/bin/../../lib/gcc/pic32mx/4.5.2/../../../../pic32mx/lib\libpic32.a(default-bootstrap-exception-handler.o)
 .debug_pubnames
                0x00000510       0x20 c:/program files (x86)/microchip/xc32/v1.34/bin/bin/../../lib/gcc/pic32mx/4.5.2/../../../../pic32mx/lib\libpic32.a(default-on-reset.o)
 .debug_pubnames
                0x00000530       0x24 c:/program files (x86)/microchip/xc32/v1.34/bin/bin/../../lib/gcc/pic32mx/4.5.2/../../../../pic32mx/lib\libpic32.a(default-on-bootstrap.o)
 .debug_pubnames
                0x00000554       0x31 c:/program files (x86)/microchip/xc32/v1.34/bin/bin/../../lib/gcc/pic32mx/4.5.2/../../../../pic32mx/lib\libpic32.a(default-general-exception-handler.o)
 .debug_pubnames
                0x00000585       0x28 c:/program files (x86)/microchip/xc32/v1.34/bin/bin/../../lib/gcc/pic32mx/4.5.2/../../../../pic32mx/lib\libpic32.a(defaultinterrupt.o)

.debug_info     0x00000000     0x6419
 *(.debug_info .gnu.linkonce.wi.*)
 .debug_info    0x00000000      0xd1f build/default/production/spi.o
 .debug_info    0x00000d1f      0x9ec build/default/production/ShiftRegister.o
 .debug_info    0x0000170b      0x69b build/default/production/i2c.o
 .debug_info    0x00001da6      0x684 build/default/production/lcd.o
 .debug_info    0x0000242a       0xce build/default/production/pragma.o
 .debug_info    0x000024f8      0x580 build/default/production/main.o
 .debug_info    0x00002a78      0xb33 build/default/production/timer1.o
 .debug_info    0x000035ab      0x26d build/default/production/run_config.o
 .debug_info    0x00003818      0xc2e build/default/production/midi.o
 .debug_info    0x00004446      0xce3 build/default/production/buzzer.o
 .debug_info    0x00005129      0x157 build/default/production/audio.o
 .debug_info    0x00005280      0xb84 build/default/production/music.o
 .debug_info    0x00005e04        0x0 build/default/production/run_simon.o
 .debug_info    0x00005e04      0x1ff build/default/production/run_learn.o
 .debug_info    0x00006003        0x0 build/default/production/run_free.o
 .debug_info    0x00006003       0xe2 c:/program files (x86)/microchip/xc32/v1.34/bin/bin/../../lib/gcc/pic32mx/4.5.2/../../../../pic32mx/lib\libpic32.a(default-bootstrap-exception-handler.o)
 .debug_info    0x000060e5       0xbc c:/program files (x86)/microchip/xc32/v1.34/bin/bin/../../lib/gcc/pic32mx/4.5.2/../../../../pic32mx/lib\libpic32.a(default-on-reset.o)
 .debug_info    0x000061a1       0xc4 c:/program files (x86)/microchip/xc32/v1.34/bin/bin/../../lib/gcc/pic32mx/4.5.2/../../../../pic32mx/lib\libpic32.a(default-on-bootstrap.o)
 .debug_info    0x00006265       0xde c:/program files (x86)/microchip/xc32/v1.34/bin/bin/../../lib/gcc/pic32mx/4.5.2/../../../../pic32mx/lib\libpic32.a(default-general-exception-handler.o)
 .debug_info    0x00006343       0xd6 c:/program files (x86)/microchip/xc32/v1.34/bin/bin/../../lib/gcc/pic32mx/4.5.2/../../../../pic32mx/lib\libpic32.a(defaultinterrupt.o)

.debug_abbrev   0x00000000      0xe1e
 *(.debug_abbrev)
 .debug_abbrev  0x00000000       0xfc build/default/production/spi.o
 .debug_abbrev  0x000000fc      0x18f build/default/production/ShiftRegister.o
 .debug_abbrev  0x0000028b      0x138 build/default/production/i2c.o
 .debug_abbrev  0x000003c3      0x118 build/default/production/lcd.o
 .debug_abbrev  0x000004db       0x1f build/default/production/pragma.o
 .debug_abbrev  0x000004fa      0x15e build/default/production/main.o
 .debug_abbrev  0x00000658      0x175 build/default/production/timer1.o
 .debug_abbrev  0x000007cd       0xd4 build/default/production/run_config.o
 .debug_abbrev  0x000008a1      0x14a build/default/production/midi.o
 .debug_abbrev  0x000009eb      0x14a build/default/production/buzzer.o
 .debug_abbrev  0x00000b35       0x65 build/default/production/audio.o
 .debug_abbrev  0x00000b9a      0x127 build/default/production/music.o
 .debug_abbrev  0x00000cc1        0x1 build/default/production/run_simon.o
 .debug_abbrev  0x00000cc2       0xa2 build/default/production/run_learn.o
 .debug_abbrev  0x00000d64        0x1 build/default/production/run_free.o
 .debug_abbrev  0x00000d65       0x25 c:/program files (x86)/microchip/xc32/v1.34/bin/bin/../../lib/gcc/pic32mx/4.5.2/../../../../pic32mx/lib\libpic32.a(default-bootstrap-exception-handler.o)
 .debug_abbrev  0x00000d8a       0x25 c:/program files (x86)/microchip/xc32/v1.34/bin/bin/../../lib/gcc/pic32mx/4.5.2/../../../../pic32mx/lib\libpic32.a(default-on-reset.o)
 .debug_abbrev  0x00000daf       0x25 c:/program files (x86)/microchip/xc32/v1.34/bin/bin/../../lib/gcc/pic32mx/4.5.2/../../../../pic32mx/lib\libpic32.a(default-on-bootstrap.o)
 .debug_abbrev  0x00000dd4       0x25 c:/program files (x86)/microchip/xc32/v1.34/bin/bin/../../lib/gcc/pic32mx/4.5.2/../../../../pic32mx/lib\libpic32.a(default-general-exception-handler.o)
 .debug_abbrev  0x00000df9       0x25 c:/program files (x86)/microchip/xc32/v1.34/bin/bin/../../lib/gcc/pic32mx/4.5.2/../../../../pic32mx/lib\libpic32.a(defaultinterrupt.o)

.debug_line     0x00000000      0xddf
 *(.debug_line)
 .debug_line    0x00000000       0xe4 build/default/production/spi.o
 .debug_line    0x000000e4      0x10e build/default/production/ShiftRegister.o
 .debug_line    0x000001f2       0xf1 build/default/production/i2c.o
 .debug_line    0x000002e3      0x1ae build/default/production/lcd.o
 .debug_line    0x00000491       0x1d build/default/production/pragma.o
 .debug_line    0x000004ae       0xef build/default/production/main.o
 .debug_line    0x0000059d       0xdf build/default/production/timer1.o
 .debug_line    0x0000067c       0x8d build/default/production/run_config.o
 .debug_line    0x00000709      0x115 build/default/production/midi.o
 .debug_line    0x0000081e       0xe1 build/default/production/buzzer.o
 .debug_line    0x000008ff       0x73 build/default/production/audio.o
 .debug_line    0x00000972      0x124 build/default/production/music.o
 .debug_line    0x00000a96        0x0 build/default/production/run_simon.o
 .debug_line    0x00000a96       0x7b build/default/production/run_learn.o
 .debug_line    0x00000b11        0x0 build/default/production/run_free.o
 .debug_line    0x00000b11       0x97 c:/program files (x86)/microchip/xc32/v1.34/bin/bin/../../lib/gcc/pic32mx/4.5.2/../../../../pic32mx/lib\libpic32.a(default-bootstrap-exception-handler.o)
 .debug_line    0x00000ba8       0x84 c:/program files (x86)/microchip/xc32/v1.34/bin/bin/../../lib/gcc/pic32mx/4.5.2/../../../../pic32mx/lib\libpic32.a(default-on-reset.o)
 .debug_line    0x00000c2c       0x88 c:/program files (x86)/microchip/xc32/v1.34/bin/bin/../../lib/gcc/pic32mx/4.5.2/../../../../pic32mx/lib\libpic32.a(default-on-bootstrap.o)
 .debug_line    0x00000cb4       0x95 c:/program files (x86)/microchip/xc32/v1.34/bin/bin/../../lib/gcc/pic32mx/4.5.2/../../../../pic32mx/lib\libpic32.a(default-general-exception-handler.o)
 .debug_line    0x00000d49       0x96 c:/program files (x86)/microchip/xc32/v1.34/bin/bin/../../lib/gcc/pic32mx/4.5.2/../../../../pic32mx/lib\libpic32.a(defaultinterrupt.o)

.debug_frame    0x00000000      0x848
 *(.debug_frame)
 .debug_frame   0x00000000       0x2c build/default/production/spi.o
 .debug_frame   0x0000002c      0x100 build/default/production/ShiftRegister.o
 .debug_frame   0x0000012c       0x9c build/default/production/i2c.o
 .debug_frame   0x000001c8       0xf0 build/default/production/lcd.o
 .debug_frame   0x000002b8       0x64 build/default/production/main.o
 .debug_frame   0x0000031c       0x74 build/default/production/timer1.o
 .debug_frame   0x00000390       0x48 build/default/production/run_config.o
 .debug_frame   0x000003d8      0x11c build/default/production/midi.o
 .debug_frame   0x000004f4       0x88 build/default/production/buzzer.o
 .debug_frame   0x0000057c       0x64 build/default/production/audio.o
 .debug_frame   0x000005e0      0x170 build/default/production/music.o
 .debug_frame   0x00000750       0x48 build/default/production/run_learn.o
 .debug_frame   0x00000798       0x28 c:/program files (x86)/microchip/xc32/v1.34/bin/bin/../../lib/gcc/pic32mx/4.5.2/../../../../pic32mx/lib\libpic32.a(default-bootstrap-exception-handler.o)
 .debug_frame   0x000007c0       0x20 c:/program files (x86)/microchip/xc32/v1.34/bin/bin/../../lib/gcc/pic32mx/4.5.2/../../../../pic32mx/lib\libpic32.a(default-on-reset.o)
 .debug_frame   0x000007e0       0x20 c:/program files (x86)/microchip/xc32/v1.34/bin/bin/../../lib/gcc/pic32mx/4.5.2/../../../../pic32mx/lib\libpic32.a(default-on-bootstrap.o)
 .debug_frame   0x00000800       0x28 c:/program files (x86)/microchip/xc32/v1.34/bin/bin/../../lib/gcc/pic32mx/4.5.2/../../../../pic32mx/lib\libpic32.a(default-general-exception-handler.o)
 .debug_frame   0x00000828       0x20 c:/program files (x86)/microchip/xc32/v1.34/bin/bin/../../lib/gcc/pic32mx/4.5.2/../../../../pic32mx/lib\libpic32.a(defaultinterrupt.o)

.debug_str      0x00000000      0x1ef
 *(.debug_str)
 .debug_str     0x00000000       0x5a build/default/production/spi.o
 .debug_str     0x0000005a       0x45 build/default/production/ShiftRegister.o
 .debug_str     0x0000009f       0x35 build/default/production/i2c.o
 .debug_str     0x000000d4       0x33 build/default/production/lcd.o
 .debug_str     0x00000107        0x0 build/default/production/pragma.o
 .debug_str     0x00000107       0x16 build/default/production/main.o
 .debug_str     0x0000011d       0x3c build/default/production/timer1.o
 .debug_str     0x00000159        0x0 build/default/production/run_config.o
 .debug_str     0x00000159       0x39 build/default/production/midi.o
 .debug_str     0x00000192       0x38 build/default/production/buzzer.o
 .debug_str     0x000001ca        0x0 build/default/production/audio.o
 .debug_str     0x000001ca       0x25 build/default/production/music.o
 .debug_str     0x000001ef        0x0 build/default/production/run_simon.o
 .debug_str     0x000001ef        0x0 build/default/production/run_learn.o
 .debug_str     0x000001ef        0x0 build/default/production/run_free.o
 .debug_str     0x000001ef        0x0 c:/program files (x86)/microchip/xc32/v1.34/bin/bin/../../lib/gcc/pic32mx/4.5.2/../../../../pic32mx/lib\libpic32.a(default-bootstrap-exception-handler.o)
 .debug_str     0x000001ef        0x0 c:/program files (x86)/microchip/xc32/v1.34/bin/bin/../../lib/gcc/pic32mx/4.5.2/../../../../pic32mx/lib\libpic32.a(default-on-reset.o)
 .debug_str     0x000001ef        0x0 c:/program files (x86)/microchip/xc32/v1.34/bin/bin/../../lib/gcc/pic32mx/4.5.2/../../../../pic32mx/lib\libpic32.a(default-on-bootstrap.o)
 .debug_str     0x000001ef        0x0 c:/program files (x86)/microchip/xc32/v1.34/bin/bin/../../lib/gcc/pic32mx/4.5.2/../../../../pic32mx/lib\libpic32.a(default-general-exception-handler.o)
 .debug_str     0x000001ef        0x0 c:/program files (x86)/microchip/xc32/v1.34/bin/bin/../../lib/gcc/pic32mx/4.5.2/../../../../pic32mx/lib\libpic32.a(defaultinterrupt.o)

.debug_loc
 *(.debug_loc)

.debug_macinfo
 *(.debug_macinfo)

.debug_weaknames
 *(.debug_weaknames)

.debug_funcnames
 *(.debug_funcnames)

.debug_typenames
 *(.debug_typenames)

.debug_varnames
 *(.debug_varnames)

.debug_pubtypes
                0x00000000      0x46b
 *(.debug_pubtypes)
 .debug_pubtypes
                0x00000000       0xa4 build/default/production/spi.o
 .debug_pubtypes
                0x000000a4       0x6e build/default/production/ShiftRegister.o
 .debug_pubtypes
                0x00000112       0x55 build/default/production/i2c.o
 .debug_pubtypes
                0x00000167       0x5e build/default/production/lcd.o
 .debug_pubtypes
                0x000001c5       0x12 build/default/production/pragma.o
 .debug_pubtypes
                0x000001d7       0x4b build/default/production/main.o
 .debug_pubtypes
                0x00000222       0x7f build/default/production/timer1.o
 .debug_pubtypes
                0x000002a1       0x2c build/default/production/run_config.o
 .debug_pubtypes
                0x000002cd       0x71 build/default/production/midi.o
 .debug_pubtypes
                0x0000033e       0x89 build/default/production/buzzer.o
 .debug_pubtypes
                0x000003c7       0x19 build/default/production/audio.o
 .debug_pubtypes
                0x000003e0       0x66 build/default/production/music.o
 .debug_pubtypes
                0x00000446       0x25 build/default/production/run_learn.o

.debug_ranges   0x00000000       0x50
 *(.debug_ranges)
 .debug_ranges  0x00000000       0x10 c:/program files (x86)/microchip/xc32/v1.34/bin/bin/../../lib/gcc/pic32mx/4.5.2/../../../../pic32mx/lib\libpic32.a(default-bootstrap-exception-handler.o)
 .debug_ranges  0x00000010       0x10 c:/program files (x86)/microchip/xc32/v1.34/bin/bin/../../lib/gcc/pic32mx/4.5.2/../../../../pic32mx/lib\libpic32.a(default-on-reset.o)
 .debug_ranges  0x00000020       0x10 c:/program files (x86)/microchip/xc32/v1.34/bin/bin/../../lib/gcc/pic32mx/4.5.2/../../../../pic32mx/lib\libpic32.a(default-on-bootstrap.o)
 .debug_ranges  0x00000030       0x10 c:/program files (x86)/microchip/xc32/v1.34/bin/bin/../../lib/gcc/pic32mx/4.5.2/../../../../pic32mx/lib\libpic32.a(default-general-exception-handler.o)
 .debug_ranges  0x00000040       0x10 c:/program files (x86)/microchip/xc32/v1.34/bin/bin/../../lib/gcc/pic32mx/4.5.2/../../../../pic32mx/lib\libpic32.a(defaultinterrupt.o)

.gnu.attributes
                0x00000000       0x10
 *(.gnu.attributes)
 .gnu.attributes
                0x00000000       0x10 build/default/production/spi.o
 .gnu.attributes
                0x00000010       0x10 build/default/production/ShiftRegister.o
 .gnu.attributes
                0x00000020       0x10 build/default/production/i2c.o
 .gnu.attributes
                0x00000030       0x10 build/default/production/lcd.o
 .gnu.attributes
                0x00000040       0x10 build/default/production/pragma.o
 .gnu.attributes
                0x00000050       0x10 build/default/production/main.o
 .gnu.attributes
                0x00000060       0x10 build/default/production/timer1.o
 .gnu.attributes
                0x00000070       0x10 build/default/production/run_config.o
 .gnu.attributes
                0x00000080       0x10 build/default/production/midi.o
 .gnu.attributes
                0x00000090       0x10 build/default/production/buzzer.o
 .gnu.attributes
                0x000000a0       0x10 build/default/production/audio.o
 .gnu.attributes
                0x000000b0       0x10 build/default/production/music.o
 .gnu.attributes
                0x000000c0       0x10 build/default/production/run_simon.o
 .gnu.attributes
                0x000000d0       0x10 build/default/production/run_learn.o
 .gnu.attributes
                0x000000e0       0x10 build/default/production/run_free.o
 .gnu.attributes
                0x000000f0       0x10 c:/program files (x86)/microchip/xc32/v1.34/bin/bin/../../lib/gcc/pic32mx/4.5.2/../../../../pic32mx/lib\libpic32.a(default-bootstrap-exception-handler.o)
 .gnu.attributes
                0x00000100       0x10 c:/program files (x86)/microchip/xc32/v1.34/bin/bin/../../lib/gcc/pic32mx/4.5.2/../../../../pic32mx/lib\libpic32.a(default-on-reset.o)
 .gnu.attributes
                0x00000110       0x10 c:/program files (x86)/microchip/xc32/v1.34/bin/bin/../../lib/gcc/pic32mx/4.5.2/../../../../pic32mx/lib\libpic32.a(default-on-bootstrap.o)
 .gnu.attributes
                0x00000120       0x10 c:/program files (x86)/microchip/xc32/v1.34/bin/bin/../../lib/gcc/pic32mx/4.5.2/../../../../pic32mx/lib\libpic32.a(default-general-exception-handler.o)
 .gnu.attributes
                0x00000130       0x10 c:/program files (x86)/microchip/xc32/v1.34/bin/bin/../../lib/gcc/pic32mx/4.5.2/../../../../pic32mx/lib\libpic32.a(defaultinterrupt.o)
LOAD c:/program files (x86)/microchip/xc32/v1.34/bin/bin/../../lib/gcc/pic32mx/4.5.2\libgcc.a
START GROUP
LOAD c:/program files (x86)/microchip/xc32/v1.34/bin/bin/../../lib/gcc/pic32mx/4.5.2/../../../../pic32mx/lib\libpic32.a
LOAD c:/program files (x86)/microchip/xc32/v1.34/bin/bin/../../lib/gcc/pic32mx/4.5.2/../../../../pic32mx/lib\libdebug.a
LOAD c:/program files (x86)/microchip/xc32/v1.34/bin/bin/../../lib/gcc/pic32mx/4.5.2/../../../../pic32mx/lib\libpic32.a
LOAD c:/program files (x86)/microchip/xc32/v1.34/bin/bin/../../lib/gcc/pic32mx/4.5.2/../../../../pic32mx/lib\libm.a
LOAD c:/program files (x86)/microchip/xc32/v1.34/bin/bin/../../lib/gcc/pic32mx/4.5.2/../../../../pic32mx/lib\libe.a
LOAD c:/program files (x86)/microchip/xc32/v1.34/bin/bin/../../lib/gcc/pic32mx/4.5.2/../../../../pic32mx/lib\libdsp.a
LOAD c:/program files (x86)/microchip/xc32/v1.34/bin/bin/../../lib/gcc/pic32mx/4.5.2\libgcc.a
LOAD c:/program files (x86)/microchip/xc32/v1.34/bin/bin/../../lib/gcc/pic32mx/4.5.2/../../../../pic32mx/lib\libc.a
LOAD c:/program files (x86)/microchip/xc32/v1.34/bin/bin/../../lib/gcc/pic32mx/4.5.2/../../../../pic32mx/lib\libpic32.a
END GROUP
LOAD c:/program files (x86)/microchip/xc32/v1.34/bin/bin/../../lib/gcc/pic32mx/4.5.2\libgcc.a
OUTPUT(dist/default/production/PoC.production.elf elf32-tradlittlemips)
LOAD stack
LOAD data_init

.reginfo        0x00000000       0x18
 .reginfo       0x00000000       0x18 c:/program files (x86)/microchip/xc32/v1.34/bin/bin/../../lib/gcc/pic32mx/4.5.2/../../../../pic32mx/lib/./proc/32MX340F512H/crt0_mips32r2.o

.stack          0xa0000138      0x400
 .stack         0xa0000138      0x400 stack

.data           0xa0000038       0xc0
 .data          0xa0000038       0xc0 build/default/production/buzzer.o

.bss            0xa00000f8       0x10
 .bss           0xa00000f8       0x10 build/default/production/midi.o

.bss%z1         0x00000000        0x0
 .bss           0x00000000        0x0 c:/program files (x86)/microchip/xc32/v1.34/bin/bin/../../lib/gcc/pic32mx/4.5.2/../../../../pic32mx/lib\libpic32.a(defaultinterrupt.o)

.data%z2        0x00000000        0x0
 .data          0x00000000        0x0 c:/program files (x86)/microchip/xc32/v1.34/bin/bin/../../lib/gcc/pic32mx/4.5.2/../../../../pic32mx/lib\libpic32.a(defaultinterrupt.o)

.bss%z3         0x00000000        0x0
 .bss           0x00000000        0x0 c:/program files (x86)/microchip/xc32/v1.34/bin/bin/../../lib/gcc/pic32mx/4.5.2/../../../../pic32mx/lib\libpic32.a(default-general-exception-handler.o)

.data%z4        0x00000000        0x0
 .data          0x00000000        0x0 c:/program files (x86)/microchip/xc32/v1.34/bin/bin/../../lib/gcc/pic32mx/4.5.2/../../../../pic32mx/lib\libpic32.a(default-general-exception-handler.o)

.bss%z5         0x00000000        0x0
 .bss           0x00000000        0x0 c:/program files (x86)/microchip/xc32/v1.34/bin/bin/../../lib/gcc/pic32mx/4.5.2/../../../../pic32mx/lib\libpic32.a(vector44.o)

.data%z6        0x00000000        0x0
 .data          0x00000000        0x0 c:/program files (x86)/microchip/xc32/v1.34/bin/bin/../../lib/gcc/pic32mx/4.5.2/../../../../pic32mx/lib\libpic32.a(vector44.o)

.bss%z7         0x00000000        0x0
 .bss           0x00000000        0x0 c:/program files (x86)/microchip/xc32/v1.34/bin/bin/../../lib/gcc/pic32mx/4.5.2/../../../../pic32mx/lib\libpic32.a(vector43.o)

.data%z8        0x00000000        0x0
 .data          0x00000000        0x0 c:/program files (x86)/microchip/xc32/v1.34/bin/bin/../../lib/gcc/pic32mx/4.5.2/../../../../pic32mx/lib\libpic32.a(vector43.o)

.bss%z9         0x00000000        0x0
 .bss           0x00000000        0x0 c:/program files (x86)/microchip/xc32/v1.34/bin/bin/../../lib/gcc/pic32mx/4.5.2/../../../../pic32mx/lib\libpic32.a(vector42.o)

.data%z10       0x00000000        0x0
 .data          0x00000000        0x0 c:/program files (x86)/microchip/xc32/v1.34/bin/bin/../../lib/gcc/pic32mx/4.5.2/../../../../pic32mx/lib\libpic32.a(vector42.o)

.bss%z11        0x00000000        0x0
 .bss           0x00000000        0x0 c:/program files (x86)/microchip/xc32/v1.34/bin/bin/../../lib/gcc/pic32mx/4.5.2/../../../../pic32mx/lib\libpic32.a(vector41.o)

.data%z12       0x00000000        0x0
 .data          0x00000000        0x0 c:/program files (x86)/microchip/xc32/v1.34/bin/bin/../../lib/gcc/pic32mx/4.5.2/../../../../pic32mx/lib\libpic32.a(vector41.o)

.bss%z13        0x00000000        0x0
 .bss           0x00000000        0x0 c:/program files (x86)/microchip/xc32/v1.34/bin/bin/../../lib/gcc/pic32mx/4.5.2/../../../../pic32mx/lib\libpic32.a(vector40.o)

.data%z14       0x00000000        0x0
 .data          0x00000000        0x0 c:/program files (x86)/microchip/xc32/v1.34/bin/bin/../../lib/gcc/pic32mx/4.5.2/../../../../pic32mx/lib\libpic32.a(vector40.o)

.bss%z15        0x00000000        0x0
 .bss           0x00000000        0x0 c:/program files (x86)/microchip/xc32/v1.34/bin/bin/../../lib/gcc/pic32mx/4.5.2/../../../../pic32mx/lib\libpic32.a(vector39.o)

.data%z16       0x00000000        0x0
 .data          0x00000000        0x0 c:/program files (x86)/microchip/xc32/v1.34/bin/bin/../../lib/gcc/pic32mx/4.5.2/../../../../pic32mx/lib\libpic32.a(vector39.o)

.bss%z17        0x00000000        0x0
 .bss           0x00000000        0x0 c:/program files (x86)/microchip/xc32/v1.34/bin/bin/../../lib/gcc/pic32mx/4.5.2/../../../../pic32mx/lib\libpic32.a(vector38.o)

.data%z18       0x00000000        0x0
 .data          0x00000000        0x0 c:/program files (x86)/microchip/xc32/v1.34/bin/bin/../../lib/gcc/pic32mx/4.5.2/../../../../pic32mx/lib\libpic32.a(vector38.o)

.bss%z19        0x00000000        0x0
 .bss           0x00000000        0x0 c:/program files (x86)/microchip/xc32/v1.34/bin/bin/../../lib/gcc/pic32mx/4.5.2/../../../../pic32mx/lib\libpic32.a(vector37.o)

.data%z20       0x00000000        0x0
 .data          0x00000000        0x0 c:/program files (x86)/microchip/xc32/v1.34/bin/bin/../../lib/gcc/pic32mx/4.5.2/../../../../pic32mx/lib\libpic32.a(vector37.o)

.bss%z21        0x00000000        0x0
 .bss           0x00000000        0x0 c:/program files (x86)/microchip/xc32/v1.34/bin/bin/../../lib/gcc/pic32mx/4.5.2/../../../../pic32mx/lib\libpic32.a(vector36.o)

.data%z22       0x00000000        0x0
 .data          0x00000000        0x0 c:/program files (x86)/microchip/xc32/v1.34/bin/bin/../../lib/gcc/pic32mx/4.5.2/../../../../pic32mx/lib\libpic32.a(vector36.o)

.bss%z23        0x00000000        0x0
 .bss           0x00000000        0x0 c:/program files (x86)/microchip/xc32/v1.34/bin/bin/../../lib/gcc/pic32mx/4.5.2/../../../../pic32mx/lib\libpic32.a(vector35.o)

.data%z24       0x00000000        0x0
 .data          0x00000000        0x0 c:/program files (x86)/microchip/xc32/v1.34/bin/bin/../../lib/gcc/pic32mx/4.5.2/../../../../pic32mx/lib\libpic32.a(vector35.o)

.bss%z25        0x00000000        0x0
 .bss           0x00000000        0x0 c:/program files (x86)/microchip/xc32/v1.34/bin/bin/../../lib/gcc/pic32mx/4.5.2/../../../../pic32mx/lib\libpic32.a(vector34.o)

.data%z26       0x00000000        0x0
 .data          0x00000000        0x0 c:/program files (x86)/microchip/xc32/v1.34/bin/bin/../../lib/gcc/pic32mx/4.5.2/../../../../pic32mx/lib\libpic32.a(vector34.o)

.bss%z27        0x00000000        0x0
 .bss           0x00000000        0x0 c:/program files (x86)/microchip/xc32/v1.34/bin/bin/../../lib/gcc/pic32mx/4.5.2/../../../../pic32mx/lib\libpic32.a(vector33.o)

.data%z28       0x00000000        0x0
 .data          0x00000000        0x0 c:/program files (x86)/microchip/xc32/v1.34/bin/bin/../../lib/gcc/pic32mx/4.5.2/../../../../pic32mx/lib\libpic32.a(vector33.o)

.bss%z29        0x00000000        0x0
 .bss           0x00000000        0x0 c:/program files (x86)/microchip/xc32/v1.34/bin/bin/../../lib/gcc/pic32mx/4.5.2/../../../../pic32mx/lib\libpic32.a(vector31.o)

.data%z30       0x00000000        0x0
 .data          0x00000000        0x0 c:/program files (x86)/microchip/xc32/v1.34/bin/bin/../../lib/gcc/pic32mx/4.5.2/../../../../pic32mx/lib\libpic32.a(vector31.o)

.bss%z31        0x00000000        0x0
 .bss           0x00000000        0x0 c:/program files (x86)/microchip/xc32/v1.34/bin/bin/../../lib/gcc/pic32mx/4.5.2/../../../../pic32mx/lib\libpic32.a(vector30.o)

.data%z32       0x00000000        0x0
 .data          0x00000000        0x0 c:/program files (x86)/microchip/xc32/v1.34/bin/bin/../../lib/gcc/pic32mx/4.5.2/../../../../pic32mx/lib\libpic32.a(vector30.o)

.bss%z33        0x00000000        0x0
 .bss           0x00000000        0x0 c:/program files (x86)/microchip/xc32/v1.34/bin/bin/../../lib/gcc/pic32mx/4.5.2/../../../../pic32mx/lib\libpic32.a(vector29.o)

.data%z34       0x00000000        0x0
 .data          0x00000000        0x0 c:/program files (x86)/microchip/xc32/v1.34/bin/bin/../../lib/gcc/pic32mx/4.5.2/../../../../pic32mx/lib\libpic32.a(vector29.o)

.bss%z35        0x00000000        0x0
 .bss           0x00000000        0x0 c:/program files (x86)/microchip/xc32/v1.34/bin/bin/../../lib/gcc/pic32mx/4.5.2/../../../../pic32mx/lib\libpic32.a(vector28.o)

.data%z36       0x00000000        0x0
 .data          0x00000000        0x0 c:/program files (x86)/microchip/xc32/v1.34/bin/bin/../../lib/gcc/pic32mx/4.5.2/../../../../pic32mx/lib\libpic32.a(vector28.o)

.bss%z37        0x00000000        0x0
 .bss           0x00000000        0x0 c:/program files (x86)/microchip/xc32/v1.34/bin/bin/../../lib/gcc/pic32mx/4.5.2/../../../../pic32mx/lib\libpic32.a(vector27.o)

.data%z38       0x00000000        0x0
 .data          0x00000000        0x0 c:/program files (x86)/microchip/xc32/v1.34/bin/bin/../../lib/gcc/pic32mx/4.5.2/../../../../pic32mx/lib\libpic32.a(vector27.o)

.bss%z39        0x00000000        0x0
 .bss           0x00000000        0x0 c:/program files (x86)/microchip/xc32/v1.34/bin/bin/../../lib/gcc/pic32mx/4.5.2/../../../../pic32mx/lib\libpic32.a(vector26.o)

.data%z40       0x00000000        0x0
 .data          0x00000000        0x0 c:/program files (x86)/microchip/xc32/v1.34/bin/bin/../../lib/gcc/pic32mx/4.5.2/../../../../pic32mx/lib\libpic32.a(vector26.o)

.bss%z41        0x00000000        0x0
 .bss           0x00000000        0x0 c:/program files (x86)/microchip/xc32/v1.34/bin/bin/../../lib/gcc/pic32mx/4.5.2/../../../../pic32mx/lib\libpic32.a(vector25.o)

.data%z42       0x00000000        0x0
 .data          0x00000000        0x0 c:/program files (x86)/microchip/xc32/v1.34/bin/bin/../../lib/gcc/pic32mx/4.5.2/../../../../pic32mx/lib\libpic32.a(vector25.o)

.bss%z43        0x00000000        0x0
 .bss           0x00000000        0x0 c:/program files (x86)/microchip/xc32/v1.34/bin/bin/../../lib/gcc/pic32mx/4.5.2/../../../../pic32mx/lib\libpic32.a(vector24.o)

.data%z44       0x00000000        0x0
 .data          0x00000000        0x0 c:/program files (x86)/microchip/xc32/v1.34/bin/bin/../../lib/gcc/pic32mx/4.5.2/../../../../pic32mx/lib\libpic32.a(vector24.o)

.bss%z45        0x00000000        0x0
 .bss           0x00000000        0x0 c:/program files (x86)/microchip/xc32/v1.34/bin/bin/../../lib/gcc/pic32mx/4.5.2/../../../../pic32mx/lib\libpic32.a(vector22.o)

.data%z46       0x00000000        0x0
 .data          0x00000000        0x0 c:/program files (x86)/microchip/xc32/v1.34/bin/bin/../../lib/gcc/pic32mx/4.5.2/../../../../pic32mx/lib\libpic32.a(vector22.o)

.bss%z47        0x00000000        0x0
 .bss           0x00000000        0x0 c:/program files (x86)/microchip/xc32/v1.34/bin/bin/../../lib/gcc/pic32mx/4.5.2/../../../../pic32mx/lib\libpic32.a(vector21.o)

.data%z48       0x00000000        0x0
 .data          0x00000000        0x0 c:/program files (x86)/microchip/xc32/v1.34/bin/bin/../../lib/gcc/pic32mx/4.5.2/../../../../pic32mx/lib\libpic32.a(vector21.o)

.bss%z49        0x00000000        0x0
 .bss           0x00000000        0x0 c:/program files (x86)/microchip/xc32/v1.34/bin/bin/../../lib/gcc/pic32mx/4.5.2/../../../../pic32mx/lib\libpic32.a(vector20.o)

.data%z50       0x00000000        0x0
 .data          0x00000000        0x0 c:/program files (x86)/microchip/xc32/v1.34/bin/bin/../../lib/gcc/pic32mx/4.5.2/../../../../pic32mx/lib\libpic32.a(vector20.o)

.bss%z51        0x00000000        0x0
 .bss           0x00000000        0x0 c:/program files (x86)/microchip/xc32/v1.34/bin/bin/../../lib/gcc/pic32mx/4.5.2/../../../../pic32mx/lib\libpic32.a(vector19.o)

.data%z52       0x00000000        0x0
 .data          0x00000000        0x0 c:/program files (x86)/microchip/xc32/v1.34/bin/bin/../../lib/gcc/pic32mx/4.5.2/../../../../pic32mx/lib\libpic32.a(vector19.o)

.bss%z53        0x00000000        0x0
 .bss           0x00000000        0x0 c:/program files (x86)/microchip/xc32/v1.34/bin/bin/../../lib/gcc/pic32mx/4.5.2/../../../../pic32mx/lib\libpic32.a(vector18.o)

.data%z54       0x00000000        0x0
 .data          0x00000000        0x0 c:/program files (x86)/microchip/xc32/v1.34/bin/bin/../../lib/gcc/pic32mx/4.5.2/../../../../pic32mx/lib\libpic32.a(vector18.o)

.bss%z55        0x00000000        0x0
 .bss           0x00000000        0x0 c:/program files (x86)/microchip/xc32/v1.34/bin/bin/../../lib/gcc/pic32mx/4.5.2/../../../../pic32mx/lib\libpic32.a(vector17.o)

.data%z56       0x00000000        0x0
 .data          0x00000000        0x0 c:/program files (x86)/microchip/xc32/v1.34/bin/bin/../../lib/gcc/pic32mx/4.5.2/../../../../pic32mx/lib\libpic32.a(vector17.o)

.bss%z57        0x00000000        0x0
 .bss           0x00000000        0x0 c:/program files (x86)/microchip/xc32/v1.34/bin/bin/../../lib/gcc/pic32mx/4.5.2/../../../../pic32mx/lib\libpic32.a(vector16.o)

.data%z58       0x00000000        0x0
 .data          0x00000000        0x0 c:/program files (x86)/microchip/xc32/v1.34/bin/bin/../../lib/gcc/pic32mx/4.5.2/../../../../pic32mx/lib\libpic32.a(vector16.o)

.bss%z59        0x00000000        0x0
 .bss           0x00000000        0x0 c:/program files (x86)/microchip/xc32/v1.34/bin/bin/../../lib/gcc/pic32mx/4.5.2/../../../../pic32mx/lib\libpic32.a(vector15.o)

.data%z60       0x00000000        0x0
 .data          0x00000000        0x0 c:/program files (x86)/microchip/xc32/v1.34/bin/bin/../../lib/gcc/pic32mx/4.5.2/../../../../pic32mx/lib\libpic32.a(vector15.o)

.bss%z61        0x00000000        0x0
 .bss           0x00000000        0x0 c:/program files (x86)/microchip/xc32/v1.34/bin/bin/../../lib/gcc/pic32mx/4.5.2/../../../../pic32mx/lib\libpic32.a(vector14.o)

.data%z62       0x00000000        0x0
 .data          0x00000000        0x0 c:/program files (x86)/microchip/xc32/v1.34/bin/bin/../../lib/gcc/pic32mx/4.5.2/../../../../pic32mx/lib\libpic32.a(vector14.o)

.bss%z63        0x00000000        0x0
 .bss           0x00000000        0x0 c:/program files (x86)/microchip/xc32/v1.34/bin/bin/../../lib/gcc/pic32mx/4.5.2/../../../../pic32mx/lib\libpic32.a(vector13.o)

.data%z64       0x00000000        0x0
 .data          0x00000000        0x0 c:/program files (x86)/microchip/xc32/v1.34/bin/bin/../../lib/gcc/pic32mx/4.5.2/../../../../pic32mx/lib\libpic32.a(vector13.o)

.bss%z65        0x00000000        0x0
 .bss           0x00000000        0x0 c:/program files (x86)/microchip/xc32/v1.34/bin/bin/../../lib/gcc/pic32mx/4.5.2/../../../../pic32mx/lib\libpic32.a(vector11.o)

.data%z66       0x00000000        0x0
 .data          0x00000000        0x0 c:/program files (x86)/microchip/xc32/v1.34/bin/bin/../../lib/gcc/pic32mx/4.5.2/../../../../pic32mx/lib\libpic32.a(vector11.o)

.bss%z67        0x00000000        0x0
 .bss           0x00000000        0x0 c:/program files (x86)/microchip/xc32/v1.34/bin/bin/../../lib/gcc/pic32mx/4.5.2/../../../../pic32mx/lib\libpic32.a(vector10.o)

.data%z68       0x00000000        0x0
 .data          0x00000000        0x0 c:/program files (x86)/microchip/xc32/v1.34/bin/bin/../../lib/gcc/pic32mx/4.5.2/../../../../pic32mx/lib\libpic32.a(vector10.o)

.bss%z69        0x00000000        0x0
 .bss           0x00000000        0x0 c:/program files (x86)/microchip/xc32/v1.34/bin/bin/../../lib/gcc/pic32mx/4.5.2/../../../../pic32mx/lib\libpic32.a(vector9.o)

.data%z70       0x00000000        0x0
 .data          0x00000000        0x0 c:/program files (x86)/microchip/xc32/v1.34/bin/bin/../../lib/gcc/pic32mx/4.5.2/../../../../pic32mx/lib\libpic32.a(vector9.o)

.bss%z71        0x00000000        0x0
 .bss           0x00000000        0x0 c:/program files (x86)/microchip/xc32/v1.34/bin/bin/../../lib/gcc/pic32mx/4.5.2/../../../../pic32mx/lib\libpic32.a(vector7.o)

.data%z72       0x00000000        0x0
 .data          0x00000000        0x0 c:/program files (x86)/microchip/xc32/v1.34/bin/bin/../../lib/gcc/pic32mx/4.5.2/../../../../pic32mx/lib\libpic32.a(vector7.o)

.bss%z73        0x00000000        0x0
 .bss           0x00000000        0x0 c:/program files (x86)/microchip/xc32/v1.34/bin/bin/../../lib/gcc/pic32mx/4.5.2/../../../../pic32mx/lib\libpic32.a(vector6.o)

.data%z74       0x00000000        0x0
 .data          0x00000000        0x0 c:/program files (x86)/microchip/xc32/v1.34/bin/bin/../../lib/gcc/pic32mx/4.5.2/../../../../pic32mx/lib\libpic32.a(vector6.o)

.bss%z75        0x00000000        0x0
 .bss           0x00000000        0x0 c:/program files (x86)/microchip/xc32/v1.34/bin/bin/../../lib/gcc/pic32mx/4.5.2/../../../../pic32mx/lib\libpic32.a(vector5.o)

.data%z76       0x00000000        0x0
 .data          0x00000000        0x0 c:/program files (x86)/microchip/xc32/v1.34/bin/bin/../../lib/gcc/pic32mx/4.5.2/../../../../pic32mx/lib\libpic32.a(vector5.o)

.bss%z77        0x00000000        0x0
 .bss           0x00000000        0x0 c:/program files (x86)/microchip/xc32/v1.34/bin/bin/../../lib/gcc/pic32mx/4.5.2/../../../../pic32mx/lib\libpic32.a(vector3.o)

.data%z78       0x00000000        0x0
 .data          0x00000000        0x0 c:/program files (x86)/microchip/xc32/v1.34/bin/bin/../../lib/gcc/pic32mx/4.5.2/../../../../pic32mx/lib\libpic32.a(vector3.o)

.bss%z79        0x00000000        0x0
 .bss           0x00000000        0x0 c:/program files (x86)/microchip/xc32/v1.34/bin/bin/../../lib/gcc/pic32mx/4.5.2/../../../../pic32mx/lib\libpic32.a(vector2.o)

.data%z80       0x00000000        0x0
 .data          0x00000000        0x0 c:/program files (x86)/microchip/xc32/v1.34/bin/bin/../../lib/gcc/pic32mx/4.5.2/../../../../pic32mx/lib\libpic32.a(vector2.o)

.bss%z81        0x00000000        0x0
 .bss           0x00000000        0x0 c:/program files (x86)/microchip/xc32/v1.34/bin/bin/../../lib/gcc/pic32mx/4.5.2/../../../../pic32mx/lib\libpic32.a(vector1.o)

.data%z82       0x00000000        0x0
 .data          0x00000000        0x0 c:/program files (x86)/microchip/xc32/v1.34/bin/bin/../../lib/gcc/pic32mx/4.5.2/../../../../pic32mx/lib\libpic32.a(vector1.o)

.bss%z83        0x00000000        0x0
 .bss           0x00000000        0x0 c:/program files (x86)/microchip/xc32/v1.34/bin/bin/../../lib/gcc/pic32mx/4.5.2/../../../../pic32mx/lib\libpic32.a(vector0.o)

.data%z84       0x00000000        0x0
 .data          0x00000000        0x0 c:/program files (x86)/microchip/xc32/v1.34/bin/bin/../../lib/gcc/pic32mx/4.5.2/../../../../pic32mx/lib\libpic32.a(vector0.o)

.bss%z85        0x00000000        0x0
 .bss           0x00000000        0x0 c:/program files (x86)/microchip/xc32/v1.34/bin/bin/../../lib/gcc/pic32mx/4.5.2/../../../../pic32mx/lib\libpic32.a(general-exception.o)

.data%z86       0x00000000        0x0
 .data          0x00000000        0x0 c:/program files (x86)/microchip/xc32/v1.34/bin/bin/../../lib/gcc/pic32mx/4.5.2/../../../../pic32mx/lib\libpic32.a(general-exception.o)

.bss%z87        0x00000000        0x0
 .bss           0x00000000        0x0 c:/program files (x86)/microchip/xc32/v1.34/bin/bin/../../lib/gcc/pic32mx/4.5.2/../../../../pic32mx/lib\libpic32.a(default-nmi-handler.o)

.data%z88       0x00000000        0x0
 .data          0x00000000        0x0 c:/program files (x86)/microchip/xc32/v1.34/bin/bin/../../lib/gcc/pic32mx/4.5.2/../../../../pic32mx/lib\libpic32.a(default-nmi-handler.o)

.bss%z89        0x00000000        0x0
 .bss           0x00000000        0x0 c:/program files (x86)/microchip/xc32/v1.34/bin/bin/../../lib/gcc/pic32mx/4.5.2/../../../../pic32mx/lib\libpic32.a(default-on-bootstrap.o)

.data%z90       0x00000000        0x0
 .data          0x00000000        0x0 c:/program files (x86)/microchip/xc32/v1.34/bin/bin/../../lib/gcc/pic32mx/4.5.2/../../../../pic32mx/lib\libpic32.a(default-on-bootstrap.o)

.bss%z91        0x00000000        0x0
 .bss           0x00000000        0x0 c:/program files (x86)/microchip/xc32/v1.34/bin/bin/../../lib/gcc/pic32mx/4.5.2/../../../../pic32mx/lib\libpic32.a(default-on-reset.o)

.data%z92       0x00000000        0x0
 .data          0x00000000        0x0 c:/program files (x86)/microchip/xc32/v1.34/bin/bin/../../lib/gcc/pic32mx/4.5.2/../../../../pic32mx/lib\libpic32.a(default-on-reset.o)

.bss%z93        0x00000000        0x0
 .bss           0x00000000        0x0 c:/program files (x86)/microchip/xc32/v1.34/bin/bin/../../lib/gcc/pic32mx/4.5.2/../../../../pic32mx/lib\libpic32.a(default-bootstrap-exception-handler.o)

.data%z94       0x00000000        0x0
 .data          0x00000000        0x0 c:/program files (x86)/microchip/xc32/v1.34/bin/bin/../../lib/gcc/pic32mx/4.5.2/../../../../pic32mx/lib\libpic32.a(default-bootstrap-exception-handler.o)

.bss%z95        0x00000000        0x0
 .bss           0x00000000        0x0 c:/program files (x86)/microchip/xc32/v1.34/bin/bin/../../lib/gcc/pic32mx/4.5.2/../../../../pic32mx/lib\libpic32.a(memcpy.o)

.data%z96       0x00000000        0x0
 .data          0x00000000        0x0 c:/program files (x86)/microchip/xc32/v1.34/bin/bin/../../lib/gcc/pic32mx/4.5.2/../../../../pic32mx/lib\libpic32.a(memcpy.o)

.bss%z97        0x00000000        0x0
 .bss           0x00000000        0x0 c:/program files (x86)/microchip/xc32/v1.34/bin/bin/../../lib/gcc/pic32mx/4.5.2/../../../../pic32mx/lib/./proc/32MX340F512H\processor.o

.data%z98       0x00000000        0x0
 .data          0x00000000        0x0 c:/program files (x86)/microchip/xc32/v1.34/bin/bin/../../lib/gcc/pic32mx/4.5.2/../../../../pic32mx/lib/./proc/32MX340F512H\processor.o

.bss%z99        0x00000000        0x0
 .bss           0x00000000        0x0 c:/program files (x86)/microchip/xc32/v1.34/bin/bin/../../lib/gcc/pic32mx/4.5.2/../../../../pic32mx/lib\pic32_software_reset.o

.data%z100      0x00000000        0x0
 .data          0x00000000        0x0 c:/program files (x86)/microchip/xc32/v1.34/bin/bin/../../lib/gcc/pic32mx/4.5.2/../../../../pic32mx/lib\pic32_software_reset.o

.bss%z101       0x00000000        0x0
 .bss           0x00000000        0x0 c:/program files (x86)/microchip/xc32/v1.34/bin/bin/../../lib/gcc/pic32mx/4.5.2/../../../../pic32mx/lib/./proc/32MX340F512H\default_isr_vectors.o

.data%z102      0x00000000        0x0
 .data          0x00000000        0x0 c:/program files (x86)/microchip/xc32/v1.34/bin/bin/../../lib/gcc/pic32mx/4.5.2/../../../../pic32mx/lib/./proc/32MX340F512H\default_isr_vectors.o

.bss%z103       0x00000000        0x0
 .bss           0x00000000        0x0 build/default/production/run_free.o

.data%z104      0x00000000        0x0
 .data          0x00000000        0x0 build/default/production/run_free.o

.bss%z105       0x00000000        0x0
 .bss           0x00000000        0x0 build/default/production/run_learn.o

.data%z106      0x00000000        0x0
 .data          0x00000000        0x0 build/default/production/run_learn.o

.bss%z107       0x00000000        0x0
 .bss           0x00000000        0x0 build/default/production/run_simon.o

.data%z108      0x00000000        0x0
 .data          0x00000000        0x0 build/default/production/run_simon.o

.bss%z109       0x00000000        0x0
 .bss           0x00000000        0x0 build/default/production/music.o

.data%z110      0x00000000        0x0
 .data          0x00000000        0x0 build/default/production/music.o

.bss%z111       0x00000000        0x0
 .bss           0x00000000        0x0 build/default/production/audio.o

.data%z112      0x00000000        0x0
 .data          0x00000000        0x0 build/default/production/audio.o

.bss%z113       0x00000000        0x0
 .bss           0x00000000        0x0 build/default/production/buzzer.o

.data%z114      0x00000000        0x0
 .data          0x00000000        0x0 build/default/production/midi.o

.bss%z115       0x00000000        0x0
 .bss           0x00000000        0x0 build/default/production/run_config.o

.data%z116      0x00000000        0x0
 .data          0x00000000        0x0 build/default/production/run_config.o

.bss%z117       0x00000000        0x0
 .bss           0x00000000        0x0 build/default/production/timer1.o

.data%z118      0x00000000        0x0
 .data          0x00000000        0x0 build/default/production/timer1.o

.bss%z119       0x00000000        0x0
 .bss           0x00000000        0x0 build/default/production/main.o

.data%z120      0x00000000        0x0
 .data          0x00000000        0x0 build/default/production/main.o

.bss%z121       0x00000000        0x0
 .bss           0x00000000        0x0 build/default/production/pragma.o

.data%z122      0x00000000        0x0
 .data          0x00000000        0x0 build/default/production/pragma.o

.bss%z123       0x00000000        0x0
 .bss           0x00000000        0x0 build/default/production/lcd.o

.data%z124      0x00000000        0x0
 .data          0x00000000        0x0 build/default/production/lcd.o

.bss%z125       0x00000000        0x0
 .bss           0x00000000        0x0 build/default/production/i2c.o

.data%z126      0x00000000        0x0
 .data          0x00000000        0x0 build/default/production/i2c.o

.bss%z127       0x00000000        0x0
 .bss           0x00000000        0x0 build/default/production/ShiftRegister.o

.data%z128      0x00000000        0x0
 .data          0x00000000        0x0 build/default/production/ShiftRegister.o

.bss%z129       0x00000000        0x0
 .bss           0x00000000        0x0 build/default/production/spi.o

.data%z130      0x00000000        0x0
 .data          0x00000000        0x0 build/default/production/spi.o

.bss%z131       0x00000000        0x0
 .bss           0x00000000        0x0 c:/program files (x86)/microchip/xc32/v1.34/bin/bin/../../lib/gcc/pic32mx/4.5.2/../../../../pic32mx/lib\debug-exception-return.o

.data%z132      0x00000000        0x0
 .data          0x00000000        0x0 c:/program files (x86)/microchip/xc32/v1.34/bin/bin/../../lib/gcc/pic32mx/4.5.2/../../../../pic32mx/lib\debug-exception-return.o

.bss%z133       0x00000000        0x0
 .bss           0x00000000        0x0 c:/program files (x86)/microchip/xc32/v1.34/bin/bin/../../lib/gcc/pic32mx/4.5.2/../../../../pic32mx/lib/./proc/32MX340F512H/crt0_mips32r2.o

.data%z134      0x00000000        0x0
 .data          0x00000000        0x0 c:/program files (x86)/microchip/xc32/v1.34/bin/bin/../../lib/gcc/pic32mx/4.5.2/../../../../pic32mx/lib/./proc/32MX340F512H/crt0_mips32r2.o

._debug_exception
                0xbfc00480       0x2c
 ._debug_exception
                0xbfc00480       0x2c c:/program files (x86)/microchip/xc32/v1.34/bin/bin/../../lib/gcc/pic32mx/4.5.2/../../../../pic32mx/lib\debug-exception-return.o
                0xbfc00480                __DbgExecReturn

.text           0x9d000000     0x2684
 .text          0x9d000000      0xac0 build/default/production/lcd.o
                0x9d000000                lcd_init_rst
                0x9d000090                lcd_write_line
                0x9d000190                lcd_init
                0x9d000308                lcd_init_end
                0x9d000364                lcd_clear
                0x9d0003ec                lcd_write_nb
                0x9d00053c                lcd_cursor
                0x9d00062c                lcd_create_char
 .text          0x9d000ac0      0x5c8 build/default/production/music.o
                0x9d000bdc                music_init
                0x9d000c74                music_play
                0x9d000cc8                music_stop
                0x9d000e08                music_game_start
                0x9d000e60                music_game_note_press
                0x9d000e98                MusicTimer
 .text          0x9d001088      0x57c build/default/production/midi.o
                0x9d001274                midi_init
                0x9d001408                midi_play
                0x9d001460                midi_stop
                0x9d0014a8                MidiBuffer
 .text          0x9d001604      0x3dc build/default/production/ShiftRegister.o
                0x9d001604                init_load_latch
                0x9d001668                pulse_load
                0x9d0016ac                pulse_latch
                0x9d0016f0                spi_interrupt
                0x9d001908                switcher
                0x9d001988                setOnPressCallback
                0x9d0019b4                setOnReleaseCallback
 .text          0x9d0019e0      0x260 build/default/production/buzzer.o
                0x9d0019e0                BuzzerTimer
                0x9d001ab4                buzzer_init
                0x9d001b64                buzzer_play
                0x9d001c08                buzzer_stop
 .text          0x9d001c40      0x240 build/default/production/i2c.o
                0x9d001c40                i2c_init
                0x9d001cc4                i2c_idle
                0x9d001da0                i2c_sendByte
                0x9d001df0                i2c_start
                0x9d001e38                i2c_stop
 .text          0x9d001e80      0x214 build/default/production/timer1.o
                0x9d001e80                init_timer1
                0x9d001f1c                timer1
 .text          0x9d002094      0x19c build/default/production/spi.o
                0x9d002094                spi_init
 .text          0x9d002230      0x17c build/default/production/run_config.o
                0x9d002230                press_menu
                0x9d00234c                run_config
 .text          0x9d0023ac      0x170 build/default/production/main.o
                0x9d0023ac                init_interrupt
                0x9d0023e4                init_global
                0x9d00240c                main
 .text          0x9d00251c      0x168 c:/program files (x86)/microchip/xc32/v1.34/bin/bin/../../lib/gcc/pic32mx/4.5.2/../../../../pic32mx/lib\libpic32.a(memcpy.o)
                0x9d00251c                memcpy

.dinit          0x9d002684      0x110
 .dinit         0x9d002684      0x110 data_init

.text.general_exception
                0x9d002794       0xdc
 .text.general_exception
                0x9d002794       0xdc c:/program files (x86)/microchip/xc32/v1.34/bin/bin/../../lib/gcc/pic32mx/4.5.2/../../../../pic32mx/lib\libpic32.a(general-exception.o)
                0x9d002794                _general_exception_context

.text           0x9d002870      0x14c
 .text          0x9d002870       0xc8 build/default/production/audio.o
                0x9d002870                audio_init
                0x9d0028b0                audio_play
                0x9d002900                audio_stop
 .text          0x9d002938       0x84 build/default/production/run_learn.o
                0x9d002938                press_learn
                0x9d00295c                run_learn

.rodata         0x9d0029bc       0x58
 .rodata        0x9d0029bc       0x58 build/default/production/run_config.o

.text.main_entry
                0x9d002a14       0x4c
 .text.main_entry
                0x9d002a14       0x4c c:/program files (x86)/microchip/xc32/v1.34/bin/bin/../../lib/gcc/pic32mx/4.5.2/../../../../pic32mx/lib/./proc/32MX340F512H/crt0_mips32r2.o
                0x9d002a40                __crt0_exit

.text._bootstrap_exception_handler
                0x9d002a60       0x48
 .text._bootstrap_exception_handler
                0x9d002a60       0x48 c:/program files (x86)/microchip/xc32/v1.34/bin/bin/../../lib/gcc/pic32mx/4.5.2/../../../../pic32mx/lib\libpic32.a(default-bootstrap-exception-handler.o)
                0x9d002a60                _bootstrap_exception_handler

.text._general_exception_handler
                0x9d002aa8       0x48
 .text._general_exception_handler
                0x9d002aa8       0x48 c:/program files (x86)/microchip/xc32/v1.34/bin/bin/../../lib/gcc/pic32mx/4.5.2/../../../../pic32mx/lib\libpic32.a(default-general-exception-handler.o)
                0x9d002aa8                _general_exception_handler

.text           0x9d002af0       0x44
 .text          0x9d002af0       0x44 c:/program files (x86)/microchip/xc32/v1.34/bin/bin/../../lib/gcc/pic32mx/4.5.2/../../../../pic32mx/lib\pic32_software_reset.o
                0x9d002af0                __pic32_software_reset

.vector_default
                0x9d002b34       0x38
 .vector_default
                0x9d002b34       0x38 c:/program files (x86)/microchip/xc32/v1.34/bin/bin/../../lib/gcc/pic32mx/4.5.2/../../../../pic32mx/lib\libpic32.a(defaultinterrupt.o)
                0x9d002b34                _DefaultInterrupt

.rodata         0x9d002b6c       0x28
 .rodata        0x9d002b6c       0x28 build/default/production/run_learn.o

.text           0x9d002b94       0x18
 .text          0x9d002b94       0x18 c:/program files (x86)/microchip/xc32/v1.34/bin/bin/../../lib/gcc/pic32mx/4.5.2/../../../../pic32mx/lib\libpic32.a(default-nmi-handler.o)
                0x9d002b94                _nmi_handler

.rodata         0x9d002bac       0x10
 .rodata        0x9d002bac       0x10 build/default/production/lcd.o

.text._on_reset
                0x9d002bbc        0x8
 .text._on_reset
                0x9d002bbc        0x8 c:/program files (x86)/microchip/xc32/v1.34/bin/bin/../../lib/gcc/pic32mx/4.5.2/../../../../pic32mx/lib\libpic32.a(default-on-reset.o)
                0x9d002bbc                _on_reset

.text._on_bootstrap
                0x9d002bc4        0x8
 .text._on_bootstrap
                0x9d002bc4        0x8 c:/program files (x86)/microchip/xc32/v1.34/bin/bin/../../lib/gcc/pic32mx/4.5.2/../../../../pic32mx/lib\libpic32.a(default-on-bootstrap.o)
                0x9d002bc4                _on_bootstrap

.text%z135      0x00000000        0x0
 .text          0x00000000        0x0 c:/program files (x86)/microchip/xc32/v1.34/bin/bin/../../lib/gcc/pic32mx/4.5.2/../../../../pic32mx/lib\libpic32.a(defaultinterrupt.o)

.text%z136      0x00000000        0x0
 .text          0x00000000        0x0 c:/program files (x86)/microchip/xc32/v1.34/bin/bin/../../lib/gcc/pic32mx/4.5.2/../../../../pic32mx/lib\libpic32.a(default-general-exception-handler.o)

.text%z137      0x00000000        0x0
 .text          0x00000000        0x0 c:/program files (x86)/microchip/xc32/v1.34/bin/bin/../../lib/gcc/pic32mx/4.5.2/../../../../pic32mx/lib\libpic32.a(vector44.o)

.text%z138      0x00000000        0x0
 .text          0x00000000        0x0 c:/program files (x86)/microchip/xc32/v1.34/bin/bin/../../lib/gcc/pic32mx/4.5.2/../../../../pic32mx/lib\libpic32.a(vector43.o)

.text%z139      0x00000000        0x0
 .text          0x00000000        0x0 c:/program files (x86)/microchip/xc32/v1.34/bin/bin/../../lib/gcc/pic32mx/4.5.2/../../../../pic32mx/lib\libpic32.a(vector42.o)

.text%z140      0x00000000        0x0
 .text          0x00000000        0x0 c:/program files (x86)/microchip/xc32/v1.34/bin/bin/../../lib/gcc/pic32mx/4.5.2/../../../../pic32mx/lib\libpic32.a(vector41.o)

.text%z141      0x00000000        0x0
 .text          0x00000000        0x0 c:/program files (x86)/microchip/xc32/v1.34/bin/bin/../../lib/gcc/pic32mx/4.5.2/../../../../pic32mx/lib\libpic32.a(vector40.o)

.text%z142      0x00000000        0x0
 .text          0x00000000        0x0 c:/program files (x86)/microchip/xc32/v1.34/bin/bin/../../lib/gcc/pic32mx/4.5.2/../../../../pic32mx/lib\libpic32.a(vector39.o)

.text%z143      0x00000000        0x0